Java HotSpot(TM) 64-Bit Server VM (25.112-b15) for windows-amd64 JRE (1.8.0_112-b15), built on Sep 22 2016 21:31:56 by "java_re" with MS VC++ 10.0 (VS2010)
Memory: 4k page, physical 4074560k(1353608k free), swap 5647424k(2308884k free)
CommandLine flags: -XX:CMSInitiatingOccupancyFraction=50 -XX:CMSMaxAbortablePrecleanTime=6000 -XX:+CMSParallelRemarkEnabled -XX:+CMSScavengeBeforeRemark -XX:ConcGCThreads=4 -XX:GCLogFileSize=20971520 -XX:InitialHeapSize=536870912 -XX:MaxHeapSize=536870912 -XX:MaxTenuringThreshold=8 -XX:NewRatio=3 -XX:NumberOfGCLogFiles=9 -XX:OldPLABSize=16 -XX:-OmitStackTraceInFastThrow -XX:ParallelGCThreads=4 -XX:+ParallelRefProcEnabled -XX:PretenureSizeThreshold=67108864 -XX:+PrintGC -XX:+PrintGCApplicationStoppedTime -XX:+PrintGCDateStamps -XX:+PrintGCDetails -XX:+PrintGCTimeStamps -XX:+PrintHeapAtGC -XX:+PrintTenuringDistribution -XX:SurvivorRatio=4 -XX:TargetSurvivorRatio=90 -XX:ThreadStackSize=256 -XX:+UseCMSInitiatingOccupancyOnly -XX:+UseCompressedClassPointers -XX:+UseCompressedOops -XX:+UseConcMarkSweepGC -XX:+UseGCLogFileRotation -XX:-UseLargePagesIndividualAllocation -XX:+UseParNewGC 
2017-06-06T10:29:19.395+0700: 0.395: Total time for which application threads were stopped: 0.0001286 seconds, Stopping threads took: 0.0000184 seconds
2017-06-06T10:29:19.674+0700: 0.673: Total time for which application threads were stopped: 0.0001275 seconds, Stopping threads took: 0.0000189 seconds
2017-06-06T10:29:20.674+0700: 1.674: Total time for which application threads were stopped: 0.0001037 seconds, Stopping threads took: 0.0000405 seconds
2017-06-06T10:29:21.631+0700: 2.631: Total time for which application threads were stopped: 0.0001799 seconds, Stopping threads took: 0.0000184 seconds
2017-06-06T10:29:21.925+0700: 2.925: Total time for which application threads were stopped: 0.0003128 seconds, Stopping threads took: 0.0000816 seconds
2017-06-06T10:29:22.539+0700: 3.538: Total time for which application threads were stopped: 0.0002377 seconds, Stopping threads took: 0.0000248 seconds
2017-06-06T10:29:22.606+0700: 3.605: Total time for which application threads were stopped: 0.0002922 seconds, Stopping threads took: 0.0000400 seconds
2017-06-06T10:29:23.150+0700: 4.150: Total time for which application threads were stopped: 0.0002085 seconds, Stopping threads took: 0.0000286 seconds
2017-06-06T10:29:23.242+0700: 4.242: Total time for which application threads were stopped: 0.0002496 seconds, Stopping threads took: 0.0000205 seconds
2017-06-06T10:29:23.480+0700: 4.480: Total time for which application threads were stopped: 0.0002604 seconds, Stopping threads took: 0.0000189 seconds
2017-06-06T10:29:23.481+0700: 4.481: Total time for which application threads were stopped: 0.0001653 seconds, Stopping threads took: 0.0000146 seconds
2017-06-06T10:29:23.485+0700: 4.485: Total time for which application threads were stopped: 0.0002328 seconds, Stopping threads took: 0.0000184 seconds
2017-06-06T10:29:23.552+0700: 4.552: Total time for which application threads were stopped: 0.0001329 seconds, Stopping threads took: 0.0000211 seconds
2017-06-06T10:29:23.706+0700: 4.705: Total time for which application threads were stopped: 0.0002895 seconds, Stopping threads took: 0.0000243 seconds
{Heap before GC invocations=0 (full 0):
 par new generation   total 109248K, used 87424K [0x00000000e0000000, 0x00000000e8000000, 0x00000000e8000000)
  eden space 87424K, 100% used [0x00000000e0000000, 0x00000000e5560000, 0x00000000e5560000)
  from space 21824K,   0% used [0x00000000e5560000, 0x00000000e5560000, 0x00000000e6ab0000)
  to   space 21824K,   0% used [0x00000000e6ab0000, 0x00000000e6ab0000, 0x00000000e8000000)
 concurrent mark-sweep generation total 393216K, used 0K [0x00000000e8000000, 0x0000000100000000, 0x0000000100000000)
 Metaspace       used 17981K, capacity 18376K, committed 18688K, reserved 1064960K
  class space    used 2145K, capacity 2266K, committed 2304K, reserved 1048576K
2017-06-06T10:29:23.914+0700: 4.913: [GC (Allocation Failure) 2017-06-06T10:29:23.914+0700: 4.913: [ParNew
Desired survivor size 20112992 bytes, new threshold 8 (max 8)
- age   1:   10849088 bytes,   10849088 total
: 87424K->10705K(109248K), 0.0148219 secs] 87424K->10705K(502464K), 0.0329773 secs] [Times: user=0.03 sys=0.03, real=0.03 secs] 
Heap after GC invocations=1 (full 0):
 par new generation   total 109248K, used 10705K [0x00000000e0000000, 0x00000000e8000000, 0x00000000e8000000)
  eden space 87424K,   0% used [0x00000000e0000000, 0x00000000e0000000, 0x00000000e5560000)
  from space 21824K,  49% used [0x00000000e6ab0000, 0x00000000e7524740, 0x00000000e8000000)
  to   space 21824K,   0% used [0x00000000e5560000, 0x00000000e5560000, 0x00000000e6ab0000)
 concurrent mark-sweep generation total 393216K, used 0K [0x00000000e8000000, 0x0000000100000000, 0x0000000100000000)
 Metaspace       used 17981K, capacity 18376K, committed 18688K, reserved 1064960K
  class space    used 2145K, capacity 2266K, committed 2304K, reserved 1048576K
}
2017-06-06T10:29:23.947+0700: 4.946: Total time for which application threads were stopped: 0.0332463 seconds, Stopping threads took: 0.0000178 seconds
2017-06-06T10:29:23.949+0700: 4.948: Total time for which application threads were stopped: 0.0001248 seconds, Stopping threads took: 0.0000432 seconds
2017-06-06T10:29:23.949+0700: 4.949: Total time for which application threads were stopped: 0.0000951 seconds, Stopping threads took: 0.0000335 seconds
2017-06-06T10:29:23.952+0700: 4.952: Total time for which application threads were stopped: 0.0000935 seconds, Stopping threads took: 0.0000205 seconds
2017-06-06T10:29:23.952+0700: 4.952: Total time for which application threads were stopped: 0.0000999 seconds, Stopping threads took: 0.0000216 seconds
2017-06-06T10:29:23.953+0700: 4.952: Total time for which application threads were stopped: 0.0001021 seconds, Stopping threads took: 0.0000200 seconds
2017-06-06T10:29:23.953+0700: 4.952: Total time for which application threads were stopped: 0.0000627 seconds, Stopping threads took: 0.0000151 seconds
2017-06-06T10:29:23.969+0700: 4.969: Total time for which application threads were stopped: 0.0001140 seconds, Stopping threads took: 0.0000216 seconds
2017-06-06T10:29:23.970+0700: 4.969: Total time for which application threads were stopped: 0.0000908 seconds, Stopping threads took: 0.0000173 seconds
2017-06-06T10:29:23.971+0700: 4.970: Total time for which application threads were stopped: 0.0000659 seconds, Stopping threads took: 0.0000130 seconds
2017-06-06T10:29:23.984+0700: 4.984: Total time for which application threads were stopped: 0.0001026 seconds, Stopping threads took: 0.0000216 seconds
2017-06-06T10:29:24.069+0700: 5.069: Total time for which application threads were stopped: 0.0001242 seconds, Stopping threads took: 0.0000211 seconds
2017-06-06T10:29:24.075+0700: 5.075: Total time for which application threads were stopped: 0.0001037 seconds, Stopping threads took: 0.0000211 seconds
2017-06-06T10:29:24.075+0700: 5.075: Total time for which application threads were stopped: 0.0000675 seconds, Stopping threads took: 0.0000130 seconds
2017-06-06T10:29:24.247+0700: 5.246: Total time for which application threads were stopped: 0.0000994 seconds, Stopping threads took: 0.0000211 seconds
2017-06-06T10:29:24.247+0700: 5.247: Total time for which application threads were stopped: 0.0000789 seconds, Stopping threads took: 0.0000211 seconds
2017-06-06T10:29:24.247+0700: 5.247: Total time for which application threads were stopped: 0.0000686 seconds, Stopping threads took: 0.0000173 seconds
2017-06-06T10:29:24.256+0700: 5.256: Total time for which application threads were stopped: 0.0001005 seconds, Stopping threads took: 0.0000221 seconds
2017-06-06T10:29:24.259+0700: 5.259: Total time for which application threads were stopped: 0.0000891 seconds, Stopping threads took: 0.0000178 seconds
2017-06-06T10:29:24.263+0700: 5.263: Total time for which application threads were stopped: 0.0001480 seconds, Stopping threads took: 0.0000783 seconds
2017-06-06T10:29:24.263+0700: 5.263: Total time for which application threads were stopped: 0.0000670 seconds, Stopping threads took: 0.0000135 seconds
2017-06-06T10:29:24.267+0700: 5.266: Total time for which application threads were stopped: 0.0000816 seconds, Stopping threads took: 0.0000162 seconds
2017-06-06T10:29:24.290+0700: 5.289: Total time for which application threads were stopped: 0.0001021 seconds, Stopping threads took: 0.0000189 seconds
2017-06-06T10:29:24.291+0700: 5.290: Total time for which application threads were stopped: 0.0001037 seconds, Stopping threads took: 0.0000173 seconds
2017-06-06T10:29:24.416+0700: 5.416: Total time for which application threads were stopped: 0.0000794 seconds, Stopping threads took: 0.0000211 seconds
2017-06-06T10:29:24.417+0700: 5.417: Total time for which application threads were stopped: 0.0000535 seconds, Stopping threads took: 0.0000135 seconds
2017-06-06T10:29:24.422+0700: 5.422: Total time for which application threads were stopped: 0.0000821 seconds, Stopping threads took: 0.0000194 seconds
2017-06-06T10:29:24.455+0700: 5.455: Total time for which application threads were stopped: 0.0000745 seconds, Stopping threads took: 0.0000205 seconds
2017-06-06T10:29:24.499+0700: 5.499: Total time for which application threads were stopped: 0.0000810 seconds, Stopping threads took: 0.0000270 seconds
2017-06-06T10:29:24.502+0700: 5.502: Total time for which application threads were stopped: 0.0000891 seconds, Stopping threads took: 0.0000216 seconds
2017-06-06T10:29:24.506+0700: 5.506: Total time for which application threads were stopped: 0.0000810 seconds, Stopping threads took: 0.0000238 seconds
2017-06-06T10:29:24.506+0700: 5.506: Total time for which application threads were stopped: 0.0000610 seconds, Stopping threads took: 0.0000157 seconds
2017-06-06T10:29:24.515+0700: 5.515: Total time for which application threads were stopped: 0.0001134 seconds, Stopping threads took: 0.0000200 seconds
2017-06-06T10:29:24.556+0700: 5.556: Total time for which application threads were stopped: 0.0000994 seconds, Stopping threads took: 0.0000205 seconds
2017-06-06T10:29:24.557+0700: 5.556: Total time for which application threads were stopped: 0.0000691 seconds, Stopping threads took: 0.0000189 seconds
2017-06-06T10:29:24.557+0700: 5.557: Total time for which application threads were stopped: 0.0000524 seconds, Stopping threads took: 0.0000119 seconds
2017-06-06T10:29:24.558+0700: 5.558: Total time for which application threads were stopped: 0.0001604 seconds, Stopping threads took: 0.0000983 seconds
2017-06-06T10:29:24.558+0700: 5.558: Total time for which application threads were stopped: 0.0001102 seconds, Stopping threads took: 0.0000578 seconds
2017-06-06T10:29:24.558+0700: 5.558: Total time for which application threads were stopped: 0.0001561 seconds, Stopping threads took: 0.0000983 seconds
2017-06-06T10:29:24.559+0700: 5.558: Total time for which application threads were stopped: 0.0000681 seconds, Stopping threads took: 0.0000140 seconds
2017-06-06T10:29:24.561+0700: 5.561: Total time for which application threads were stopped: 0.0001923 seconds, Stopping threads took: 0.0000162 seconds
2017-06-06T10:29:24.581+0700: 5.580: Total time for which application threads were stopped: 0.0000870 seconds, Stopping threads took: 0.0000265 seconds
2017-06-06T10:29:24.582+0700: 5.582: Total time for which application threads were stopped: 0.0001340 seconds, Stopping threads took: 0.0000254 seconds
2017-06-06T10:29:25.583+0700: 6.582: Total time for which application threads were stopped: 0.0001210 seconds, Stopping threads took: 0.0000346 seconds
2017-06-06T10:29:26.060+0700: 7.060: Total time for which application threads were stopped: 0.0000837 seconds, Stopping threads took: 0.0000221 seconds
2017-06-06T10:29:26.097+0700: 7.097: Total time for which application threads were stopped: 0.0000875 seconds, Stopping threads took: 0.0000205 seconds
2017-06-06T10:29:26.098+0700: 7.098: Total time for which application threads were stopped: 0.0000529 seconds, Stopping threads took: 0.0000135 seconds
2017-06-06T10:29:26.099+0700: 7.099: Total time for which application threads were stopped: 0.0000535 seconds, Stopping threads took: 0.0000140 seconds
2017-06-06T10:29:26.099+0700: 7.099: Total time for which application threads were stopped: 0.0000513 seconds, Stopping threads took: 0.0000135 seconds
2017-06-06T10:29:26.100+0700: 7.100: Total time for which application threads were stopped: 0.0000535 seconds, Stopping threads took: 0.0000130 seconds
2017-06-06T10:29:26.100+0700: 7.100: Total time for which application threads were stopped: 0.0000524 seconds, Stopping threads took: 0.0000130 seconds
2017-06-06T10:29:26.100+0700: 7.100: Total time for which application threads were stopped: 0.0000502 seconds, Stopping threads took: 0.0000124 seconds
2017-06-06T10:29:26.100+0700: 7.100: Total time for which application threads were stopped: 0.0000502 seconds, Stopping threads took: 0.0000130 seconds
2017-06-06T10:29:26.101+0700: 7.101: Total time for which application threads were stopped: 0.0000486 seconds, Stopping threads took: 0.0000146 seconds
2017-06-06T10:29:26.101+0700: 7.101: Total time for which application threads were stopped: 0.0001059 seconds, Stopping threads took: 0.0000551 seconds
2017-06-06T10:29:26.101+0700: 7.101: Total time for which application threads were stopped: 0.0000551 seconds, Stopping threads took: 0.0000167 seconds
2017-06-06T10:29:26.101+0700: 7.101: Total time for which application threads were stopped: 0.0000605 seconds, Stopping threads took: 0.0000167 seconds
2017-06-06T10:29:26.102+0700: 7.102: Total time for which application threads were stopped: 0.0000967 seconds, Stopping threads took: 0.0000432 seconds
2017-06-06T10:29:26.102+0700: 7.102: Total time for which application threads were stopped: 0.0000870 seconds, Stopping threads took: 0.0000357 seconds
2017-06-06T10:29:26.107+0700: 7.107: Total time for which application threads were stopped: 0.0001837 seconds, Stopping threads took: 0.0001070 seconds
2017-06-06T10:29:26.109+0700: 7.109: Total time for which application threads were stopped: 0.0000697 seconds, Stopping threads took: 0.0000167 seconds
2017-06-06T10:29:26.111+0700: 7.111: Total time for which application threads were stopped: 0.0000675 seconds, Stopping threads took: 0.0000140 seconds
2017-06-06T10:29:26.111+0700: 7.111: Total time for which application threads were stopped: 0.0000616 seconds, Stopping threads took: 0.0000151 seconds
2017-06-06T10:29:26.114+0700: 7.114: Total time for which application threads were stopped: 0.0000605 seconds, Stopping threads took: 0.0000162 seconds
2017-06-06T10:29:26.114+0700: 7.114: Total time for which application threads were stopped: 0.0000513 seconds, Stopping threads took: 0.0000130 seconds
2017-06-06T10:29:26.114+0700: 7.114: Total time for which application threads were stopped: 0.0000508 seconds, Stopping threads took: 0.0000124 seconds
2017-06-06T10:29:26.115+0700: 7.115: Total time for which application threads were stopped: 0.0000578 seconds, Stopping threads took: 0.0000140 seconds
2017-06-06T10:29:26.116+0700: 7.116: Total time for which application threads were stopped: 0.0000519 seconds, Stopping threads took: 0.0000135 seconds
2017-06-06T10:29:26.116+0700: 7.116: Total time for which application threads were stopped: 0.0000502 seconds, Stopping threads took: 0.0000124 seconds
2017-06-06T10:29:26.117+0700: 7.117: Total time for which application threads were stopped: 0.0000567 seconds, Stopping threads took: 0.0000135 seconds
2017-06-06T10:29:26.134+0700: 7.134: Total time for which application threads were stopped: 0.0000870 seconds, Stopping threads took: 0.0000216 seconds
2017-06-06T10:29:26.142+0700: 7.142: Total time for which application threads were stopped: 0.0001005 seconds, Stopping threads took: 0.0000475 seconds
2017-06-06T10:29:26.164+0700: 7.164: Total time for which application threads were stopped: 0.0000848 seconds, Stopping threads took: 0.0000216 seconds
2017-06-06T10:29:26.247+0700: 7.248: Total time for which application threads were stopped: 0.0001950 seconds, Stopping threads took: 0.0000254 seconds
2017-06-06T10:29:26.279+0700: 7.279: Total time for which application threads were stopped: 0.0000767 seconds, Stopping threads took: 0.0000200 seconds
2017-06-06T10:29:26.329+0700: 7.329: Total time for which application threads were stopped: 0.0000848 seconds, Stopping threads took: 0.0000221 seconds
2017-06-06T10:29:26.358+0700: 7.358: Total time for which application threads were stopped: 0.0002361 seconds, Stopping threads took: 0.0000248 seconds
2017-06-06T10:29:26.457+0700: 7.456: Total time for which application threads were stopped: 0.0001010 seconds, Stopping threads took: 0.0000227 seconds
2017-06-06T10:29:26.463+0700: 7.463: Total time for which application threads were stopped: 0.0001048 seconds, Stopping threads took: 0.0000281 seconds
2017-06-06T10:29:26.478+0700: 7.477: Total time for which application threads were stopped: 0.0000902 seconds, Stopping threads took: 0.0000211 seconds
2017-06-06T10:29:26.498+0700: 7.498: Total time for which application threads were stopped: 0.0000816 seconds, Stopping threads took: 0.0000259 seconds
2017-06-06T10:29:26.514+0700: 7.513: Total time for which application threads were stopped: 0.0000783 seconds, Stopping threads took: 0.0000221 seconds
2017-06-06T10:29:26.565+0700: 7.565: Total time for which application threads were stopped: 0.0001313 seconds, Stopping threads took: 0.0000313 seconds
2017-06-06T10:29:26.781+0700: 7.780: Total time for which application threads were stopped: 0.0001188 seconds, Stopping threads took: 0.0000227 seconds
2017-06-06T10:29:26.787+0700: 7.786: Total time for which application threads were stopped: 0.0000929 seconds, Stopping threads took: 0.0000216 seconds
2017-06-06T10:29:26.787+0700: 7.787: Total time for which application threads were stopped: 0.0000605 seconds, Stopping threads took: 0.0000135 seconds
2017-06-06T10:29:26.788+0700: 7.787: Total time for which application threads were stopped: 0.0000659 seconds, Stopping threads took: 0.0000135 seconds
2017-06-06T10:29:26.788+0700: 7.788: Total time for which application threads were stopped: 0.0000589 seconds, Stopping threads took: 0.0000130 seconds
2017-06-06T10:29:26.789+0700: 7.788: Total time for which application threads were stopped: 0.0000573 seconds, Stopping threads took: 0.0000140 seconds
2017-06-06T10:29:26.790+0700: 7.790: Total time for which application threads were stopped: 0.0001999 seconds, Stopping threads took: 0.0000194 seconds
2017-06-06T10:29:26.825+0700: 7.824: Total time for which application threads were stopped: 0.0000972 seconds, Stopping threads took: 0.0000281 seconds
2017-06-06T10:29:26.837+0700: 7.837: Total time for which application threads were stopped: 0.0000848 seconds, Stopping threads took: 0.0000221 seconds
2017-06-06T10:29:26.837+0700: 7.837: Total time for which application threads were stopped: 0.0000427 seconds, Stopping threads took: 0.0000108 seconds
2017-06-06T10:29:26.838+0700: 7.837: Total time for which application threads were stopped: 0.0000794 seconds, Stopping threads took: 0.0000351 seconds
2017-06-06T10:29:26.838+0700: 7.837: Total time for which application threads were stopped: 0.0001518 seconds, Stopping threads took: 0.0000951 seconds
2017-06-06T10:29:26.853+0700: 7.853: Total time for which application threads were stopped: 0.0000945 seconds, Stopping threads took: 0.0000227 seconds
2017-06-06T10:29:26.876+0700: 7.875: Total time for which application threads were stopped: 0.0001226 seconds, Stopping threads took: 0.0000421 seconds
2017-06-06T10:29:26.877+0700: 7.876: Total time for which application threads were stopped: 0.0001253 seconds, Stopping threads took: 0.0000519 seconds
2017-06-06T10:29:26.877+0700: 7.877: Total time for which application threads were stopped: 0.0002301 seconds, Stopping threads took: 0.0001545 seconds
2017-06-06T10:29:26.879+0700: 7.878: Total time for which application threads were stopped: 0.0001151 seconds, Stopping threads took: 0.0000324 seconds
2017-06-06T10:29:26.879+0700: 7.879: Total time for which application threads were stopped: 0.0001550 seconds, Stopping threads took: 0.0000967 seconds
2017-06-06T10:29:26.880+0700: 7.879: Total time for which application threads were stopped: 0.0000994 seconds, Stopping threads took: 0.0000265 seconds
2017-06-06T10:29:26.880+0700: 7.880: Total time for which application threads were stopped: 0.0000951 seconds, Stopping threads took: 0.0000357 seconds
2017-06-06T10:29:26.880+0700: 7.880: Total time for which application threads were stopped: 0.0001766 seconds, Stopping threads took: 0.0000502 seconds
2017-06-06T10:29:26.881+0700: 7.880: Total time for which application threads were stopped: 0.0002993 seconds, Stopping threads took: 0.0001080 seconds
2017-06-06T10:29:26.902+0700: 7.901: Total time for which application threads were stopped: 0.0002858 seconds, Stopping threads took: 0.0001502 seconds
2017-06-06T10:29:26.903+0700: 7.902: Total time for which application threads were stopped: 0.0001151 seconds, Stopping threads took: 0.0000319 seconds
2017-06-06T10:29:26.906+0700: 7.906: Total time for which application threads were stopped: 0.0001275 seconds, Stopping threads took: 0.0000243 seconds
2017-06-06T10:29:27.107+0700: 8.106: Total time for which application threads were stopped: 0.0002841 seconds, Stopping threads took: 0.0001685 seconds
2017-06-06T10:29:27.148+0700: 8.148: Total time for which application threads were stopped: 0.0003160 seconds, Stopping threads took: 0.0000275 seconds
2017-06-06T10:29:27.161+0700: 8.161: Total time for which application threads were stopped: 0.0001075 seconds, Stopping threads took: 0.0000400 seconds
2017-06-06T10:29:27.231+0700: 8.231: Total time for which application threads were stopped: 0.0001151 seconds, Stopping threads took: 0.0000351 seconds
2017-06-06T10:29:27.278+0700: 8.278: Total time for which application threads were stopped: 0.0001853 seconds, Stopping threads took: 0.0000481 seconds
2017-06-06T10:29:27.279+0700: 8.279: Total time for which application threads were stopped: 0.0001091 seconds, Stopping threads took: 0.0000254 seconds
2017-06-06T10:29:27.285+0700: 8.284: Total time for which application threads were stopped: 0.0001086 seconds, Stopping threads took: 0.0000248 seconds
2017-06-06T10:29:27.321+0700: 8.321: Total time for which application threads were stopped: 0.0001280 seconds, Stopping threads took: 0.0000459 seconds
2017-06-06T10:29:27.322+0700: 8.321: Total time for which application threads were stopped: 0.0000870 seconds, Stopping threads took: 0.0000394 seconds
2017-06-06T10:29:27.947+0700: 8.946: [GC (CMS Initial Mark) [1 CMS-initial-mark: 0K(393216K)] 56190K(502464K), 0.0083379 secs] [Times: user=0.00 sys=0.00, real=0.01 secs] 
2017-06-06T10:29:27.955+0700: 8.954: Total time for which application threads were stopped: 0.0084886 seconds, Stopping threads took: 0.0000265 seconds
2017-06-06T10:29:27.955+0700: 8.954: [CMS-concurrent-mark-start]
2017-06-06T10:29:27.955+0700: 8.955: [CMS-concurrent-mark: 0.000/0.000 secs] [Times: user=0.00 sys=0.00, real=0.00 secs] 
2017-06-06T10:29:27.955+0700: 8.955: [CMS-concurrent-preclean-start]
2017-06-06T10:29:27.957+0700: 8.956: [CMS-concurrent-preclean: 0.001/0.001 secs] [Times: user=0.00 sys=0.00, real=0.00 secs] 
2017-06-06T10:29:27.957+0700: 8.956: [CMS-concurrent-abortable-preclean-start]
2017-06-06T10:29:28.118+0700: 9.118: Total time for which application threads were stopped: 0.0000918 seconds, Stopping threads took: 0.0000259 seconds
2017-06-06T10:29:28.119+0700: 9.118: Total time for which application threads were stopped: 0.0000891 seconds, Stopping threads took: 0.0000211 seconds
2017-06-06T10:29:28.120+0700: 9.119: Total time for which application threads were stopped: 0.0002188 seconds, Stopping threads took: 0.0001113 seconds
2017-06-06T10:29:28.120+0700: 9.119: Total time for which application threads were stopped: 0.0001183 seconds, Stopping threads took: 0.0000351 seconds
2017-06-06T10:29:28.120+0700: 9.120: Total time for which application threads were stopped: 0.0001107 seconds, Stopping threads took: 0.0000303 seconds
2017-06-06T10:29:28.120+0700: 9.120: Total time for which application threads were stopped: 0.0001070 seconds, Stopping threads took: 0.0000270 seconds
2017-06-06T10:29:28.126+0700: 9.125: Total time for which application threads were stopped: 0.0001183 seconds, Stopping threads took: 0.0000335 seconds
2017-06-06T10:29:28.147+0700: 9.147: Total time for which application threads were stopped: 0.0004241 seconds, Stopping threads took: 0.0003392 seconds
2017-06-06T10:29:28.157+0700: 9.157: Total time for which application threads were stopped: 0.0003749 seconds, Stopping threads took: 0.0000286 seconds
2017-06-06T10:29:28.200+0700: 9.200: Total time for which application threads were stopped: 0.0000935 seconds, Stopping threads took: 0.0000243 seconds
2017-06-06T10:29:28.207+0700: 9.207: Total time for which application threads were stopped: 0.0000983 seconds, Stopping threads took: 0.0000243 seconds
2017-06-06T10:29:28.218+0700: 9.218: Total time for which application threads were stopped: 0.0000897 seconds, Stopping threads took: 0.0000243 seconds
2017-06-06T10:29:28.242+0700: 9.242: Total time for which application threads were stopped: 0.0001016 seconds, Stopping threads took: 0.0000243 seconds
2017-06-06T10:29:28.246+0700: 9.245: Total time for which application threads were stopped: 0.0000875 seconds, Stopping threads took: 0.0000292 seconds
2017-06-06T10:29:28.253+0700: 9.252: Total time for which application threads were stopped: 0.0001264 seconds, Stopping threads took: 0.0000297 seconds
2017-06-06T10:29:28.253+0700: 9.252: Total time for which application threads were stopped: 0.0001064 seconds, Stopping threads took: 0.0000378 seconds
2017-06-06T10:29:28.253+0700: 9.253: Total time for which application threads were stopped: 0.0000956 seconds, Stopping threads took: 0.0000297 seconds
2017-06-06T10:29:28.253+0700: 9.253: Total time for which application threads were stopped: 0.0000794 seconds, Stopping threads took: 0.0000259 seconds
2017-06-06T10:29:28.253+0700: 9.253: Total time for which application threads were stopped: 0.0000524 seconds, Stopping threads took: 0.0000130 seconds
2017-06-06T10:29:28.255+0700: 9.254: Total time for which application threads were stopped: 0.0001097 seconds, Stopping threads took: 0.0000297 seconds
2017-06-06T10:29:28.255+0700: 9.255: Total time for which application threads were stopped: 0.0001151 seconds, Stopping threads took: 0.0000567 seconds
2017-06-06T10:29:28.255+0700: 9.255: Total time for which application threads were stopped: 0.0000886 seconds, Stopping threads took: 0.0000367 seconds
2017-06-06T10:29:28.256+0700: 9.255: Total time for which application threads were stopped: 0.0000740 seconds, Stopping threads took: 0.0000275 seconds
2017-06-06T10:29:28.256+0700: 9.255: Total time for which application threads were stopped: 0.0000605 seconds, Stopping threads took: 0.0000243 seconds
2017-06-06T10:29:28.256+0700: 9.255: Total time for which application threads were stopped: 0.0000567 seconds, Stopping threads took: 0.0000221 seconds
2017-06-06T10:29:28.256+0700: 9.255: Total time for which application threads were stopped: 0.0000745 seconds, Stopping threads took: 0.0000389 seconds
2017-06-06T10:29:28.256+0700: 9.256: Total time for which application threads were stopped: 0.0000908 seconds, Stopping threads took: 0.0000459 seconds
2017-06-06T10:29:28.829+0700: 9.829: Total time for which application threads were stopped: 0.0001010 seconds, Stopping threads took: 0.0000286 seconds
2017-06-06T10:29:28.829+0700: 9.829: Total time for which application threads were stopped: 0.0000794 seconds, Stopping threads took: 0.0000189 seconds
2017-06-06T10:29:28.830+0700: 9.829: Total time for which application threads were stopped: 0.0001259 seconds, Stopping threads took: 0.0000421 seconds
2017-06-06T10:29:28.830+0700: 9.830: Total time for which application threads were stopped: 0.0000718 seconds, Stopping threads took: 0.0000281 seconds
2017-06-06T10:29:28.830+0700: 9.830: Total time for which application threads were stopped: 0.0000745 seconds, Stopping threads took: 0.0000303 seconds
2017-06-06T10:29:28.830+0700: 9.830: Total time for which application threads were stopped: 0.0000697 seconds, Stopping threads took: 0.0000238 seconds
2017-06-06T10:29:28.830+0700: 9.830: Total time for which application threads were stopped: 0.0000713 seconds, Stopping threads took: 0.0000265 seconds
2017-06-06T10:29:28.830+0700: 9.830: Total time for which application threads were stopped: 0.0000546 seconds, Stopping threads took: 0.0000130 seconds
2017-06-06T10:29:28.848+0700: 9.848: Total time for which application threads were stopped: 0.0001140 seconds, Stopping threads took: 0.0000259 seconds
2017-06-06T10:29:28.849+0700: 9.848: Total time for which application threads were stopped: 0.0000708 seconds, Stopping threads took: 0.0000135 seconds
2017-06-06T10:29:28.849+0700: 9.849: Total time for which application threads were stopped: 0.0000621 seconds, Stopping threads took: 0.0000097 seconds
2017-06-06T10:29:28.849+0700: 9.849: Total time for which application threads were stopped: 0.0000735 seconds, Stopping threads took: 0.0000216 seconds
2017-06-06T10:29:28.849+0700: 9.849: Total time for which application threads were stopped: 0.0000735 seconds, Stopping threads took: 0.0000140 seconds
2017-06-06T10:29:28.850+0700: 9.850: Total time for which application threads were stopped: 0.0001702 seconds, Stopping threads took: 0.0000908 seconds
2017-06-06T10:29:28.850+0700: 9.850: Total time for which application threads were stopped: 0.0001702 seconds, Stopping threads took: 0.0000918 seconds
2017-06-06T10:29:28.850+0700: 9.850: Total time for which application threads were stopped: 0.0000675 seconds, Stopping threads took: 0.0000151 seconds
2017-06-06T10:29:28.850+0700: 9.850: Total time for which application threads were stopped: 0.0000648 seconds, Stopping threads took: 0.0000140 seconds
2017-06-06T10:29:28.851+0700: 9.851: Total time for which application threads were stopped: 0.0000686 seconds, Stopping threads took: 0.0000140 seconds
2017-06-06T10:29:28.851+0700: 9.851: Total time for which application threads were stopped: 0.0001691 seconds, Stopping threads took: 0.0000881 seconds
2017-06-06T10:29:28.851+0700: 9.851: Total time for which application threads were stopped: 0.0002226 seconds, Stopping threads took: 0.0000427 seconds
2017-06-06T10:29:28.852+0700: 9.852: Total time for which application threads were stopped: 0.0001064 seconds, Stopping threads took: 0.0000178 seconds
2017-06-06T10:29:28.852+0700: 9.852: Total time for which application threads were stopped: 0.0001826 seconds, Stopping threads took: 0.0000124 seconds
2017-06-06T10:29:29.797+0700: 10.797: Total time for which application threads were stopped: 0.0001437 seconds, Stopping threads took: 0.0000275 seconds
2017-06-06T10:29:29.910+0700: 10.910: Total time for which application threads were stopped: 0.0001648 seconds, Stopping threads took: 0.0000567 seconds
2017-06-06T10:29:30.911+0700: 11.910: Total time for which application threads were stopped: 0.0001134 seconds, Stopping threads took: 0.0000275 seconds
 CMS: abort preclean due to time 2017-06-06T10:29:34.007+0700: 15.007: [CMS-concurrent-abortable-preclean: 2.272/6.051 secs] [Times: user=2.59 sys=0.19, real=6.05 secs] 
2017-06-06T10:29:34.008+0700: 15.007: [GC (CMS Final Remark) [YG occupancy: 72627 K (109248 K)]{Heap before GC invocations=1 (full 1):
 par new generation   total 109248K, used 72627K [0x00000000e0000000, 0x00000000e8000000, 0x00000000e8000000)
  eden space 87424K,  70% used [0x00000000e0000000, 0x00000000e3c78520, 0x00000000e5560000)
  from space 21824K,  49% used [0x00000000e6ab0000, 0x00000000e7524740, 0x00000000e8000000)
  to   space 21824K,   0% used [0x00000000e5560000, 0x00000000e5560000, 0x00000000e6ab0000)
 concurrent mark-sweep generation total 393216K, used 0K [0x00000000e8000000, 0x0000000100000000, 0x0000000100000000)
 Metaspace       used 24299K, capacity 24890K, committed 24948K, reserved 1071104K
  class space    used 2954K, capacity 3169K, committed 3172K, reserved 1048576K
2017-06-06T10:29:34.008+0700: 15.007: [GC (CMS Final Remark) 2017-06-06T10:29:34.008+0700: 15.007: [ParNew
Desired survivor size 20112992 bytes, new threshold 8 (max 8)
- age   1:    5501720 bytes,    5501720 total
- age   2:    5309544 bytes,   10811264 total
: 72627K->13777K(109248K), 0.0152103 secs] 72627K->13777K(502464K), 0.0153307 secs] [Times: user=0.05 sys=0.00, real=0.02 secs] 
Heap after GC invocations=2 (full 1):
 par new generation   total 109248K, used 13777K [0x00000000e0000000, 0x00000000e8000000, 0x00000000e8000000)
  eden space 87424K,   0% used [0x00000000e0000000, 0x00000000e0000000, 0x00000000e5560000)
  from space 21824K,  63% used [0x00000000e5560000, 0x00000000e62d4540, 0x00000000e6ab0000)
  to   space 21824K,   0% used [0x00000000e6ab0000, 0x00000000e6ab0000, 0x00000000e8000000)
 concurrent mark-sweep generation total 393216K, used 0K [0x00000000e8000000, 0x0000000100000000, 0x0000000100000000)
 Metaspace       used 24299K, capacity 24890K, committed 24948K, reserved 1071104K
  class space    used 2954K, capacity 3169K, committed 3172K, reserved 1048576K
}
2017-06-06T10:29:34.023+0700: 15.023: [Rescan (parallel) , 0.0045792 secs]2017-06-06T10:29:34.028+0700: 15.027: [weak refs processing, 0.0004246 secs]2017-06-06T10:29:34.028+0700: 15.028: [class unloading, 0.0053528 secs]2017-06-06T10:29:34.034+0700: 15.033: [scrub symbol table, 0.0065104 secs]2017-06-06T10:29:34.040+0700: 15.040: [scrub string table, 0.0006677 secs][1 CMS-remark: 0K(393216K)] 13777K(502464K), 0.0343094 secs] [Times: user=0.06 sys=0.00, real=0.03 secs] 
2017-06-06T10:29:34.042+0700: 15.042: Total time for which application threads were stopped: 0.0345525 seconds, Stopping threads took: 0.0000400 seconds
2017-06-06T10:29:34.042+0700: 15.042: [CMS-concurrent-sweep-start]
2017-06-06T10:29:34.042+0700: 15.042: [CMS-concurrent-sweep: 0.000/0.000 secs] [Times: user=0.00 sys=0.00, real=0.00 secs] 
2017-06-06T10:29:34.042+0700: 15.042: [CMS-concurrent-reset-start]
2017-06-06T10:29:34.045+0700: 15.044: [CMS-concurrent-reset: 0.003/0.003 secs] [Times: user=0.00 sys=0.00, real=0.00 secs] 
2017-06-06T10:29:35.043+0700: 16.042: Total time for which application threads were stopped: 0.0001448 seconds, Stopping threads took: 0.0000400 seconds
2017-06-06T10:29:36.281+0700: 17.281: Total time for which application threads were stopped: 0.0001075 seconds, Stopping threads took: 0.0000297 seconds
2017-06-06T10:29:36.281+0700: 17.281: Total time for which application threads were stopped: 0.0000475 seconds, Stopping threads took: 0.0000113 seconds
2017-06-06T10:29:37.156+0700: 18.156: Total time for which application threads were stopped: 0.0001026 seconds, Stopping threads took: 0.0000254 seconds
2017-06-06T10:29:37.176+0700: 18.175: Total time for which application threads were stopped: 0.0001318 seconds, Stopping threads took: 0.0000303 seconds
2017-06-06T10:29:37.191+0700: 18.191: Total time for which application threads were stopped: 0.0000951 seconds, Stopping threads took: 0.0000232 seconds
2017-06-06T10:29:37.192+0700: 18.192: Total time for which application threads were stopped: 0.0000762 seconds, Stopping threads took: 0.0000184 seconds
2017-06-06T10:29:39.194+0700: 20.193: Total time for which application threads were stopped: 0.0001540 seconds, Stopping threads took: 0.0000475 seconds
2017-06-06T10:29:41.579+0700: 22.579: Total time for which application threads were stopped: 0.0001675 seconds, Stopping threads took: 0.0000319 seconds
2017-06-06T10:29:41.608+0700: 22.608: Total time for which application threads were stopped: 0.0001642 seconds, Stopping threads took: 0.0000465 seconds
2017-06-06T10:29:41.695+0700: 22.695: Total time for which application threads were stopped: 0.0001140 seconds, Stopping threads took: 0.0000270 seconds
2017-06-06T10:29:42.696+0700: 23.695: Total time for which application threads were stopped: 0.0001242 seconds, Stopping threads took: 0.0000270 seconds
2017-06-06T10:29:43.177+0700: 24.177: Total time for which application threads were stopped: 0.0001156 seconds, Stopping threads took: 0.0000265 seconds
2017-06-06T10:29:43.229+0700: 24.229: Total time for which application threads were stopped: 0.0001226 seconds, Stopping threads took: 0.0000297 seconds
2017-06-06T10:29:43.229+0700: 24.229: Total time for which application threads were stopped: 0.0001118 seconds, Stopping threads took: 0.0000448 seconds
2017-06-06T10:29:43.232+0700: 24.232: Total time for which application threads were stopped: 0.0001021 seconds, Stopping threads took: 0.0000243 seconds
2017-06-06T10:29:43.234+0700: 24.234: Total time for which application threads were stopped: 0.0001037 seconds, Stopping threads took: 0.0000254 seconds
2017-06-06T10:29:43.328+0700: 24.328: Total time for which application threads were stopped: 0.0001145 seconds, Stopping threads took: 0.0000227 seconds
2017-06-06T10:29:43.358+0700: 24.359: Total time for which application threads were stopped: 0.0001026 seconds, Stopping threads took: 0.0000281 seconds
2017-06-06T10:29:43.388+0700: 24.387: Total time for which application threads were stopped: 0.0001167 seconds, Stopping threads took: 0.0000232 seconds
2017-06-06T10:29:43.414+0700: 24.413: Total time for which application threads were stopped: 0.0001010 seconds, Stopping threads took: 0.0000254 seconds
2017-06-06T10:29:43.462+0700: 24.462: Total time for which application threads were stopped: 0.0003916 seconds, Stopping threads took: 0.0000248 seconds
2017-06-06T10:29:43.466+0700: 24.465: Total time for which application threads were stopped: 0.0002080 seconds, Stopping threads took: 0.0001048 seconds
2017-06-06T10:29:43.467+0700: 24.466: Total time for which application threads were stopped: 0.0003263 seconds, Stopping threads took: 0.0002312 seconds
2017-06-06T10:29:43.467+0700: 24.466: Total time for which application threads were stopped: 0.0002150 seconds, Stopping threads took: 0.0001161 seconds
2017-06-06T10:29:43.468+0700: 24.467: Total time for which application threads were stopped: 0.0001075 seconds, Stopping threads took: 0.0000373 seconds
2017-06-06T10:29:43.473+0700: 24.472: Total time for which application threads were stopped: 0.0001280 seconds, Stopping threads took: 0.0000275 seconds
2017-06-06T10:29:43.473+0700: 24.472: Total time for which application threads were stopped: 0.0001070 seconds, Stopping threads took: 0.0000254 seconds
2017-06-06T10:29:43.473+0700: 24.472: Total time for which application threads were stopped: 0.0000799 seconds, Stopping threads took: 0.0000167 seconds
2017-06-06T10:29:43.484+0700: 24.483: Total time for which application threads were stopped: 0.0005256 seconds, Stopping threads took: 0.0000762 seconds
2017-06-06T10:29:43.491+0700: 24.491: Total time for which application threads were stopped: 0.0001372 seconds, Stopping threads took: 0.0000335 seconds
2017-06-06T10:29:43.508+0700: 24.508: Total time for which application threads were stopped: 0.0001113 seconds, Stopping threads took: 0.0000275 seconds
2017-06-06T10:29:43.512+0700: 24.511: Total time for which application threads were stopped: 0.0001275 seconds, Stopping threads took: 0.0000486 seconds
2017-06-06T10:29:43.520+0700: 24.519: Total time for which application threads were stopped: 0.0001469 seconds, Stopping threads took: 0.0000297 seconds
2017-06-06T10:29:43.542+0700: 24.541: Total time for which application threads were stopped: 0.0001172 seconds, Stopping threads took: 0.0000248 seconds
2017-06-06T10:29:43.551+0700: 24.550: Total time for which application threads were stopped: 0.0001901 seconds, Stopping threads took: 0.0000519 seconds
2017-06-06T10:29:43.560+0700: 24.560: Total time for which application threads were stopped: 0.0004710 seconds, Stopping threads took: 0.0000405 seconds
2017-06-06T10:29:43.592+0700: 24.591: Total time for which application threads were stopped: 0.0001988 seconds, Stopping threads took: 0.0000416 seconds
2017-06-06T10:29:43.611+0700: 24.611: Total time for which application threads were stopped: 0.0002004 seconds, Stopping threads took: 0.0000465 seconds
2017-06-06T10:29:43.750+0700: 24.750: Total time for which application threads were stopped: 0.0005294 seconds, Stopping threads took: 0.0003495 seconds
2017-06-06T10:29:43.782+0700: 24.781: Total time for which application threads were stopped: 0.0001313 seconds, Stopping threads took: 0.0000346 seconds
2017-06-06T10:29:43.838+0700: 24.837: Total time for which application threads were stopped: 0.0001199 seconds, Stopping threads took: 0.0000254 seconds
2017-06-06T10:29:43.893+0700: 24.893: Total time for which application threads were stopped: 0.0001680 seconds, Stopping threads took: 0.0000713 seconds
2017-06-06T10:29:43.948+0700: 24.948: Total time for which application threads were stopped: 0.0003652 seconds, Stopping threads took: 0.0000275 seconds
2017-06-06T10:29:44.077+0700: 25.077: Total time for which application threads were stopped: 0.0001232 seconds, Stopping threads took: 0.0000248 seconds
2017-06-06T10:29:44.120+0700: 25.120: Total time for which application threads were stopped: 0.0001642 seconds, Stopping threads took: 0.0000351 seconds
2017-06-06T10:29:44.148+0700: 25.148: Total time for which application threads were stopped: 0.0001183 seconds, Stopping threads took: 0.0000265 seconds
2017-06-06T10:29:44.175+0700: 25.175: Total time for which application threads were stopped: 0.0001307 seconds, Stopping threads took: 0.0000319 seconds
2017-06-06T10:29:44.204+0700: 25.204: Total time for which application threads were stopped: 0.0001253 seconds, Stopping threads took: 0.0000308 seconds
2017-06-06T10:29:44.768+0700: 25.768: Total time for which application threads were stopped: 0.0004581 seconds, Stopping threads took: 0.0000373 seconds
2017-06-06T10:29:44.836+0700: 25.835: Total time for which application threads were stopped: 0.0001928 seconds, Stopping threads took: 0.0000427 seconds
2017-06-06T10:29:44.844+0700: 25.843: Total time for which application threads were stopped: 0.0001772 seconds, Stopping threads took: 0.0000492 seconds
2017-06-06T10:29:44.845+0700: 25.844: Total time for which application threads were stopped: 0.0001631 seconds, Stopping threads took: 0.0000421 seconds
2017-06-06T10:29:44.895+0700: 25.894: Total time for which application threads were stopped: 0.0001550 seconds, Stopping threads took: 0.0000357 seconds
2017-06-06T10:29:45.015+0700: 26.015: Total time for which application threads were stopped: 0.0003333 seconds, Stopping threads took: 0.0000535 seconds
2017-06-06T10:29:45.170+0700: 26.170: Total time for which application threads were stopped: 0.0004332 seconds, Stopping threads took: 0.0002161 seconds
2017-06-06T10:29:45.171+0700: 26.170: Total time for which application threads were stopped: 0.0002085 seconds, Stopping threads took: 0.0000265 seconds
2017-06-06T10:29:45.173+0700: 26.173: Total time for which application threads were stopped: 0.0002199 seconds, Stopping threads took: 0.0000346 seconds
2017-06-06T10:29:45.175+0700: 26.175: Total time for which application threads were stopped: 0.0011782 seconds, Stopping threads took: 0.0009977 seconds
2017-06-06T10:29:45.177+0700: 26.176: Total time for which application threads were stopped: 0.0002290 seconds, Stopping threads took: 0.0000448 seconds
2017-06-06T10:29:45.262+0700: 26.261: Total time for which application threads were stopped: 0.0002458 seconds, Stopping threads took: 0.0000637 seconds
2017-06-06T10:29:45.345+0700: 26.345: Total time for which application threads were stopped: 0.0002253 seconds, Stopping threads took: 0.0000497 seconds
2017-06-06T10:29:45.347+0700: 26.347: Total time for which application threads were stopped: 0.0002301 seconds, Stopping threads took: 0.0000378 seconds
2017-06-06T10:29:45.348+0700: 26.348: Total time for which application threads were stopped: 0.0002128 seconds, Stopping threads took: 0.0000346 seconds
2017-06-06T10:29:45.564+0700: 26.564: Total time for which application threads were stopped: 0.0002139 seconds, Stopping threads took: 0.0000535 seconds
2017-06-06T10:29:45.614+0700: 26.614: Total time for which application threads were stopped: 0.0002188 seconds, Stopping threads took: 0.0000470 seconds
2017-06-06T10:29:45.658+0700: 26.658: Total time for which application threads were stopped: 0.0003371 seconds, Stopping threads took: 0.0000670 seconds
2017-06-06T10:29:45.933+0700: 26.933: Total time for which application threads were stopped: 0.0002669 seconds, Stopping threads took: 0.0000600 seconds
2017-06-06T10:29:45.965+0700: 26.965: Total time for which application threads were stopped: 0.0007066 seconds, Stopping threads took: 0.0003981 seconds
2017-06-06T10:29:46.120+0700: 27.120: Total time for which application threads were stopped: 0.0002344 seconds, Stopping threads took: 0.0000648 seconds
2017-06-06T10:29:46.121+0700: 27.121: Total time for which application threads were stopped: 0.0005067 seconds, Stopping threads took: 0.0000297 seconds
{Heap before GC invocations=2 (full 1):
 par new generation   total 109248K, used 101201K [0x00000000e0000000, 0x00000000e8000000, 0x00000000e8000000)
  eden space 87424K, 100% used [0x00000000e0000000, 0x00000000e5560000, 0x00000000e5560000)
  from space 21824K,  63% used [0x00000000e5560000, 0x00000000e62d4540, 0x00000000e6ab0000)
  to   space 21824K,   0% used [0x00000000e6ab0000, 0x00000000e6ab0000, 0x00000000e8000000)
 concurrent mark-sweep generation total 393216K, used 0K [0x00000000e8000000, 0x0000000100000000, 0x0000000100000000)
 Metaspace       used 27920K, capacity 28566K, committed 29028K, reserved 1075200K
  class space    used 3398K, capacity 3601K, committed 3684K, reserved 1048576K
2017-06-06T10:29:46.167+0700: 27.168: [GC (Allocation Failure) 2017-06-06T10:29:46.167+0700: 27.168: [ParNew
Desired survivor size 20112992 bytes, new threshold 8 (max 8)
- age   1:    6524184 bytes,    6524184 total
- age   2:    1652016 bytes,    8176200 total
- age   3:    5301784 bytes,   13477984 total
: 101201K->15623K(109248K), 0.0207289 secs] 101201K->15623K(502464K), 0.0209142 secs] [Times: user=0.06 sys=0.00, real=0.02 secs] 
Heap after GC invocations=3 (full 1):
 par new generation   total 109248K, used 15623K [0x00000000e0000000, 0x00000000e8000000, 0x00000000e8000000)
  eden space 87424K,   0% used [0x00000000e0000000, 0x00000000e0000000, 0x00000000e5560000)
  from space 21824K,  71% used [0x00000000e6ab0000, 0x00000000e79f1dc0, 0x00000000e8000000)
  to   space 21824K,   0% used [0x00000000e5560000, 0x00000000e5560000, 0x00000000e6ab0000)
 concurrent mark-sweep generation total 393216K, used 0K [0x00000000e8000000, 0x0000000100000000, 0x0000000100000000)
 Metaspace       used 27920K, capacity 28566K, committed 29028K, reserved 1075200K
  class space    used 3398K, capacity 3601K, committed 3684K, reserved 1048576K
}
2017-06-06T10:29:46.188+0700: 27.189: Total time for which application threads were stopped: 0.0225931 seconds, Stopping threads took: 0.0012873 seconds
2017-06-06T10:29:46.189+0700: 27.190: Total time for which application threads were stopped: 0.0002431 seconds, Stopping threads took: 0.0000583 seconds
2017-06-06T10:29:46.191+0700: 27.190: Total time for which application threads were stopped: 0.0002074 seconds, Stopping threads took: 0.0000303 seconds
2017-06-06T10:29:46.226+0700: 27.225: Total time for which application threads were stopped: 0.0005883 seconds, Stopping threads took: 0.0000481 seconds
2017-06-06T10:29:46.233+0700: 27.232: Total time for which application threads were stopped: 0.0013689 seconds, Stopping threads took: 0.0012133 seconds
2017-06-06T10:29:46.238+0700: 27.237: Total time for which application threads were stopped: 0.0040315 seconds, Stopping threads took: 0.0038764 seconds
2017-06-06T10:29:46.238+0700: 27.238: Total time for which application threads were stopped: 0.0001502 seconds, Stopping threads took: 0.0000627 seconds
2017-06-06T10:29:46.239+0700: 27.238: Total time for which application threads were stopped: 0.0001156 seconds, Stopping threads took: 0.0000308 seconds
2017-06-06T10:29:46.239+0700: 27.238: Total time for which application threads were stopped: 0.0001080 seconds, Stopping threads took: 0.0000265 seconds
2017-06-06T10:29:46.239+0700: 27.238: Total time for which application threads were stopped: 0.0001059 seconds, Stopping threads took: 0.0000270 seconds
2017-06-06T10:29:46.239+0700: 27.238: Total time for which application threads were stopped: 0.0001064 seconds, Stopping threads took: 0.0000238 seconds
2017-06-06T10:29:46.240+0700: 27.239: Total time for which application threads were stopped: 0.0005370 seconds, Stopping threads took: 0.0000297 seconds
2017-06-06T10:29:46.650+0700: 27.649: Total time for which application threads were stopped: 0.0003970 seconds, Stopping threads took: 0.0000492 seconds
2017-06-06T10:29:46.661+0700: 27.660: Total time for which application threads were stopped: 0.0006715 seconds, Stopping threads took: 0.0000394 seconds
2017-06-06T10:29:46.669+0700: 27.668: Total time for which application threads were stopped: 0.0002906 seconds, Stopping threads took: 0.0000481 seconds
2017-06-06T10:29:47.015+0700: 28.015: Total time for which application threads were stopped: 0.0002879 seconds, Stopping threads took: 0.0000524 seconds
2017-06-06T10:29:47.034+0700: 28.034: Total time for which application threads were stopped: 0.0009610 seconds, Stopping threads took: 0.0007595 seconds
{Heap before GC invocations=3 (full 1):
 par new generation   total 109248K, used 103047K [0x00000000e0000000, 0x00000000e8000000, 0x00000000e8000000)
  eden space 87424K, 100% used [0x00000000e0000000, 0x00000000e5560000, 0x00000000e5560000)
  from space 21824K,  71% used [0x00000000e6ab0000, 0x00000000e79f1dc0, 0x00000000e8000000)
  to   space 21824K,   0% used [0x00000000e5560000, 0x00000000e5560000, 0x00000000e6ab0000)
 concurrent mark-sweep generation total 393216K, used 0K [0x00000000e8000000, 0x0000000100000000, 0x0000000100000000)
 Metaspace       used 28759K, capacity 29428K, committed 29796K, reserved 1075200K
  class space    used 3482K, capacity 3678K, committed 3684K, reserved 1048576K
2017-06-06T10:29:47.045+0700: 28.045: [GC (Allocation Failure) 2017-06-06T10:29:47.045+0700: 28.045: [ParNew
Desired survivor size 20112992 bytes, new threshold 8 (max 8)
- age   1:    2485896 bytes,    2485896 total
- age   2:    2879352 bytes,    5365248 total
- age   3:    1531448 bytes,    6896696 total
- age   4:    5302080 bytes,   12198776 total
: 103047K->19759K(109248K), 0.0173073 secs] 103047K->19759K(502464K), 0.0174618 secs] [Times: user=0.05 sys=0.00, real=0.02 secs] 
Heap after GC invocations=4 (full 1):
 par new generation   total 109248K, used 19759K [0x00000000e0000000, 0x00000000e8000000, 0x00000000e8000000)
  eden space 87424K,   0% used [0x00000000e0000000, 0x00000000e0000000, 0x00000000e5560000)
  from space 21824K,  90% used [0x00000000e5560000, 0x00000000e68abe88, 0x00000000e6ab0000)
  to   space 21824K,   0% used [0x00000000e6ab0000, 0x00000000e6ab0000, 0x00000000e8000000)
 concurrent mark-sweep generation total 393216K, used 0K [0x00000000e8000000, 0x0000000100000000, 0x0000000100000000)
 Metaspace       used 28759K, capacity 29428K, committed 29796K, reserved 1075200K
  class space    used 3482K, capacity 3678K, committed 3684K, reserved 1048576K
}
2017-06-06T10:29:47.063+0700: 28.063: Total time for which application threads were stopped: 0.0180625 seconds, Stopping threads took: 0.0002334 seconds
2017-06-06T10:29:47.265+0700: 28.265: Total time for which application threads were stopped: 0.0402083 seconds, Stopping threads took: 0.0400354 seconds
{Heap before GC invocations=4 (full 1):
 par new generation   total 109248K, used 107183K [0x00000000e0000000, 0x00000000e8000000, 0x00000000e8000000)
  eden space 87424K, 100% used [0x00000000e0000000, 0x00000000e5560000, 0x00000000e5560000)
  from space 21824K,  90% used [0x00000000e5560000, 0x00000000e68abe88, 0x00000000e6ab0000)
  to   space 21824K,   0% used [0x00000000e6ab0000, 0x00000000e6ab0000, 0x00000000e8000000)
 concurrent mark-sweep generation total 393216K, used 0K [0x00000000e8000000, 0x0000000100000000, 0x0000000100000000)
 Metaspace       used 29016K, capacity 29670K, committed 29924K, reserved 1075200K
  class space    used 3514K, capacity 3713K, committed 3812K, reserved 1048576K
2017-06-06T10:29:47.354+0700: 28.354: [GC (Allocation Failure) 2017-06-06T10:29:47.354+0700: 28.354: [ParNew
Desired survivor size 20112992 bytes, new threshold 8 (max 8)
- age   1:     584936 bytes,     584936 total
- age   2:    1822984 bytes,    2407920 total
- age   3:    2876392 bytes,    5284312 total
- age   4:    1530568 bytes,    6814880 total
- age   5:    5300848 bytes,   12115728 total
: 107183K->13050K(109248K), 0.0160141 secs] 107183K->13050K(502464K), 0.0161875 secs] [Times: user=0.06 sys=0.00, real=0.02 secs] 
Heap after GC invocations=5 (full 1):
 par new generation   total 109248K, used 13050K [0x00000000e0000000, 0x00000000e8000000, 0x00000000e8000000)
  eden space 87424K,   0% used [0x00000000e0000000, 0x00000000e0000000, 0x00000000e5560000)
  from space 21824K,  59% used [0x00000000e6ab0000, 0x00000000e776eb60, 0x00000000e8000000)
  to   space 21824K,   0% used [0x00000000e5560000, 0x00000000e5560000, 0x00000000e6ab0000)
 concurrent mark-sweep generation total 393216K, used 0K [0x00000000e8000000, 0x0000000100000000, 0x0000000100000000)
 Metaspace       used 29016K, capacity 29670K, committed 29924K, reserved 1075200K
  class space    used 3514K, capacity 3713K, committed 3812K, reserved 1048576K
}
2017-06-06T10:29:47.370+0700: 28.370: Total time for which application threads were stopped: 0.0200455 seconds, Stopping threads took: 0.0034572 seconds
2017-06-06T10:29:47.401+0700: 28.401: Total time for which application threads were stopped: 0.0001837 seconds, Stopping threads took: 0.0000421 seconds
2017-06-06T10:29:47.402+0700: 28.402: Total time for which application threads were stopped: 0.0001453 seconds, Stopping threads took: 0.0000270 seconds
2017-06-06T10:29:47.402+0700: 28.402: Total time for which application threads were stopped: 0.0001372 seconds, Stopping threads took: 0.0000308 seconds
2017-06-06T10:29:47.406+0700: 28.406: Total time for which application threads were stopped: 0.0002555 seconds, Stopping threads took: 0.0000448 seconds
2017-06-06T10:29:47.420+0700: 28.420: Total time for which application threads were stopped: 0.0002301 seconds, Stopping threads took: 0.0000546 seconds
2017-06-06T10:29:47.420+0700: 28.420: Total time for which application threads were stopped: 0.0001702 seconds, Stopping threads took: 0.0000405 seconds
2017-06-06T10:29:47.420+0700: 28.420: Total time for which application threads were stopped: 0.0001178 seconds, Stopping threads took: 0.0000281 seconds
2017-06-06T10:29:47.421+0700: 28.421: Total time for which application threads were stopped: 0.0006180 seconds, Stopping threads took: 0.0004862 seconds
2017-06-06T10:29:47.435+0700: 28.435: Total time for which application threads were stopped: 0.0001988 seconds, Stopping threads took: 0.0000562 seconds
2017-06-06T10:29:47.435+0700: 28.435: Total time for which application threads were stopped: 0.0002134 seconds, Stopping threads took: 0.0000319 seconds
2017-06-06T10:29:47.441+0700: 28.441: Total time for which application threads were stopped: 0.0001880 seconds, Stopping threads took: 0.0000475 seconds
2017-06-06T10:29:47.441+0700: 28.441: Total time for which application threads were stopped: 0.0001172 seconds, Stopping threads took: 0.0000265 seconds
2017-06-06T10:29:47.445+0700: 28.445: Total time for which application threads were stopped: 0.0002706 seconds, Stopping threads took: 0.0000367 seconds
2017-06-06T10:29:47.449+0700: 28.449: Total time for which application threads were stopped: 0.0001912 seconds, Stopping threads took: 0.0000475 seconds
{Heap before GC invocations=5 (full 1):
 par new generation   total 109248K, used 100474K [0x00000000e0000000, 0x00000000e8000000, 0x00000000e8000000)
  eden space 87424K, 100% used [0x00000000e0000000, 0x00000000e5560000, 0x00000000e5560000)
  from space 21824K,  59% used [0x00000000e6ab0000, 0x00000000e776eb60, 0x00000000e8000000)
  to   space 21824K,   0% used [0x00000000e5560000, 0x00000000e5560000, 0x00000000e6ab0000)
 concurrent mark-sweep generation total 393216K, used 0K [0x00000000e8000000, 0x0000000100000000, 0x0000000100000000)
 Metaspace       used 29307K, capacity 30002K, committed 30180K, reserved 1075200K
  class space    used 3551K, capacity 3779K, committed 3812K, reserved 1048576K
2017-06-06T10:29:47.758+0700: 28.757: [GC (Allocation Failure) 2017-06-06T10:29:47.758+0700: 28.757: [ParNew
Desired survivor size 20112992 bytes, new threshold 8 (max 8)
- age   1:     724984 bytes,     724984 total
- age   2:     118840 bytes,     843824 total
- age   3:    1822808 bytes,    2666632 total
- age   4:    2875848 bytes,    5542480 total
- age   5:    1530368 bytes,    7072848 total
- age   6:    5300504 bytes,   12373352 total
: 100474K->18066K(109248K), 0.0180819 secs] 100474K->18066K(502464K), 0.0183655 secs] [Times: user=0.06 sys=0.00, real=0.02 secs] 
Heap after GC invocations=6 (full 1):
 par new generation   total 109248K, used 18066K [0x00000000e0000000, 0x00000000e8000000, 0x00000000e8000000)
  eden space 87424K,   0% used [0x00000000e0000000, 0x00000000e0000000, 0x00000000e5560000)
  from space 21824K,  82% used [0x00000000e5560000, 0x00000000e67048b8, 0x00000000e6ab0000)
  to   space 21824K,   0% used [0x00000000e6ab0000, 0x00000000e6ab0000, 0x00000000e8000000)
 concurrent mark-sweep generation total 393216K, used 0K [0x00000000e8000000, 0x0000000100000000, 0x0000000100000000)
 Metaspace       used 29307K, capacity 30002K, committed 30180K, reserved 1075200K
  class space    used 3551K, capacity 3779K, committed 3812K, reserved 1048576K
}
2017-06-06T10:29:47.776+0700: 28.776: Total time for which application threads were stopped: 0.0190278 seconds, Stopping threads took: 0.0002404 seconds
{Heap before GC invocations=6 (full 1):
 par new generation   total 109248K, used 105490K [0x00000000e0000000, 0x00000000e8000000, 0x00000000e8000000)
  eden space 87424K, 100% used [0x00000000e0000000, 0x00000000e5560000, 0x00000000e5560000)
  from space 21824K,  82% used [0x00000000e5560000, 0x00000000e67048b8, 0x00000000e6ab0000)
  to   space 21824K,   0% used [0x00000000e6ab0000, 0x00000000e6ab0000, 0x00000000e8000000)
 concurrent mark-sweep generation total 393216K, used 0K [0x00000000e8000000, 0x0000000100000000, 0x0000000100000000)
 Metaspace       used 29575K, capacity 30232K, committed 30436K, reserved 1075200K
  class space    used 3588K, capacity 3812K, committed 3812K, reserved 1048576K
2017-06-06T10:29:48.017+0700: 29.016: [GC (Allocation Failure) 2017-06-06T10:29:48.017+0700: 29.016: [ParNew
Desired survivor size 20112992 bytes, new threshold 8 (max 8)
- age   1:     442568 bytes,     442568 total
- age   2:     253552 bytes,     696120 total
- age   3:     118840 bytes,     814960 total
- age   4:    1822696 bytes,    2637656 total
- age   5:    2875608 bytes,    5513264 total
- age   6:    1530152 bytes,    7043416 total
- age   7:    5300440 bytes,   12343856 total
: 105490K->14224K(109248K), 0.0181073 secs] 105490K->14224K(502464K), 0.0182386 secs] [Times: user=0.05 sys=0.00, real=0.02 secs] 
Heap after GC invocations=7 (full 1):
 par new generation   total 109248K, used 14224K [0x00000000e0000000, 0x00000000e8000000, 0x00000000e8000000)
  eden space 87424K,   0% used [0x00000000e0000000, 0x00000000e0000000, 0x00000000e5560000)
  from space 21824K,  65% used [0x00000000e6ab0000, 0x00000000e78940c0, 0x00000000e8000000)
  to   space 21824K,   0% used [0x00000000e5560000, 0x00000000e5560000, 0x00000000e6ab0000)
 concurrent mark-sweep generation total 393216K, used 0K [0x00000000e8000000, 0x0000000100000000, 0x0000000100000000)
 Metaspace       used 29575K, capacity 30232K, committed 30436K, reserved 1075200K
  class space    used 3588K, capacity 3812K, committed 3812K, reserved 1048576K
}
2017-06-06T10:29:48.035+0700: 29.034: Total time for which application threads were stopped: 0.0186826 seconds, Stopping threads took: 0.0000675 seconds
2017-06-06T10:29:48.061+0700: 29.061: Total time for which application threads were stopped: 0.0002334 seconds, Stopping threads took: 0.0000357 seconds
2017-06-06T10:29:48.062+0700: 29.061: Total time for which application threads were stopped: 0.0002031 seconds, Stopping threads took: 0.0000259 seconds
2017-06-06T10:29:48.208+0700: 29.208: Total time for which application threads were stopped: 0.0002852 seconds, Stopping threads took: 0.0000454 seconds
2017-06-06T10:29:48.379+0700: 29.379: Total time for which application threads were stopped: 0.0006288 seconds, Stopping threads took: 0.0000378 seconds
2017-06-06T10:29:49.296+0700: 30.296: Total time for which application threads were stopped: 0.0005218 seconds, Stopping threads took: 0.0001215 seconds
2017-06-06T10:29:49.306+0700: 30.305: Total time for which application threads were stopped: 0.0007320 seconds, Stopping threads took: 0.0000508 seconds
2017-06-06T10:29:49.308+0700: 30.307: Total time for which application threads were stopped: 0.0001826 seconds, Stopping threads took: 0.0000330 seconds
2017-06-06T10:29:49.366+0700: 30.365: Total time for which application threads were stopped: 0.0021505 seconds, Stopping threads took: 0.0019334 seconds
2017-06-06T10:29:49.483+0700: 30.483: Total time for which application threads were stopped: 0.0007471 seconds, Stopping threads took: 0.0000330 seconds
2017-06-06T10:29:49.485+0700: 30.485: Total time for which application threads were stopped: 0.0001977 seconds, Stopping threads took: 0.0000470 seconds
2017-06-06T10:29:49.487+0700: 30.486: Total time for which application threads were stopped: 0.0002879 seconds, Stopping threads took: 0.0000681 seconds
2017-06-06T10:29:49.561+0700: 30.561: Total time for which application threads were stopped: 0.0002258 seconds, Stopping threads took: 0.0000389 seconds
2017-06-06T10:29:49.564+0700: 30.563: Total time for which application threads were stopped: 0.0002377 seconds, Stopping threads took: 0.0000502 seconds
2017-06-06T10:29:49.564+0700: 30.564: Total time for which application threads were stopped: 0.0001675 seconds, Stopping threads took: 0.0000362 seconds
2017-06-06T10:29:49.564+0700: 30.564: Total time for which application threads were stopped: 0.0001567 seconds, Stopping threads took: 0.0000335 seconds
2017-06-06T10:29:49.565+0700: 30.564: Total time for which application threads were stopped: 0.0001604 seconds, Stopping threads took: 0.0000319 seconds
2017-06-06T10:29:49.565+0700: 30.564: Total time for which application threads were stopped: 0.0001529 seconds, Stopping threads took: 0.0000330 seconds
2017-06-06T10:29:49.566+0700: 30.566: Total time for which application threads were stopped: 0.0002431 seconds, Stopping threads took: 0.0000459 seconds
2017-06-06T10:29:49.590+0700: 30.590: Total time for which application threads were stopped: 0.0005505 seconds, Stopping threads took: 0.0000292 seconds
2017-06-06T10:29:49.664+0700: 30.664: Total time for which application threads were stopped: 0.0057601 seconds, Stopping threads took: 0.0050822 seconds
2017-06-06T10:29:49.705+0700: 30.704: Total time for which application threads were stopped: 0.0010075 seconds, Stopping threads took: 0.0008713 seconds
2017-06-06T10:29:49.719+0700: 30.719: Total time for which application threads were stopped: 0.0003295 seconds, Stopping threads took: 0.0000405 seconds
2017-06-06T10:29:50.033+0700: 31.033: Total time for which application threads were stopped: 0.0045436 seconds, Stopping threads took: 0.0043415 seconds
2017-06-06T10:29:50.037+0700: 31.037: Total time for which application threads were stopped: 0.0002874 seconds, Stopping threads took: 0.0000432 seconds
2017-06-06T10:29:50.050+0700: 31.050: Total time for which application threads were stopped: 0.0003425 seconds, Stopping threads took: 0.0000389 seconds
2017-06-06T10:29:50.363+0700: 31.364: Total time for which application threads were stopped: 0.0009405 seconds, Stopping threads took: 0.0007692 seconds
2017-06-06T10:29:50.364+0700: 31.364: Total time for which application threads were stopped: 0.0001550 seconds, Stopping threads took: 0.0000351 seconds
{Heap before GC invocations=7 (full 1):
 par new generation   total 109248K, used 101648K [0x00000000e0000000, 0x00000000e8000000, 0x00000000e8000000)
  eden space 87424K, 100% used [0x00000000e0000000, 0x00000000e5560000, 0x00000000e5560000)
  from space 21824K,  65% used [0x00000000e6ab0000, 0x00000000e78940c0, 0x00000000e8000000)
  to   space 21824K,   0% used [0x00000000e5560000, 0x00000000e5560000, 0x00000000e6ab0000)
 concurrent mark-sweep generation total 393216K, used 0K [0x00000000e8000000, 0x0000000100000000, 0x0000000100000000)
 Metaspace       used 33553K, capacity 34198K, committed 34532K, reserved 1079296K
  class space    used 4082K, capacity 4293K, committed 4324K, reserved 1048576K
2017-06-06T10:29:51.513+0700: 32.513: [GC (Allocation Failure) 2017-06-06T10:29:51.513+0700: 32.513: [ParNew
Desired survivor size 20112992 bytes, new threshold 8 (max 8)
- age   1:    5340264 bytes,    5340264 total
- age   2:     135808 bytes,    5476072 total
- age   3:     249792 bytes,    5725864 total
- age   4:     116080 bytes,    5841944 total
- age   5:     288032 bytes,    6129976 total
- age   6:    2843576 bytes,    8973552 total
- age   7:    1524280 bytes,   10497832 total
- age   8:    5298456 bytes,   15796288 total
: 101648K->21637K(109248K), 0.0227719 secs] 101648K->21637K(502464K), 0.0229367 secs] [Times: user=0.05 sys=0.00, real=0.02 secs] 
Heap after GC invocations=8 (full 1):
 par new generation   total 109248K, used 21637K [0x00000000e0000000, 0x00000000e8000000, 0x00000000e8000000)
  eden space 87424K,   0% used [0x00000000e0000000, 0x00000000e0000000, 0x00000000e5560000)
  from space 21824K,  99% used [0x00000000e5560000, 0x00000000e6a81700, 0x00000000e6ab0000)
  to   space 21824K,   0% used [0x00000000e6ab0000, 0x00000000e6ab0000, 0x00000000e8000000)
 concurrent mark-sweep generation total 393216K, used 0K [0x00000000e8000000, 0x0000000100000000, 0x0000000100000000)
 Metaspace       used 33553K, capacity 34198K, committed 34532K, reserved 1079296K
  class space    used 4082K, capacity 4293K, committed 4324K, reserved 1048576K
}
2017-06-06T10:29:51.536+0700: 32.536: Total time for which application threads were stopped: 0.0233726 seconds, Stopping threads took: 0.0000578 seconds
2017-06-06T10:29:51.869+0700: 32.868: Total time for which application threads were stopped: 0.0002598 seconds, Stopping threads took: 0.0000475 seconds
2017-06-06T10:29:51.869+0700: 32.868: Total time for which application threads were stopped: 0.0001610 seconds, Stopping threads took: 0.0000281 seconds
2017-06-06T10:29:52.006+0700: 33.005: Total time for which application threads were stopped: 0.0002528 seconds, Stopping threads took: 0.0000405 seconds
2017-06-06T10:29:52.007+0700: 33.006: Total time for which application threads were stopped: 0.0002328 seconds, Stopping threads took: 0.0000389 seconds
2017-06-06T10:29:52.028+0700: 33.028: Total time for which application threads were stopped: 0.0002285 seconds, Stopping threads took: 0.0000351 seconds
2017-06-06T10:29:52.098+0700: 33.098: Total time for which application threads were stopped: 0.0193357 seconds, Stopping threads took: 0.0190408 seconds
2017-06-06T10:29:52.099+0700: 33.098: Total time for which application threads were stopped: 0.0002253 seconds, Stopping threads took: 0.0000373 seconds
2017-06-06T10:29:52.533+0700: 33.533: Total time for which application threads were stopped: 0.0007303 seconds, Stopping threads took: 0.0000454 seconds
2017-06-06T10:29:52.684+0700: 33.683: Total time for which application threads were stopped: 0.0006574 seconds, Stopping threads took: 0.0003933 seconds
2017-06-06T10:29:52.761+0700: 33.761: Total time for which application threads were stopped: 0.0014364 seconds, Stopping threads took: 0.0011830 seconds
2017-06-06T10:29:52.762+0700: 33.762: Total time for which application threads were stopped: 0.0007741 seconds, Stopping threads took: 0.0005656 seconds
2017-06-06T10:29:52.775+0700: 33.775: Total time for which application threads were stopped: 0.0002652 seconds, Stopping threads took: 0.0000513 seconds
2017-06-06T10:29:52.776+0700: 33.776: Total time for which application threads were stopped: 0.0002615 seconds, Stopping threads took: 0.0000459 seconds
2017-06-06T10:29:52.792+0700: 33.792: Total time for which application threads were stopped: 0.0002582 seconds, Stopping threads took: 0.0000486 seconds
2017-06-06T10:29:52.821+0700: 33.821: Total time for which application threads were stopped: 0.0002285 seconds, Stopping threads took: 0.0000432 seconds
2017-06-06T10:29:52.822+0700: 33.822: Total time for which application threads were stopped: 0.0007822 seconds, Stopping threads took: 0.0000297 seconds
2017-06-06T10:29:52.861+0700: 33.861: Total time for which application threads were stopped: 0.0002804 seconds, Stopping threads took: 0.0000438 seconds
2017-06-06T10:29:52.871+0700: 33.871: Total time for which application threads were stopped: 0.0006963 seconds, Stopping threads took: 0.0000367 seconds
2017-06-06T10:29:52.889+0700: 33.889: Total time for which application threads were stopped: 0.0002582 seconds, Stopping threads took: 0.0000546 seconds
2017-06-06T10:29:52.906+0700: 33.906: Total time for which application threads were stopped: 0.0002204 seconds, Stopping threads took: 0.0000448 seconds
2017-06-06T10:29:52.914+0700: 33.914: Total time for which application threads were stopped: 0.0003506 seconds, Stopping threads took: 0.0001399 seconds
2017-06-06T10:29:52.916+0700: 33.916: Total time for which application threads were stopped: 0.0002615 seconds, Stopping threads took: 0.0000583 seconds
2017-06-06T10:29:52.994+0700: 33.994: Total time for which application threads were stopped: 0.0005980 seconds, Stopping threads took: 0.0004165 seconds
2017-06-06T10:29:53.018+0700: 34.018: Total time for which application threads were stopped: 0.0002793 seconds, Stopping threads took: 0.0000481 seconds
2017-06-06T10:29:53.041+0700: 34.041: Total time for which application threads were stopped: 0.0006461 seconds, Stopping threads took: 0.0000492 seconds
2017-06-06T10:29:53.147+0700: 34.147: Total time for which application threads were stopped: 0.0002944 seconds, Stopping threads took: 0.0000859 seconds
2017-06-06T10:29:53.148+0700: 34.149: Total time for which application threads were stopped: 0.0001956 seconds, Stopping threads took: 0.0000448 seconds
2017-06-06T10:29:53.150+0700: 34.150: Total time for which application threads were stopped: 0.0002253 seconds, Stopping threads took: 0.0000481 seconds
2017-06-06T10:29:53.153+0700: 34.153: Total time for which application threads were stopped: 0.0002312 seconds, Stopping threads took: 0.0000513 seconds
2017-06-06T10:29:53.180+0700: 34.180: Total time for which application threads were stopped: 0.0002739 seconds, Stopping threads took: 0.0000567 seconds
2017-06-06T10:29:53.250+0700: 34.249: Total time for which application threads were stopped: 0.0001934 seconds, Stopping threads took: 0.0000600 seconds
2017-06-06T10:29:53.250+0700: 34.249: Total time for which application threads were stopped: 0.0001669 seconds, Stopping threads took: 0.0000697 seconds
2017-06-06T10:29:53.251+0700: 34.250: Total time for which application threads were stopped: 0.0001907 seconds, Stopping threads took: 0.0000378 seconds
2017-06-06T10:29:53.251+0700: 34.250: Total time for which application threads were stopped: 0.0001561 seconds, Stopping threads took: 0.0000497 seconds
2017-06-06T10:29:53.252+0700: 34.251: Total time for which application threads were stopped: 0.0001912 seconds, Stopping threads took: 0.0000551 seconds
2017-06-06T10:29:53.645+0700: 34.644: Total time for which application threads were stopped: 0.0002425 seconds, Stopping threads took: 0.0000502 seconds
2017-06-06T10:29:53.646+0700: 34.646: Total time for which application threads were stopped: 0.0001432 seconds, Stopping threads took: 0.0000319 seconds
2017-06-06T10:29:53.647+0700: 34.646: Total time for which application threads were stopped: 0.0001383 seconds, Stopping threads took: 0.0000470 seconds
2017-06-06T10:29:54.056+0700: 35.056: Total time for which application threads were stopped: 0.0002344 seconds, Stopping threads took: 0.0000989 seconds
2017-06-06T10:29:54.440+0700: 35.440: Total time for which application threads were stopped: 0.0002960 seconds, Stopping threads took: 0.0001070 seconds
2017-06-06T10:29:54.440+0700: 35.440: Total time for which application threads were stopped: 0.0000886 seconds, Stopping threads took: 0.0000157 seconds
2017-06-06T10:29:54.440+0700: 35.441: Total time for which application threads were stopped: 0.0000902 seconds, Stopping threads took: 0.0000173 seconds
2017-06-06T10:29:54.480+0700: 35.480: Total time for which application threads were stopped: 0.0007190 seconds, Stopping threads took: 0.0000362 seconds
2017-06-06T10:29:54.491+0700: 35.492: Total time for which application threads were stopped: 0.0001648 seconds, Stopping threads took: 0.0000286 seconds
2017-06-06T10:29:54.495+0700: 35.495: Total time for which application threads were stopped: 0.0002026 seconds, Stopping threads took: 0.0000578 seconds
2017-06-06T10:29:54.637+0700: 35.636: Total time for which application threads were stopped: 0.0001550 seconds, Stopping threads took: 0.0000313 seconds
2017-06-06T10:29:54.788+0700: 35.787: Total time for which application threads were stopped: 0.0001372 seconds, Stopping threads took: 0.0000254 seconds
2017-06-06T10:29:54.815+0700: 35.814: Total time for which application threads were stopped: 0.0001480 seconds, Stopping threads took: 0.0000275 seconds
2017-06-06T10:29:54.823+0700: 35.822: Total time for which application threads were stopped: 0.0001842 seconds, Stopping threads took: 0.0000297 seconds
2017-06-06T10:29:54.823+0700: 35.822: Total time for which application threads were stopped: 0.0001432 seconds, Stopping threads took: 0.0000292 seconds
2017-06-06T10:29:54.825+0700: 35.825: Total time for which application threads were stopped: 0.0001415 seconds, Stopping threads took: 0.0000227 seconds
2017-06-06T10:29:54.826+0700: 35.825: Total time for which application threads were stopped: 0.0001145 seconds, Stopping threads took: 0.0000227 seconds
2017-06-06T10:29:54.955+0700: 35.955: Total time for which application threads were stopped: 0.0001788 seconds, Stopping threads took: 0.0000583 seconds
2017-06-06T10:29:55.037+0700: 36.036: Total time for which application threads were stopped: 0.0001340 seconds, Stopping threads took: 0.0000248 seconds
2017-06-06T10:29:55.093+0700: 36.092: Total time for which application threads were stopped: 0.0004235 seconds, Stopping threads took: 0.0000281 seconds
2017-06-06T10:29:55.631+0700: 36.631: Total time for which application threads were stopped: 0.0001502 seconds, Stopping threads took: 0.0000389 seconds
2017-06-06T10:29:55.631+0700: 36.631: Total time for which application threads were stopped: 0.0000740 seconds, Stopping threads took: 0.0000178 seconds
2017-06-06T10:29:55.731+0700: 36.731: Total time for which application threads were stopped: 0.0002669 seconds, Stopping threads took: 0.0001221 seconds
2017-06-06T10:29:56.732+0700: 37.731: Total time for which application threads were stopped: 0.0001642 seconds, Stopping threads took: 0.0000416 seconds
{Heap before GC invocations=8 (full 1):
 par new generation   total 109248K, used 109061K [0x00000000e0000000, 0x00000000e8000000, 0x00000000e8000000)
  eden space 87424K, 100% used [0x00000000e0000000, 0x00000000e5560000, 0x00000000e5560000)
  from space 21824K,  99% used [0x00000000e5560000, 0x00000000e6a81700, 0x00000000e6ab0000)
  to   space 21824K,   0% used [0x00000000e6ab0000, 0x00000000e6ab0000, 0x00000000e8000000)
 concurrent mark-sweep generation total 393216K, used 0K [0x00000000e8000000, 0x0000000100000000, 0x0000000100000000)
 Metaspace       used 36493K, capacity 37308K, committed 37476K, reserved 1081344K
  class space    used 4400K, capacity 4630K, committed 4708K, reserved 1048576K
2017-06-06T10:29:56.826+0700: 37.826: [GC (Allocation Failure) 2017-06-06T10:29:56.826+0700: 37.826: [ParNew
Desired survivor size 20112992 bytes, new threshold 8 (max 8)
- age   1:    8002752 bytes,    8002752 total
- age   2:    2056376 bytes,   10059128 total
- age   3:     135776 bytes,   10194904 total
- age   4:     248512 bytes,   10443416 total
- age   5:     113152 bytes,   10556568 total
- age   6:     285928 bytes,   10842496 total
- age   7:    2746848 bytes,   13589344 total
- age   8:    1513664 bytes,   15103008 total
: 109061K->19100K(109248K), 0.1708668 secs] 109061K->24725K(502464K), 0.1710726 secs] [Times: user=0.17 sys=0.02, real=0.17 secs] 
Heap after GC invocations=9 (full 1):
 par new generation   total 109248K, used 19100K [0x00000000e0000000, 0x00000000e8000000, 0x00000000e8000000)
  eden space 87424K,   0% used [0x00000000e0000000, 0x00000000e0000000, 0x00000000e5560000)
  from space 21824K,  87% used [0x00000000e6ab0000, 0x00000000e7d57268, 0x00000000e8000000)
  to   space 21824K,   0% used [0x00000000e5560000, 0x00000000e5560000, 0x00000000e6ab0000)
 concurrent mark-sweep generation total 393216K, used 5624K [0x00000000e8000000, 0x0000000100000000, 0x0000000100000000)
 Metaspace       used 36493K, capacity 37308K, committed 37476K, reserved 1081344K
  class space    used 4400K, capacity 4630K, committed 4708K, reserved 1048576K
}
2017-06-06T10:29:56.997+0700: 37.997: Total time for which application threads were stopped: 0.1713886 seconds, Stopping threads took: 0.0000319 seconds
2017-06-06T10:29:57.056+0700: 38.056: Total time for which application threads were stopped: 0.0001491 seconds, Stopping threads took: 0.0000297 seconds
2017-06-06T10:29:57.056+0700: 38.056: Total time for which application threads were stopped: 0.0000664 seconds, Stopping threads took: 0.0000135 seconds
2017-06-06T10:29:57.056+0700: 38.056: Total time for which application threads were stopped: 0.0001210 seconds, Stopping threads took: 0.0000513 seconds
2017-06-06T10:29:57.056+0700: 38.056: Total time for which application threads were stopped: 0.0001156 seconds, Stopping threads took: 0.0000519 seconds
2017-06-06T10:29:57.056+0700: 38.056: Total time for which application threads were stopped: 0.0000805 seconds, Stopping threads took: 0.0000178 seconds
2017-06-06T10:29:57.056+0700: 38.056: Total time for which application threads were stopped: 0.0000756 seconds, Stopping threads took: 0.0000151 seconds
2017-06-06T10:29:57.056+0700: 38.056: Total time for which application threads were stopped: 0.0000789 seconds, Stopping threads took: 0.0000178 seconds
2017-06-06T10:29:57.057+0700: 38.057: Total time for which application threads were stopped: 0.0000799 seconds, Stopping threads took: 0.0000184 seconds
2017-06-06T10:29:57.057+0700: 38.057: Total time for which application threads were stopped: 0.0001318 seconds, Stopping threads took: 0.0000583 seconds
2017-06-06T10:29:57.057+0700: 38.057: Total time for which application threads were stopped: 0.0001810 seconds, Stopping threads took: 0.0001043 seconds
2017-06-06T10:29:57.057+0700: 38.057: Total time for which application threads were stopped: 0.0001637 seconds, Stopping threads took: 0.0000994 seconds
2017-06-06T10:29:57.057+0700: 38.057: Total time for which application threads were stopped: 0.0001313 seconds, Stopping threads took: 0.0000540 seconds
2017-06-06T10:29:57.058+0700: 38.058: Total time for which application threads were stopped: 0.0001345 seconds, Stopping threads took: 0.0000610 seconds
2017-06-06T10:29:57.058+0700: 38.058: Total time for which application threads were stopped: 0.0001172 seconds, Stopping threads took: 0.0000535 seconds
2017-06-06T10:29:57.058+0700: 38.058: Total time for which application threads were stopped: 0.0000627 seconds, Stopping threads took: 0.0000130 seconds
2017-06-06T10:29:57.058+0700: 38.058: Total time for which application threads were stopped: 0.0000864 seconds, Stopping threads took: 0.0000167 seconds
2017-06-06T10:29:57.058+0700: 38.058: Total time for which application threads were stopped: 0.0001167 seconds, Stopping threads took: 0.0000497 seconds
2017-06-06T10:29:57.058+0700: 38.058: Total time for which application threads were stopped: 0.0001140 seconds, Stopping threads took: 0.0000513 seconds
2017-06-06T10:29:57.059+0700: 38.059: Total time for which application threads were stopped: 0.0001642 seconds, Stopping threads took: 0.0000908 seconds
2017-06-06T10:29:57.059+0700: 38.059: Total time for which application threads were stopped: 0.0000778 seconds, Stopping threads took: 0.0000281 seconds
2017-06-06T10:29:57.059+0700: 38.059: Total time for which application threads were stopped: 0.0003274 seconds, Stopping threads took: 0.0000308 seconds
2017-06-06T10:29:57.059+0700: 38.059: Total time for which application threads were stopped: 0.0001599 seconds, Stopping threads took: 0.0000394 seconds
2017-06-06T10:29:57.229+0700: 38.229: Total time for which application threads were stopped: 0.0058644 seconds, Stopping threads took: 0.0056504 seconds
2017-06-06T10:29:57.230+0700: 38.230: Total time for which application threads were stopped: 0.0001653 seconds, Stopping threads took: 0.0000303 seconds
2017-06-06T10:29:57.234+0700: 38.234: Total time for which application threads were stopped: 0.0002064 seconds, Stopping threads took: 0.0000448 seconds
2017-06-06T10:29:57.238+0700: 38.238: Total time for which application threads were stopped: 0.0002696 seconds, Stopping threads took: 0.0000610 seconds
2017-06-06T10:29:57.239+0700: 38.239: Total time for which application threads were stopped: 0.0001691 seconds, Stopping threads took: 0.0000459 seconds
2017-06-06T10:29:57.240+0700: 38.240: Total time for which application threads were stopped: 0.0006029 seconds, Stopping threads took: 0.0004754 seconds
2017-06-06T10:29:57.248+0700: 38.248: Total time for which application threads were stopped: 0.0004230 seconds, Stopping threads took: 0.0002777 seconds
2017-06-06T10:29:57.248+0700: 38.248: Total time for which application threads were stopped: 0.0001831 seconds, Stopping threads took: 0.0000411 seconds
2017-06-06T10:29:57.249+0700: 38.249: Total time for which application threads were stopped: 0.0001826 seconds, Stopping threads took: 0.0000508 seconds
2017-06-06T10:29:57.546+0700: 38.545: Total time for which application threads were stopped: 0.0124428 seconds, Stopping threads took: 0.0119216 seconds
2017-06-06T10:29:57.605+0700: 38.604: Total time for which application threads were stopped: 0.0099860 seconds, Stopping threads took: 0.0097970 seconds
2017-06-06T10:29:57.613+0700: 38.612: Total time for which application threads were stopped: 0.0002382 seconds, Stopping threads took: 0.0000546 seconds
2017-06-06T10:29:57.619+0700: 38.618: Total time for which application threads were stopped: 0.0003949 seconds, Stopping threads took: 0.0001983 seconds
2017-06-06T10:29:57.637+0700: 38.637: Total time for which application threads were stopped: 0.0019134 seconds, Stopping threads took: 0.0016741 seconds
2017-06-06T10:29:57.727+0700: 38.727: Total time for which application threads were stopped: 0.0063343 seconds, Stopping threads took: 0.0061101 seconds
{Heap before GC invocations=9 (full 1):
 par new generation   total 109248K, used 106524K [0x00000000e0000000, 0x00000000e8000000, 0x00000000e8000000)
  eden space 87424K, 100% used [0x00000000e0000000, 0x00000000e5560000, 0x00000000e5560000)
  from space 21824K,  87% used [0x00000000e6ab0000, 0x00000000e7d57268, 0x00000000e8000000)
  to   space 21824K,   0% used [0x00000000e5560000, 0x00000000e5560000, 0x00000000e6ab0000)
 concurrent mark-sweep generation total 393216K, used 5624K [0x00000000e8000000, 0x0000000100000000, 0x0000000100000000)
 Metaspace       used 36663K, capacity 37498K, committed 37732K, reserved 1083392K
  class space    used 4416K, capacity 4667K, committed 4708K, reserved 1048576K
2017-06-06T10:29:57.732+0700: 38.731: [GC (Allocation Failure) 2017-06-06T10:29:57.732+0700: 38.731: [ParNew
Desired survivor size 20112992 bytes, new threshold 8 (max 8)
- age   1:    2554264 bytes,    2554264 total
- age   2:    5550056 bytes,    8104320 total
- age   3:    2056376 bytes,   10160696 total
- age   4:     135776 bytes,   10296472 total
- age   5:     248512 bytes,   10544984 total
- age   6:     113120 bytes,   10658104 total
- age   7:     285720 bytes,   10943824 total
- age   8:    2732424 bytes,   13676248 total
: 106524K->17219K(109248K), 0.0330475 secs] 112149K->24367K(502464K), 0.0332349 secs] [Times: user=0.09 sys=0.00, real=0.03 secs] 
Heap after GC invocations=10 (full 1):
 par new generation   total 109248K, used 17219K [0x00000000e0000000, 0x00000000e8000000, 0x00000000e8000000)
  eden space 87424K,   0% used [0x00000000e0000000, 0x00000000e0000000, 0x00000000e5560000)
  from space 21824K,  78% used [0x00000000e5560000, 0x00000000e6630eb0, 0x00000000e6ab0000)
  to   space 21824K,   0% used [0x00000000e6ab0000, 0x00000000e6ab0000, 0x00000000e8000000)
 concurrent mark-sweep generation total 393216K, used 7148K [0x00000000e8000000, 0x0000000100000000, 0x0000000100000000)
 Metaspace       used 36663K, capacity 37498K, committed 37732K, reserved 1083392K
  class space    used 4416K, capacity 4667K, committed 4708K, reserved 1048576K
}
2017-06-06T10:29:57.765+0700: 38.765: Total time for which application threads were stopped: 0.0337141 seconds, Stopping threads took: 0.0000832 seconds
2017-06-06T10:29:57.766+0700: 38.765: Total time for which application threads were stopped: 0.0002469 seconds, Stopping threads took: 0.0000540 seconds
2017-06-06T10:29:57.798+0700: 38.797: Total time for which application threads were stopped: 0.0024276 seconds, Stopping threads took: 0.0022521 seconds
2017-06-06T10:29:57.799+0700: 38.799: Total time for which application threads were stopped: 0.0016946 seconds, Stopping threads took: 0.0015439 seconds
2017-06-06T10:29:57.800+0700: 38.799: Total time for which application threads were stopped: 0.0001302 seconds, Stopping threads took: 0.0000313 seconds
2017-06-06T10:29:57.801+0700: 38.801: Total time for which application threads were stopped: 0.0016444 seconds, Stopping threads took: 0.0015104 seconds
2017-06-06T10:29:57.802+0700: 38.801: Total time for which application threads were stopped: 0.0001437 seconds, Stopping threads took: 0.0000297 seconds
2017-06-06T10:29:57.802+0700: 38.801: Total time for which application threads were stopped: 0.0001075 seconds, Stopping threads took: 0.0000157 seconds
2017-06-06T10:29:57.802+0700: 38.801: Total time for which application threads were stopped: 0.0001107 seconds, Stopping threads took: 0.0000173 seconds
2017-06-06T10:29:57.802+0700: 38.801: Total time for which application threads were stopped: 0.0001026 seconds, Stopping threads took: 0.0000162 seconds
2017-06-06T10:29:57.802+0700: 38.802: Total time for which application threads were stopped: 0.0001070 seconds, Stopping threads took: 0.0000173 seconds
2017-06-06T10:29:57.802+0700: 38.802: Total time for which application threads were stopped: 0.0001729 seconds, Stopping threads took: 0.0000772 seconds
2017-06-06T10:29:57.809+0700: 38.808: Total time for which application threads were stopped: 0.0056137 seconds, Stopping threads took: 0.0054408 seconds
2017-06-06T10:29:57.811+0700: 38.810: Total time for which application threads were stopped: 0.0016638 seconds, Stopping threads took: 0.0015066 seconds
2017-06-06T10:29:57.811+0700: 38.810: Total time for which application threads were stopped: 0.0001302 seconds, Stopping threads took: 0.0000303 seconds
2017-06-06T10:29:57.813+0700: 38.812: Total time for which application threads were stopped: 0.0020225 seconds, Stopping threads took: 0.0018480 seconds
2017-06-06T10:29:57.813+0700: 38.813: Total time for which application threads were stopped: 0.0001361 seconds, Stopping threads took: 0.0000335 seconds
2017-06-06T10:29:57.814+0700: 38.813: Total time for which application threads were stopped: 0.0008454 seconds, Stopping threads took: 0.0006990 seconds
2017-06-06T10:29:57.814+0700: 38.814: Total time for which application threads were stopped: 0.0001610 seconds, Stopping threads took: 0.0000583 seconds
2017-06-06T10:29:57.815+0700: 38.814: Total time for which application threads were stopped: 0.0005191 seconds, Stopping threads took: 0.0000313 seconds
2017-06-06T10:29:57.815+0700: 38.815: Total time for which application threads were stopped: 0.0001529 seconds, Stopping threads took: 0.0000324 seconds
2017-06-06T10:29:57.824+0700: 38.823: Total time for which application threads were stopped: 0.0033746 seconds, Stopping threads took: 0.0031758 seconds
2017-06-06T10:29:57.858+0700: 38.858: Total time for which application threads were stopped: 0.0003744 seconds, Stopping threads took: 0.0000999 seconds
2017-06-06T10:29:57.861+0700: 38.860: Total time for which application threads were stopped: 0.0002447 seconds, Stopping threads took: 0.0000556 seconds
2017-06-06T10:29:57.867+0700: 38.866: Total time for which application threads were stopped: 0.0003036 seconds, Stopping threads took: 0.0001124 seconds
2017-06-06T10:29:57.898+0700: 38.897: Total time for which application threads were stopped: 0.0014920 seconds, Stopping threads took: 0.0012862 seconds
2017-06-06T10:29:57.900+0700: 38.899: Total time for which application threads were stopped: 0.0002550 seconds, Stopping threads took: 0.0000546 seconds
2017-06-06T10:29:58.121+0700: 39.120: Total time for which application threads were stopped: 0.0263356 seconds, Stopping threads took: 0.0261330 seconds
2017-06-06T10:29:58.188+0700: 39.188: Total time for which application threads were stopped: 0.0297717 seconds, Stopping threads took: 0.0295821 seconds
{Heap before GC invocations=10 (full 1):
 par new generation   total 109248K, used 104643K [0x00000000e0000000, 0x00000000e8000000, 0x00000000e8000000)
  eden space 87424K, 100% used [0x00000000e0000000, 0x00000000e5560000, 0x00000000e5560000)
  from space 21824K,  78% used [0x00000000e5560000, 0x00000000e6630eb0, 0x00000000e6ab0000)
  to   space 21824K,   0% used [0x00000000e6ab0000, 0x00000000e6ab0000, 0x00000000e8000000)
 concurrent mark-sweep generation total 393216K, used 7148K [0x00000000e8000000, 0x0000000100000000, 0x0000000100000000)
 Metaspace       used 36689K, capacity 37562K, committed 37732K, reserved 1083392K
  class space    used 4417K, capacity 4667K, committed 4708K, reserved 1048576K
2017-06-06T10:29:58.219+0700: 39.219: [GC (Allocation Failure) 2017-06-06T10:29:58.219+0700: 39.219: [ParNew
Desired survivor size 20112992 bytes, new threshold 8 (max 8)
- age   1:    1046344 bytes,    1046344 total
- age   2:    2214264 bytes,    3260608 total
- age   3:    5200536 bytes,    8461144 total
- age   4:    2056376 bytes,   10517520 total
- age   5:     135776 bytes,   10653296 total
- age   6:     248512 bytes,   10901808 total
- age   7:     113120 bytes,   11014928 total
- age   8:     285720 bytes,   11300648 total
: 104643K->13843K(109248K), 0.0261665 secs] 111791K->23701K(502464K), 0.0263393 secs] [Times: user=0.13 sys=0.00, real=0.03 secs] 
Heap after GC invocations=11 (full 1):
 par new generation   total 109248K, used 13843K [0x00000000e0000000, 0x00000000e8000000, 0x00000000e8000000)
  eden space 87424K,   0% used [0x00000000e0000000, 0x00000000e0000000, 0x00000000e5560000)
  from space 21824K,  63% used [0x00000000e6ab0000, 0x00000000e7834d80, 0x00000000e8000000)
  to   space 21824K,   0% used [0x00000000e5560000, 0x00000000e5560000, 0x00000000e6ab0000)
 concurrent mark-sweep generation total 393216K, used 9858K [0x00000000e8000000, 0x0000000100000000, 0x0000000100000000)
 Metaspace       used 36689K, capacity 37562K, committed 37732K, reserved 1083392K
  class space    used 4417K, capacity 4667K, committed 4708K, reserved 1048576K
}
2017-06-06T10:29:58.245+0700: 39.245: Total time for which application threads were stopped: 0.0268109 seconds, Stopping threads took: 0.0000454 seconds
2017-06-06T10:29:58.345+0700: 39.345: Total time for which application threads were stopped: 0.0599800 seconds, Stopping threads took: 0.0597882 seconds
2017-06-06T10:29:58.399+0700: 39.398: Total time for which application threads were stopped: 0.0039899 seconds, Stopping threads took: 0.0037679 seconds
2017-06-06T10:29:58.404+0700: 39.403: Total time for which application threads were stopped: 0.0029230 seconds, Stopping threads took: 0.0027426 seconds
2017-06-06T10:29:58.524+0700: 39.524: Total time for which application threads were stopped: 0.0096122 seconds, Stopping threads took: 0.0094151 seconds
{Heap before GC invocations=11 (full 1):
 par new generation   total 109248K, used 101267K [0x00000000e0000000, 0x00000000e8000000, 0x00000000e8000000)
  eden space 87424K, 100% used [0x00000000e0000000, 0x00000000e5560000, 0x00000000e5560000)
  from space 21824K,  63% used [0x00000000e6ab0000, 0x00000000e7834d80, 0x00000000e8000000)
  to   space 21824K,   0% used [0x00000000e5560000, 0x00000000e5560000, 0x00000000e6ab0000)
 concurrent mark-sweep generation total 393216K, used 9858K [0x00000000e8000000, 0x0000000100000000, 0x0000000100000000)
 Metaspace       used 36757K, capacity 37732K, committed 37988K, reserved 1083392K
  class space    used 4421K, capacity 4674K, committed 4708K, reserved 1048576K
2017-06-06T10:29:58.621+0700: 39.621: [GC (Allocation Failure) 2017-06-06T10:29:58.622+0700: 39.622: [ParNew
Desired survivor size 20112992 bytes, new threshold 8 (max 8)
- age   1:    1158920 bytes,    1158920 total
- age   2:     346104 bytes,    1505024 total
- age   3:    2204312 bytes,    3709336 total
- age   4:    5200400 bytes,    8909736 total
- age   5:    2056376 bytes,   10966112 total
- age   6:     135776 bytes,   11101888 total
- age   7:     248512 bytes,   11350400 total
- age   8:     112912 bytes,   11463312 total
: 101267K->17512K(109248K), 0.0205036 secs] 111125K->27656K(502464K), 0.0207510 secs] [Times: user=0.06 sys=0.00, real=0.02 secs] 
Heap after GC invocations=12 (full 1):
 par new generation   total 109248K, used 17512K [0x00000000e0000000, 0x00000000e8000000, 0x00000000e8000000)
  eden space 87424K,   0% used [0x00000000e0000000, 0x00000000e0000000, 0x00000000e5560000)
  from space 21824K,  80% used [0x00000000e5560000, 0x00000000e667a2f8, 0x00000000e6ab0000)
  to   space 21824K,   0% used [0x00000000e6ab0000, 0x00000000e6ab0000, 0x00000000e8000000)
 concurrent mark-sweep generation total 393216K, used 10143K [0x00000000e8000000, 0x0000000100000000, 0x0000000100000000)
 Metaspace       used 36757K, capacity 37732K, committed 37988K, reserved 1083392K
  class space    used 4421K, capacity 4674K, committed 4708K, reserved 1048576K
}
2017-06-06T10:29:58.642+0700: 39.642: Total time for which application threads were stopped: 0.0946037 seconds, Stopping threads took: 0.0734492 seconds
2017-06-06T10:29:58.644+0700: 39.644: Total time for which application threads were stopped: 0.0002852 seconds, Stopping threads took: 0.0001005 seconds
2017-06-06T10:29:58.657+0700: 39.657: Total time for which application threads were stopped: 0.0003538 seconds, Stopping threads took: 0.0001723 seconds
2017-06-06T10:29:58.773+0700: 39.773: Total time for which application threads were stopped: 0.0065909 seconds, Stopping threads took: 0.0059870 seconds
{Heap before GC invocations=12 (full 1):
 par new generation   total 109248K, used 104936K [0x00000000e0000000, 0x00000000e8000000, 0x00000000e8000000)
  eden space 87424K, 100% used [0x00000000e0000000, 0x00000000e5560000, 0x00000000e5560000)
  from space 21824K,  80% used [0x00000000e5560000, 0x00000000e667a2f8, 0x00000000e6ab0000)
  to   space 21824K,   0% used [0x00000000e6ab0000, 0x00000000e6ab0000, 0x00000000e8000000)
 concurrent mark-sweep generation total 393216K, used 10143K [0x00000000e8000000, 0x0000000100000000, 0x0000000100000000)
 Metaspace       used 36824K, capacity 37756K, committed 37988K, reserved 1083392K
  class space    used 4423K, capacity 4678K, committed 4708K, reserved 1048576K
2017-06-06T10:29:58.924+0700: 39.924: [GC (Allocation Failure) 2017-06-06T10:29:58.924+0700: 39.924: [ParNew
Desired survivor size 20112992 bytes, new threshold 8 (max 8)
- age   1:     558192 bytes,     558192 total
- age   2:     832272 bytes,    1390464 total
- age   3:     331872 bytes,    1722336 total
- age   4:    2202760 bytes,    3925096 total
- age   5:    5200400 bytes,    9125496 total
- age   6:    2055544 bytes,   11181040 total
- age   7:     135776 bytes,   11316816 total
- age   8:     248512 bytes,   11565328 total
: 104936K->14576K(109248K), 0.0195523 secs] 115080K->24833K(502464K), 0.0197112 secs] [Times: user=0.11 sys=0.00, real=0.02 secs] 
Heap after GC invocations=13 (full 1):
 par new generation   total 109248K, used 14576K [0x00000000e0000000, 0x00000000e8000000, 0x00000000e8000000)
  eden space 87424K,   0% used [0x00000000e0000000, 0x00000000e0000000, 0x00000000e5560000)
  from space 21824K,  66% used [0x00000000e6ab0000, 0x00000000e78ec128, 0x00000000e8000000)
  to   space 21824K,   0% used [0x00000000e5560000, 0x00000000e5560000, 0x00000000e6ab0000)
 concurrent mark-sweep generation total 393216K, used 10257K [0x00000000e8000000, 0x0000000100000000, 0x0000000100000000)
 Metaspace       used 36824K, capacity 37756K, committed 37988K, reserved 1083392K
  class space    used 4423K, capacity 4678K, committed 4708K, reserved 1048576K
}
2017-06-06T10:29:58.944+0700: 39.943: Total time for which application threads were stopped: 0.0218255 seconds, Stopping threads took: 0.0016843 seconds
2017-06-06T10:29:59.219+0700: 40.218: Total time for which application threads were stopped: 0.0026453 seconds, Stopping threads took: 0.0024082 seconds
2017-06-06T10:29:59.219+0700: 40.219: Total time for which application threads were stopped: 0.0001480 seconds, Stopping threads took: 0.0000384 seconds
2017-06-06T10:29:59.223+0700: 40.222: Total time for which application threads were stopped: 0.0018556 seconds, Stopping threads took: 0.0016670 seconds
2017-06-06T10:29:59.579+0700: 40.578: Total time for which application threads were stopped: 0.0015347 seconds, Stopping threads took: 0.0012813 seconds
2017-06-06T10:29:59.579+0700: 40.578: Total time for which application threads were stopped: 0.0001750 seconds, Stopping threads took: 0.0000621 seconds
2017-06-06T10:29:59.625+0700: 40.625: Total time for which application threads were stopped: 0.0242974 seconds, Stopping threads took: 0.0241046 seconds
{Heap before GC invocations=13 (full 1):
 par new generation   total 109248K, used 102000K [0x00000000e0000000, 0x00000000e8000000, 0x00000000e8000000)
  eden space 87424K, 100% used [0x00000000e0000000, 0x00000000e5560000, 0x00000000e5560000)
  from space 21824K,  66% used [0x00000000e6ab0000, 0x00000000e78ec128, 0x00000000e8000000)
  to   space 21824K,   0% used [0x00000000e5560000, 0x00000000e5560000, 0x00000000e6ab0000)
 concurrent mark-sweep generation total 393216K, used 10257K [0x00000000e8000000, 0x0000000100000000, 0x0000000100000000)
 Metaspace       used 36934K, capacity 37896K, committed 37988K, reserved 1083392K
  class space    used 4424K, capacity 4680K, committed 4708K, reserved 1048576K
2017-06-06T10:29:59.705+0700: 40.705: [GC (Allocation Failure) 2017-06-06T10:29:59.705+0700: 40.705: [ParNew
Desired survivor size 20112992 bytes, new threshold 8 (max 8)
- age   1:    1473768 bytes,    1473768 total
- age   2:     137648 bytes,    1611416 total
- age   3:     123704 bytes,    1735120 total
- age   4:     272688 bytes,    2007808 total
- age   5:    1435984 bytes,    3443792 total
- age   6:    5185792 bytes,    8629584 total
- age   7:    2034008 bytes,   10663592 total
- age   8:     135776 bytes,   10799368 total
: 102000K->14157K(109248K), 0.0190629 secs] 112257K->24662K(502464K), 0.0192520 secs] [Times: user=0.05 sys=0.02, real=0.02 secs] 
Heap after GC invocations=14 (full 1):
 par new generation   total 109248K, used 14157K [0x00000000e0000000, 0x00000000e8000000, 0x00000000e8000000)
  eden space 87424K,   0% used [0x00000000e0000000, 0x00000000e0000000, 0x00000000e5560000)
  from space 21824K,  64% used [0x00000000e5560000, 0x00000000e63334c0, 0x00000000e6ab0000)
  to   space 21824K,   0% used [0x00000000e6ab0000, 0x00000000e6ab0000, 0x00000000e8000000)
 concurrent mark-sweep generation total 393216K, used 10505K [0x00000000e8000000, 0x0000000100000000, 0x0000000100000000)
 Metaspace       used 36934K, capacity 37896K, committed 37988K, reserved 1083392K
  class space    used 4424K, capacity 4680K, committed 4708K, reserved 1048576K
}
2017-06-06T10:29:59.724+0700: 40.724: Total time for which application threads were stopped: 0.0623476 seconds, Stopping threads took: 0.0426997 seconds
2017-06-06T10:29:59.776+0700: 40.776: Total time for which application threads were stopped: 0.0467257 seconds, Stopping threads took: 0.0465469 seconds
2017-06-06T10:29:59.777+0700: 40.777: Total time for which application threads were stopped: 0.0005272 seconds, Stopping threads took: 0.0003792 seconds
2017-06-06T10:29:59.794+0700: 40.793: Total time for which application threads were stopped: 0.0143827 seconds, Stopping threads took: 0.0141736 seconds
2017-06-06T10:29:59.795+0700: 40.795: Total time for which application threads were stopped: 0.0002107 seconds, Stopping threads took: 0.0000427 seconds
2017-06-06T10:29:59.827+0700: 40.827: Total time for which application threads were stopped: 0.0090456 seconds, Stopping threads took: 0.0088511 seconds
2017-06-06T10:29:59.833+0700: 40.833: Total time for which application threads were stopped: 0.0002728 seconds, Stopping threads took: 0.0000535 seconds
2017-06-06T10:29:59.868+0700: 40.868: Total time for which application threads were stopped: 0.0008535 seconds, Stopping threads took: 0.0006396 seconds
2017-06-06T10:29:59.924+0700: 40.924: Total time for which application threads were stopped: 0.0022899 seconds, Stopping threads took: 0.0020949 seconds
2017-06-06T10:29:59.928+0700: 40.928: Total time for which application threads were stopped: 0.0021262 seconds, Stopping threads took: 0.0019577 seconds
2017-06-06T10:29:59.941+0700: 40.941: Total time for which application threads were stopped: 0.0031472 seconds, Stopping threads took: 0.0029803 seconds
2017-06-06T10:29:59.945+0700: 40.945: Total time for which application threads were stopped: 0.0002220 seconds, Stopping threads took: 0.0000481 seconds
2017-06-06T10:29:59.945+0700: 40.945: Total time for which application threads were stopped: 0.0001394 seconds, Stopping threads took: 0.0000297 seconds
2017-06-06T10:29:59.954+0700: 40.954: Total time for which application threads were stopped: 0.0003603 seconds, Stopping threads took: 0.0001891 seconds
2017-06-06T10:29:59.954+0700: 40.954: Total time for which application threads were stopped: 0.0001388 seconds, Stopping threads took: 0.0000308 seconds
2017-06-06T10:29:59.956+0700: 40.956: Total time for which application threads were stopped: 0.0002474 seconds, Stopping threads took: 0.0000513 seconds
2017-06-06T10:29:59.957+0700: 40.957: Total time for which application threads were stopped: 0.0002047 seconds, Stopping threads took: 0.0000492 seconds
2017-06-06T10:29:59.957+0700: 40.957: Total time for which application threads were stopped: 0.0001777 seconds, Stopping threads took: 0.0000562 seconds
2017-06-06T10:29:59.957+0700: 40.957: Total time for which application threads were stopped: 0.0001712 seconds, Stopping threads took: 0.0000384 seconds
2017-06-06T10:29:59.958+0700: 40.958: Total time for which application threads were stopped: 0.0001518 seconds, Stopping threads took: 0.0000367 seconds
2017-06-06T10:29:59.959+0700: 40.959: Total time for which application threads were stopped: 0.0001928 seconds, Stopping threads took: 0.0000400 seconds
2017-06-06T10:29:59.959+0700: 40.959: Total time for which application threads were stopped: 0.0001820 seconds, Stopping threads took: 0.0000438 seconds
2017-06-06T10:29:59.960+0700: 40.960: Total time for which application threads were stopped: 0.0002447 seconds, Stopping threads took: 0.0000351 seconds
2017-06-06T10:29:59.960+0700: 40.960: Total time for which application threads were stopped: 0.0001745 seconds, Stopping threads took: 0.0000330 seconds
2017-06-06T10:29:59.960+0700: 40.960: Total time for which application threads were stopped: 0.0001653 seconds, Stopping threads took: 0.0000319 seconds
2017-06-06T10:29:59.961+0700: 40.961: Total time for which application threads were stopped: 0.0001604 seconds, Stopping threads took: 0.0000275 seconds
2017-06-06T10:29:59.961+0700: 40.961: Total time for which application threads were stopped: 0.0001459 seconds, Stopping threads took: 0.0000259 seconds
2017-06-06T10:29:59.961+0700: 40.961: Total time for which application threads were stopped: 0.0001496 seconds, Stopping threads took: 0.0000254 seconds
2017-06-06T10:29:59.961+0700: 40.961: Total time for which application threads were stopped: 0.0001496 seconds, Stopping threads took: 0.0000265 seconds
2017-06-06T10:29:59.961+0700: 40.961: Total time for which application threads were stopped: 0.0001502 seconds, Stopping threads took: 0.0000243 seconds
2017-06-06T10:29:59.962+0700: 40.962: Total time for which application threads were stopped: 0.0001491 seconds, Stopping threads took: 0.0000286 seconds
2017-06-06T10:29:59.963+0700: 40.963: Total time for which application threads were stopped: 0.0001761 seconds, Stopping threads took: 0.0000346 seconds
2017-06-06T10:29:59.963+0700: 40.963: Total time for which application threads were stopped: 0.0001691 seconds, Stopping threads took: 0.0000308 seconds
2017-06-06T10:29:59.964+0700: 40.964: Total time for which application threads were stopped: 0.0001513 seconds, Stopping threads took: 0.0000265 seconds
2017-06-06T10:29:59.964+0700: 40.964: Total time for which application threads were stopped: 0.0002836 seconds, Stopping threads took: 0.0001534 seconds
2017-06-06T10:29:59.965+0700: 40.965: Total time for which application threads were stopped: 0.0005737 seconds, Stopping threads took: 0.0000275 seconds
2017-06-06T10:29:59.969+0700: 40.969: Total time for which application threads were stopped: 0.0002204 seconds, Stopping threads took: 0.0000416 seconds
2017-06-06T10:29:59.970+0700: 40.970: Total time for which application threads were stopped: 0.0002042 seconds, Stopping threads took: 0.0000459 seconds
2017-06-06T10:30:00.015+0700: 41.015: Total time for which application threads were stopped: 0.0002382 seconds, Stopping threads took: 0.0000567 seconds
2017-06-06T10:30:00.015+0700: 41.015: Total time for which application threads were stopped: 0.0001496 seconds, Stopping threads took: 0.0000324 seconds
2017-06-06T10:30:00.146+0700: 41.146: Total time for which application threads were stopped: 0.0005472 seconds, Stopping threads took: 0.0003576 seconds
2017-06-06T10:30:00.171+0700: 41.171: Total time for which application threads were stopped: 0.0002134 seconds, Stopping threads took: 0.0000389 seconds
2017-06-06T10:30:00.172+0700: 41.172: Total time for which application threads were stopped: 0.0002010 seconds, Stopping threads took: 0.0000443 seconds
2017-06-06T10:30:00.217+0700: 41.217: Total time for which application threads were stopped: 0.0002409 seconds, Stopping threads took: 0.0000443 seconds
2017-06-06T10:30:00.217+0700: 41.217: Total time for which application threads were stopped: 0.0001286 seconds, Stopping threads took: 0.0000221 seconds
2017-06-06T10:30:00.222+0700: 41.222: Total time for which application threads were stopped: 0.0002042 seconds, Stopping threads took: 0.0000400 seconds
2017-06-06T10:30:00.223+0700: 41.223: Total time for which application threads were stopped: 0.0002031 seconds, Stopping threads took: 0.0000470 seconds
2017-06-06T10:30:00.230+0700: 41.230: Total time for which application threads were stopped: 0.0002301 seconds, Stopping threads took: 0.0000470 seconds
2017-06-06T10:30:00.241+0700: 41.241: Total time for which application threads were stopped: 0.0002415 seconds, Stopping threads took: 0.0000556 seconds
2017-06-06T10:30:00.247+0700: 41.247: Total time for which application threads were stopped: 0.0013337 seconds, Stopping threads took: 0.0011576 seconds
2017-06-06T10:30:00.253+0700: 41.252: Total time for which application threads were stopped: 0.0017902 seconds, Stopping threads took: 0.0016346 seconds
2017-06-06T10:30:00.269+0700: 41.268: Total time for which application threads were stopped: 0.0010150 seconds, Stopping threads took: 0.0008384 seconds
2017-06-06T10:30:00.274+0700: 41.273: Total time for which application threads were stopped: 0.0004505 seconds, Stopping threads took: 0.0002507 seconds
2017-06-06T10:30:00.275+0700: 41.274: Total time for which application threads were stopped: 0.0002377 seconds, Stopping threads took: 0.0000616 seconds
{Heap before GC invocations=14 (full 1):
 par new generation   total 109248K, used 101569K [0x00000000e0000000, 0x00000000e8000000, 0x00000000e8000000)
  eden space 87424K,  99% used [0x00000000e0000000, 0x00000000e555d0a0, 0x00000000e5560000)
  from space 21824K,  64% used [0x00000000e5560000, 0x00000000e63334c0, 0x00000000e6ab0000)
  to   space 21824K,   0% used [0x00000000e6ab0000, 0x00000000e6ab0000, 0x00000000e8000000)
 concurrent mark-sweep generation total 393216K, used 10505K [0x00000000e8000000, 0x0000000100000000, 0x0000000100000000)
 Metaspace       used 37137K, capacity 38044K, committed 38372K, reserved 1083392K
  class space    used 4440K, capacity 4720K, committed 4836K, reserved 1048576K
2017-06-06T10:30:00.918+0700: 41.918: [GC (Allocation Failure) 2017-06-06T10:30:00.918+0700: 41.918: [ParNew
Desired survivor size 20112992 bytes, new threshold 8 (max 8)
- age   1:    5707472 bytes,    5707472 total
- age   2:    1353872 bytes,    7061344 total
- age   3:     136304 bytes,    7197648 total
- age   4:     123496 bytes,    7321144 total
- age   5:     263592 bytes,    7584736 total
- age   6:    1255352 bytes,    8840088 total
- age   7:    1952368 bytes,   10792456 total
- age   8:    1965920 bytes,   12758376 total
: 101569K->15746K(109248K), 0.0204858 secs] 112074K->26388K(502464K), 0.0206576 secs] [Times: user=0.06 sys=0.00, real=0.02 secs] 
Heap after GC invocations=15 (full 1):
 par new generation   total 109248K, used 15746K [0x00000000e0000000, 0x00000000e8000000, 0x00000000e8000000)
  eden space 87424K,   0% used [0x00000000e0000000, 0x00000000e0000000, 0x00000000e5560000)
  from space 21824K,  72% used [0x00000000e6ab0000, 0x00000000e7a10b40, 0x00000000e8000000)
  to   space 21824K,   0% used [0x00000000e5560000, 0x00000000e5560000, 0x00000000e6ab0000)
 concurrent mark-sweep generation total 393216K, used 10641K [0x00000000e8000000, 0x0000000100000000, 0x0000000100000000)
 Metaspace       used 37137K, capacity 38044K, committed 38372K, reserved 1083392K
  class space    used 4440K, capacity 4720K, committed 4836K, reserved 1048576K
}
2017-06-06T10:30:00.939+0700: 41.939: Total time for which application threads were stopped: 0.0210995 seconds, Stopping threads took: 0.0000567 seconds
2017-06-06T10:30:00.941+0700: 41.940: Total time for which application threads were stopped: 0.0002258 seconds, Stopping threads took: 0.0000556 seconds
2017-06-06T10:30:01.404+0700: 42.404: Total time for which application threads were stopped: 0.0002015 seconds, Stopping threads took: 0.0000562 seconds
2017-06-06T10:30:01.441+0700: 42.441: Total time for which application threads were stopped: 0.0244098 seconds, Stopping threads took: 0.0242585 seconds
{Heap before GC invocations=15 (full 1):
 par new generation   total 109248K, used 103170K [0x00000000e0000000, 0x00000000e8000000, 0x00000000e8000000)
  eden space 87424K, 100% used [0x00000000e0000000, 0x00000000e5560000, 0x00000000e5560000)
  from space 21824K,  72% used [0x00000000e6ab0000, 0x00000000e7a10b40, 0x00000000e8000000)
  to   space 21824K,   0% used [0x00000000e5560000, 0x00000000e5560000, 0x00000000e6ab0000)
 concurrent mark-sweep generation total 393216K, used 10641K [0x00000000e8000000, 0x0000000100000000, 0x0000000100000000)
 Metaspace       used 37172K, capacity 38172K, committed 38372K, reserved 1083392K
  class space    used 4440K, capacity 4720K, committed 4836K, reserved 1048576K
2017-06-06T10:30:01.505+0700: 42.505: [GC (Allocation Failure) 2017-06-06T10:30:01.505+0700: 42.505: [ParNew
Desired survivor size 20112992 bytes, new threshold 8 (max 8)
- age   1:     208352 bytes,     208352 total
- age   2:    5230784 bytes,    5439136 total
- age   3:    1179840 bytes,    6618976 total
- age   4:     136304 bytes,    6755280 total
- age   5:     123496 bytes,    6878776 total
- age   6:     263464 bytes,    7142240 total
- age   7:    1202000 bytes,    8344240 total
- age   8:    1887424 bytes,   10231664 total
: 103170K->15985K(109248K), 0.0271534 secs] 113812K->28522K(502464K), 0.0273279 secs] [Times: user=0.05 sys=0.00, real=0.03 secs] 
Heap after GC invocations=16 (full 1):
 par new generation   total 109248K, used 15985K [0x00000000e0000000, 0x00000000e8000000, 0x00000000e8000000)
  eden space 87424K,   0% used [0x00000000e0000000, 0x00000000e0000000, 0x00000000e5560000)
  from space 21824K,  73% used [0x00000000e5560000, 0x00000000e64fc420, 0x00000000e6ab0000)
  to   space 21824K,   0% used [0x00000000e6ab0000, 0x00000000e6ab0000, 0x00000000e8000000)
 concurrent mark-sweep generation total 393216K, used 12537K [0x00000000e8000000, 0x0000000100000000, 0x0000000100000000)
 Metaspace       used 37172K, capacity 38172K, committed 38372K, reserved 1083392K
  class space    used 4440K, capacity 4720K, committed 4836K, reserved 1048576K
}
2017-06-06T10:30:01.533+0700: 42.533: Total time for which application threads were stopped: 0.0277395 seconds, Stopping threads took: 0.0000346 seconds
2017-06-06T10:30:02.572+0700: 43.571: Total time for which application threads were stopped: 0.0365944 seconds, Stopping threads took: 0.0363319 seconds
2017-06-06T10:30:02.591+0700: 43.591: Total time for which application threads were stopped: 0.0042508 seconds, Stopping threads took: 0.0041120 seconds
2017-06-06T10:30:02.591+0700: 43.591: Total time for which application threads were stopped: 0.0001221 seconds, Stopping threads took: 0.0000275 seconds
2017-06-06T10:30:02.591+0700: 43.591: Total time for which application threads were stopped: 0.0001442 seconds, Stopping threads took: 0.0000438 seconds
2017-06-06T10:30:02.591+0700: 43.591: Total time for which application threads were stopped: 0.0001037 seconds, Stopping threads took: 0.0000313 seconds
2017-06-06T10:30:02.592+0700: 43.592: Total time for which application threads were stopped: 0.0001124 seconds, Stopping threads took: 0.0000405 seconds
2017-06-06T10:30:02.592+0700: 43.592: Total time for which application threads were stopped: 0.0001226 seconds, Stopping threads took: 0.0000330 seconds
2017-06-06T10:30:02.592+0700: 43.592: Total time for which application threads were stopped: 0.0000870 seconds, Stopping threads took: 0.0000216 seconds
2017-06-06T10:30:02.716+0700: 43.716: Total time for which application threads were stopped: 0.0001831 seconds, Stopping threads took: 0.0000459 seconds
2017-06-06T10:30:02.716+0700: 43.716: Total time for which application threads were stopped: 0.0001248 seconds, Stopping threads took: 0.0000308 seconds
2017-06-06T10:30:02.716+0700: 43.716: Total time for which application threads were stopped: 0.0000854 seconds, Stopping threads took: 0.0000205 seconds
2017-06-06T10:30:02.716+0700: 43.716: Total time for which application threads were stopped: 0.0000854 seconds, Stopping threads took: 0.0000211 seconds
2017-06-06T10:30:02.716+0700: 43.716: Total time for which application threads were stopped: 0.0000832 seconds, Stopping threads took: 0.0000200 seconds
2017-06-06T10:30:02.716+0700: 43.716: Total time for which application threads were stopped: 0.0000843 seconds, Stopping threads took: 0.0000200 seconds
2017-06-06T10:30:02.716+0700: 43.716: Total time for which application threads were stopped: 0.0000832 seconds, Stopping threads took: 0.0000200 seconds
2017-06-06T10:30:02.717+0700: 43.717: Total time for which application threads were stopped: 0.0000832 seconds, Stopping threads took: 0.0000200 seconds
2017-06-06T10:30:02.717+0700: 43.717: Total time for which application threads were stopped: 0.0001194 seconds, Stopping threads took: 0.0000319 seconds
2017-06-06T10:30:02.717+0700: 43.717: Total time for which application threads were stopped: 0.0000875 seconds, Stopping threads took: 0.0000227 seconds
2017-06-06T10:30:02.717+0700: 43.717: Total time for which application threads were stopped: 0.0000854 seconds, Stopping threads took: 0.0000211 seconds
2017-06-06T10:30:02.717+0700: 43.717: Total time for which application threads were stopped: 0.0000832 seconds, Stopping threads took: 0.0000200 seconds
2017-06-06T10:30:02.717+0700: 43.717: Total time for which application threads were stopped: 0.0000859 seconds, Stopping threads took: 0.0000211 seconds
2017-06-06T10:30:02.717+0700: 43.717: Total time for which application threads were stopped: 0.0001442 seconds, Stopping threads took: 0.0000200 seconds
2017-06-06T10:30:02.717+0700: 43.717: Total time for which application threads were stopped: 0.0000886 seconds, Stopping threads took: 0.0000216 seconds
2017-06-06T10:30:02.718+0700: 43.718: Total time for which application threads were stopped: 0.0000908 seconds, Stopping threads took: 0.0000227 seconds
2017-06-06T10:30:02.718+0700: 43.718: Total time for which application threads were stopped: 0.0000886 seconds, Stopping threads took: 0.0000227 seconds
2017-06-06T10:30:02.718+0700: 43.718: Total time for which application threads were stopped: 0.0000854 seconds, Stopping threads took: 0.0000200 seconds
2017-06-06T10:30:02.718+0700: 43.718: Total time for which application threads were stopped: 0.0000897 seconds, Stopping threads took: 0.0000227 seconds
2017-06-06T10:30:02.718+0700: 43.718: Total time for which application threads were stopped: 0.0003349 seconds, Stopping threads took: 0.0000205 seconds
2017-06-06T10:30:02.726+0700: 43.726: Total time for which application threads were stopped: 0.0001669 seconds, Stopping threads took: 0.0000470 seconds
2017-06-06T10:30:02.726+0700: 43.726: Total time for which application threads were stopped: 0.0000978 seconds, Stopping threads took: 0.0000243 seconds
2017-06-06T10:30:02.902+0700: 43.902: Total time for which application threads were stopped: 0.0001891 seconds, Stopping threads took: 0.0000470 seconds
2017-06-06T10:30:02.903+0700: 43.904: Total time for which application threads were stopped: 0.0001426 seconds, Stopping threads took: 0.0000248 seconds
2017-06-06T10:30:02.907+0700: 43.907: Total time for which application threads were stopped: 0.0001712 seconds, Stopping threads took: 0.0000367 seconds
2017-06-06T10:30:03.908+0700: 44.908: Total time for which application threads were stopped: 0.0002096 seconds, Stopping threads took: 0.0000378 seconds
2017-06-06T10:30:04.909+0700: 45.908: Total time for which application threads were stopped: 0.0001383 seconds, Stopping threads took: 0.0000324 seconds
2017-06-06T10:30:06.910+0700: 47.910: Total time for which application threads were stopped: 0.0001577 seconds, Stopping threads took: 0.0000465 seconds
2017-06-06T10:30:08.912+0700: 49.911: Total time for which application threads were stopped: 0.0001756 seconds, Stopping threads took: 0.0000432 seconds
2017-06-06T10:30:24.923+0700: 65.922: Total time for which application threads were stopped: 0.0001459 seconds, Stopping threads took: 0.0000362 seconds
2017-06-06T10:30:27.925+0700: 68.925: Total time for which application threads were stopped: 0.0001318 seconds, Stopping threads took: 0.0000313 seconds
2017-06-06T10:30:28.926+0700: 69.925: Total time for which application threads were stopped: 0.0001377 seconds, Stopping threads took: 0.0000330 seconds
2017-06-06T10:30:37.932+0700: 78.932: Total time for which application threads were stopped: 0.0001507 seconds, Stopping threads took: 0.0000319 seconds
2017-06-06T10:30:38.948+0700: 79.948: Total time for which application threads were stopped: 0.0001377 seconds, Stopping threads took: 0.0000335 seconds
2017-06-06T10:30:38.948+0700: 79.948: Total time for which application threads were stopped: 0.0001140 seconds, Stopping threads took: 0.0000367 seconds
2017-06-06T10:30:38.948+0700: 79.948: Total time for which application threads were stopped: 0.0001804 seconds, Stopping threads took: 0.0001080 seconds
2017-06-06T10:30:38.949+0700: 79.948: Total time for which application threads were stopped: 0.0001302 seconds, Stopping threads took: 0.0000497 seconds
2017-06-06T10:30:38.949+0700: 79.949: Total time for which application threads were stopped: 0.0000789 seconds, Stopping threads took: 0.0000243 seconds
2017-06-06T10:31:18.977+0700: 119.977: Total time for which application threads were stopped: 0.0001388 seconds, Stopping threads took: 0.0000378 seconds
2017-06-06T10:31:20.979+0700: 121.978: Total time for which application threads were stopped: 0.0001221 seconds, Stopping threads took: 0.0000281 seconds
2017-06-06T10:31:26.983+0700: 127.983: Total time for which application threads were stopped: 0.0002004 seconds, Stopping threads took: 0.0000362 seconds
2017-06-06T10:31:40.993+0700: 141.992: Total time for which application threads were stopped: 0.0001372 seconds, Stopping threads took: 0.0000275 seconds
2017-06-06T10:31:51.000+0700: 152.000: Total time for which application threads were stopped: 0.0001621 seconds, Stopping threads took: 0.0000367 seconds
2017-06-06T10:31:51.192+0700: 152.192: Total time for which application threads were stopped: 0.0005807 seconds, Stopping threads took: 0.0000465 seconds
2017-06-06T10:31:52.196+0700: 153.195: Total time for which application threads were stopped: 0.0001729 seconds, Stopping threads took: 0.0000335 seconds
2017-06-06T10:31:53.197+0700: 154.196: Total time for which application threads were stopped: 0.0001723 seconds, Stopping threads took: 0.0000357 seconds
2017-06-06T10:31:53.463+0700: 154.463: Total time for which application threads were stopped: 0.0002290 seconds, Stopping threads took: 0.0000567 seconds
2017-06-06T10:31:53.463+0700: 154.463: Total time for which application threads were stopped: 0.0001615 seconds, Stopping threads took: 0.0000205 seconds
2017-06-06T10:31:53.464+0700: 154.463: Total time for which application threads were stopped: 0.0001691 seconds, Stopping threads took: 0.0000583 seconds
2017-06-06T10:31:53.464+0700: 154.464: Total time for which application threads were stopped: 0.0001540 seconds, Stopping threads took: 0.0000308 seconds
2017-06-06T10:31:53.464+0700: 154.464: Total time for which application threads were stopped: 0.0001637 seconds, Stopping threads took: 0.0000373 seconds
2017-06-06T10:31:53.465+0700: 154.465: Total time for which application threads were stopped: 0.0002150 seconds, Stopping threads took: 0.0000535 seconds
2017-06-06T10:31:53.466+0700: 154.465: Total time for which application threads were stopped: 0.0001286 seconds, Stopping threads took: 0.0000243 seconds
2017-06-06T10:31:53.466+0700: 154.465: Total time for which application threads were stopped: 0.0001205 seconds, Stopping threads took: 0.0000384 seconds
2017-06-06T10:31:53.466+0700: 154.465: Total time for which application threads were stopped: 0.0000924 seconds, Stopping threads took: 0.0000162 seconds
2017-06-06T10:31:53.466+0700: 154.466: Total time for which application threads were stopped: 0.0000978 seconds, Stopping threads took: 0.0000221 seconds
2017-06-06T10:31:53.466+0700: 154.466: Total time for which application threads were stopped: 0.0001064 seconds, Stopping threads took: 0.0000286 seconds
2017-06-06T10:31:53.466+0700: 154.466: Total time for which application threads were stopped: 0.0001037 seconds, Stopping threads took: 0.0000265 seconds
2017-06-06T10:31:53.467+0700: 154.466: Total time for which application threads were stopped: 0.0001167 seconds, Stopping threads took: 0.0000330 seconds
2017-06-06T10:31:54.468+0700: 155.467: Total time for which application threads were stopped: 0.0001486 seconds, Stopping threads took: 0.0000270 seconds
2017-06-06T10:32:39.500+0700: 200.499: Total time for which application threads were stopped: 0.0001799 seconds, Stopping threads took: 0.0000535 seconds
2017-06-06T10:32:43.502+0700: 204.502: Total time for which application threads were stopped: 0.0001513 seconds, Stopping threads took: 0.0000459 seconds
2017-06-06T10:32:49.507+0700: 210.506: Total time for which application threads were stopped: 0.0001426 seconds, Stopping threads took: 0.0000362 seconds
2017-06-06T10:34:06.561+0700: 287.561: Total time for which application threads were stopped: 0.0003835 seconds, Stopping threads took: 0.0000637 seconds
2017-06-06T10:34:12.566+0700: 293.565: Total time for which application threads were stopped: 0.0003484 seconds, Stopping threads took: 0.0001426 seconds
2017-06-06T10:34:34.581+0700: 315.581: Total time for which application threads were stopped: 0.0001837 seconds, Stopping threads took: 0.0000432 seconds
2017-06-06T10:43:02.943+0700: 823.943: Total time for which application threads were stopped: 0.0003592 seconds, Stopping threads took: 0.0000475 seconds
2017-06-06T10:43:07.947+0700: 828.946: Total time for which application threads were stopped: 0.0001496 seconds, Stopping threads took: 0.0000286 seconds
2017-06-06T10:44:07.989+0700: 888.989: Total time for which application threads were stopped: 0.0001820 seconds, Stopping threads took: 0.0000465 seconds
2017-06-06T10:44:08.990+0700: 889.989: Total time for which application threads were stopped: 0.0002258 seconds, Stopping threads took: 0.0000908 seconds
2017-06-06T10:44:09.991+0700: 890.990: Total time for which application threads were stopped: 0.0001523 seconds, Stopping threads took: 0.0000389 seconds
2017-06-06T10:44:12.993+0700: 893.992: Total time for which application threads were stopped: 0.0001820 seconds, Stopping threads took: 0.0000362 seconds
{Heap before GC invocations=16 (full 1):
 par new generation   total 109248K, used 103409K [0x00000000e0000000, 0x00000000e8000000, 0x00000000e8000000)
  eden space 87424K, 100% used [0x00000000e0000000, 0x00000000e5560000, 0x00000000e5560000)
  from space 21824K,  73% used [0x00000000e5560000, 0x00000000e64fc420, 0x00000000e6ab0000)
  to   space 21824K,   0% used [0x00000000e6ab0000, 0x00000000e6ab0000, 0x00000000e8000000)
 concurrent mark-sweep generation total 393216K, used 12537K [0x00000000e8000000, 0x0000000100000000, 0x0000000100000000)
 Metaspace       used 37654K, capacity 38586K, committed 38884K, reserved 1083392K
  class space    used 4458K, capacity 4723K, committed 4836K, reserved 1048576K
2017-06-06T10:44:38.323+0700: 919.323: [GC (Allocation Failure) 2017-06-06T10:44:38.323+0700: 919.323: [ParNew
Desired survivor size 20112992 bytes, new threshold 8 (max 8)
- age   1:    3318192 bytes,    3318192 total
- age   2:      77144 bytes,    3395336 total
- age   3:    2636224 bytes,    6031560 total
- age   4:    1072400 bytes,    7103960 total
- age   5:     136304 bytes,    7240264 total
- age   6:     123496 bytes,    7363760 total
- age   7:     263464 bytes,    7627224 total
- age   8:    1166704 bytes,    8793928 total
: 103409K->10324K(109248K), 0.0244600 secs] 115946K->24694K(502464K), 0.0245961 secs] [Times: user=0.06 sys=0.00, real=0.03 secs] 
Heap after GC invocations=17 (full 1):
 par new generation   total 109248K, used 10324K [0x00000000e0000000, 0x00000000e8000000, 0x00000000e8000000)
  eden space 87424K,   0% used [0x00000000e0000000, 0x00000000e0000000, 0x00000000e5560000)
  from space 21824K,  47% used [0x00000000e6ab0000, 0x00000000e74c50c0, 0x00000000e8000000)
  to   space 21824K,   0% used [0x00000000e5560000, 0x00000000e5560000, 0x00000000e6ab0000)
 concurrent mark-sweep generation total 393216K, used 14370K [0x00000000e8000000, 0x0000000100000000, 0x0000000100000000)
 Metaspace       used 37654K, capacity 38586K, committed 38884K, reserved 1083392K
  class space    used 4458K, capacity 4723K, committed 4836K, reserved 1048576K
}
2017-06-06T10:44:38.348+0700: 919.347: Total time for which application threads were stopped: 0.0249608 seconds, Stopping threads took: 0.0000411 seconds
2017-06-06T10:44:39.349+0700: 920.348: Total time for which application threads were stopped: 0.0001648 seconds, Stopping threads took: 0.0000346 seconds
2017-06-06T10:45:53.400+0700: 994.400: Total time for which application threads were stopped: 0.0002123 seconds, Stopping threads took: 0.0000616 seconds
2017-06-06T10:51:14.628+0700: 1315.628: Total time for which application threads were stopped: 0.0002371 seconds, Stopping threads took: 0.0000492 seconds
2017-06-06T10:51:19.632+0700: 1320.631: Total time for which application threads were stopped: 0.0001399 seconds, Stopping threads took: 0.0000297 seconds
2017-06-06T10:51:39.646+0700: 1340.645: Total time for which application threads were stopped: 0.0001453 seconds, Stopping threads took: 0.0000313 seconds
2017-06-06T10:54:03.748+0700: 1484.748: Total time for which application threads were stopped: 0.0002107 seconds, Stopping threads took: 0.0000448 seconds
2017-06-06T10:54:52.801+0700: 1533.800: Total time for which application threads were stopped: 0.0002561 seconds, Stopping threads took: 0.0000556 seconds
2017-06-06T10:56:35.896+0700: 1636.895: Total time for which application threads were stopped: 0.0002199 seconds, Stopping threads took: 0.0000497 seconds
2017-06-06T10:56:37.897+0700: 1638.896: Total time for which application threads were stopped: 0.0001253 seconds, Stopping threads took: 0.0000286 seconds
2017-06-06T10:56:39.898+0700: 1640.898: Total time for which application threads were stopped: 0.0001642 seconds, Stopping threads took: 0.0000384 seconds
2017-06-06T10:57:27.937+0700: 1688.936: Total time for which application threads were stopped: 0.0002123 seconds, Stopping threads took: 0.0000465 seconds
2017-06-06T11:05:23.293+0700: 2164.292: Total time for which application threads were stopped: 0.0003003 seconds, Stopping threads took: 0.0000562 seconds
2017-06-06T11:07:53.399+0700: 2314.399: Total time for which application threads were stopped: 0.0002188 seconds, Stopping threads took: 0.0000524 seconds
2017-06-06T11:11:52.569+0700: 2553.568: Total time for which application threads were stopped: 0.0002177 seconds, Stopping threads took: 0.0000416 seconds
2017-06-06T11:12:07.580+0700: 2568.579: Total time for which application threads were stopped: 0.0001869 seconds, Stopping threads took: 0.0000427 seconds
2017-06-06T11:12:17.587+0700: 2578.586: Total time for which application threads were stopped: 0.0002085 seconds, Stopping threads took: 0.0000470 seconds
2017-06-06T11:12:37.601+0700: 2598.601: Total time for which application threads were stopped: 0.0002598 seconds, Stopping threads took: 0.0000621 seconds
2017-06-06T11:18:22.846+0700: 2943.846: Total time for which application threads were stopped: 0.0002317 seconds, Stopping threads took: 0.0000454 seconds
2017-06-06T11:18:52.867+0700: 2973.867: Total time for which application threads were stopped: 0.0001653 seconds, Stopping threads took: 0.0000346 seconds
2017-06-06T11:23:00.054+0700: 3221.054: Total time for which application threads were stopped: 0.0003425 seconds, Stopping threads took: 0.0001070 seconds
2017-06-06T11:29:29.331+0700: 3610.331: Total time for which application threads were stopped: 0.0002760 seconds, Stopping threads took: 0.0000481 seconds
2017-06-06T11:43:39.938+0700: 4460.938: Total time for which application threads were stopped: 0.0003144 seconds, Stopping threads took: 0.0000486 seconds
2017-06-06T11:52:28.313+0700: 4989.312: Total time for which application threads were stopped: 0.0002771 seconds, Stopping threads took: 0.0000502 seconds
2017-06-06T11:54:14.388+0700: 5095.387: Total time for which application threads were stopped: 0.0003014 seconds, Stopping threads took: 0.0000751 seconds
2017-06-06T11:54:53.416+0700: 5134.415: Total time for which application threads were stopped: 0.0002442 seconds, Stopping threads took: 0.0000556 seconds
2017-06-06T11:57:44.537+0700: 5305.537: Total time for which application threads were stopped: 0.0002031 seconds, Stopping threads took: 0.0000486 seconds
2017-06-06T11:57:46.539+0700: 5307.538: Total time for which application threads were stopped: 0.0001394 seconds, Stopping threads took: 0.0000378 seconds
2017-06-06T12:10:53.097+0700: 6094.096: Total time for which application threads were stopped: 0.0003198 seconds, Stopping threads took: 0.0000438 seconds
2017-06-06T12:11:23.118+0700: 6124.118: Total time for which application threads were stopped: 0.0002285 seconds, Stopping threads took: 0.0000519 seconds
2017-06-06T12:11:53.140+0700: 6154.139: Total time for which application threads were stopped: 0.0001437 seconds, Stopping threads took: 0.0000346 seconds
2017-06-06T12:16:20.329+0700: 6421.329: Total time for which application threads were stopped: 0.0002723 seconds, Stopping threads took: 0.0000454 seconds
2017-06-06T12:17:05.361+0700: 6466.361: Total time for which application threads were stopped: 0.0002182 seconds, Stopping threads took: 0.0000497 seconds
2017-06-06T12:17:06.362+0700: 6467.361: Total time for which application threads were stopped: 0.0001340 seconds, Stopping threads took: 0.0000303 seconds
2017-06-06T12:17:13.367+0700: 6474.366: Total time for which application threads were stopped: 0.0001296 seconds, Stopping threads took: 0.0000303 seconds
2017-06-06T12:17:54.859+0700: 6515.859: Total time for which application threads were stopped: 0.0001945 seconds, Stopping threads took: 0.0000438 seconds
2017-06-06T12:17:55.860+0700: 6516.859: Total time for which application threads were stopped: 0.0001729 seconds, Stopping threads took: 0.0000340 seconds
2017-06-06T12:18:07.970+0700: 6528.969: Total time for which application threads were stopped: 0.0004008 seconds, Stopping threads took: 0.0001221 seconds
2017-06-06T12:18:07.970+0700: 6528.970: Total time for which application threads were stopped: 0.0001880 seconds, Stopping threads took: 0.0000281 seconds
2017-06-06T12:18:07.971+0700: 6528.970: Total time for which application threads were stopped: 0.0003868 seconds, Stopping threads took: 0.0000702 seconds
2017-06-06T12:18:07.971+0700: 6528.971: Total time for which application threads were stopped: 0.0001912 seconds, Stopping threads took: 0.0000675 seconds
2017-06-06T12:18:07.971+0700: 6528.971: Total time for which application threads were stopped: 0.0000810 seconds, Stopping threads took: 0.0000157 seconds
2017-06-06T12:18:07.973+0700: 6528.972: Total time for which application threads were stopped: 0.0001523 seconds, Stopping threads took: 0.0000465 seconds
2017-06-06T12:18:07.973+0700: 6528.972: Total time for which application threads were stopped: 0.0003868 seconds, Stopping threads took: 0.0000205 seconds
2017-06-06T12:18:07.977+0700: 6528.976: Total time for which application threads were stopped: 0.0001448 seconds, Stopping threads took: 0.0000362 seconds
2017-06-06T12:18:07.978+0700: 6528.977: Total time for which application threads were stopped: 0.0007503 seconds, Stopping threads took: 0.0000459 seconds
2017-06-06T12:18:08.978+0700: 6529.978: Total time for which application threads were stopped: 0.0001394 seconds, Stopping threads took: 0.0000286 seconds
2017-06-06T12:18:10.980+0700: 6531.979: Total time for which application threads were stopped: 0.0001334 seconds, Stopping threads took: 0.0000330 seconds
2017-06-06T12:18:17.236+0700: 6538.236: Total time for which application threads were stopped: 0.0002528 seconds, Stopping threads took: 0.0000799 seconds
2017-06-06T12:18:17.256+0700: 6538.256: Total time for which application threads were stopped: 0.0001907 seconds, Stopping threads took: 0.0000556 seconds
2017-06-06T12:18:17.256+0700: 6538.256: Total time for which application threads were stopped: 0.0001594 seconds, Stopping threads took: 0.0000524 seconds
2017-06-06T12:18:17.257+0700: 6538.257: Total time for which application threads were stopped: 0.0001669 seconds, Stopping threads took: 0.0000529 seconds
2017-06-06T12:18:17.257+0700: 6538.257: Total time for which application threads were stopped: 0.0001599 seconds, Stopping threads took: 0.0000540 seconds
2017-06-06T12:18:17.257+0700: 6538.257: Total time for which application threads were stopped: 0.0001453 seconds, Stopping threads took: 0.0000513 seconds
2017-06-06T12:18:17.257+0700: 6538.257: Total time for which application threads were stopped: 0.0001145 seconds, Stopping threads took: 0.0000227 seconds
2017-06-06T12:18:18.258+0700: 6539.257: Total time for which application threads were stopped: 0.0001367 seconds, Stopping threads took: 0.0000281 seconds
2017-06-06T12:18:33.549+0700: 6554.548: Total time for which application threads were stopped: 0.0003960 seconds, Stopping threads took: 0.0002161 seconds
2017-06-06T12:18:33.590+0700: 6554.590: Total time for which application threads were stopped: 0.0001367 seconds, Stopping threads took: 0.0000265 seconds
2017-06-06T12:18:33.655+0700: 6554.654: Total time for which application threads were stopped: 0.0008071 seconds, Stopping threads took: 0.0000265 seconds
2017-06-06T12:18:34.656+0700: 6555.655: Total time for which application threads were stopped: 0.0001599 seconds, Stopping threads took: 0.0000492 seconds
2017-06-06T12:18:36.657+0700: 6557.656: Total time for which application threads were stopped: 0.0001599 seconds, Stopping threads took: 0.0000335 seconds
2017-06-06T12:18:37.658+0700: 6558.657: Total time for which application threads were stopped: 0.0001815 seconds, Stopping threads took: 0.0000405 seconds
2017-06-06T12:18:40.660+0700: 6561.659: Total time for which application threads were stopped: 0.0001350 seconds, Stopping threads took: 0.0000286 seconds
2017-06-06T12:18:44.663+0700: 6565.662: Total time for which application threads were stopped: 0.0001242 seconds, Stopping threads took: 0.0000265 seconds
2017-06-06T12:18:45.907+0700: 6566.906: Total time for which application threads were stopped: 0.0001453 seconds, Stopping threads took: 0.0000340 seconds
2017-06-06T12:18:46.907+0700: 6567.907: Total time for which application threads were stopped: 0.0001334 seconds, Stopping threads took: 0.0000259 seconds
2017-06-06T12:18:51.911+0700: 6572.910: Total time for which application threads were stopped: 0.0001291 seconds, Stopping threads took: 0.0000292 seconds
2017-06-06T12:18:58.916+0700: 6579.915: Total time for which application threads were stopped: 0.0001432 seconds, Stopping threads took: 0.0000330 seconds
2017-06-06T12:19:36.943+0700: 6617.942: Total time for which application threads were stopped: 0.0001669 seconds, Stopping threads took: 0.0000384 seconds
2017-06-06T12:19:54.956+0700: 6635.955: Total time for which application threads were stopped: 0.0001788 seconds, Stopping threads took: 0.0000346 seconds
2017-06-06T12:20:01.961+0700: 6642.960: Total time for which application threads were stopped: 0.0001642 seconds, Stopping threads took: 0.0000346 seconds
2017-06-06T12:20:04.906+0700: 6645.905: Total time for which application threads were stopped: 0.0001702 seconds, Stopping threads took: 0.0000303 seconds
2017-06-06T12:20:04.906+0700: 6645.906: Total time for which application threads were stopped: 0.0003727 seconds, Stopping threads took: 0.0000178 seconds
2017-06-06T12:20:05.906+0700: 6646.906: Total time for which application threads were stopped: 0.0001361 seconds, Stopping threads took: 0.0000319 seconds
2017-06-06T12:20:16.914+0700: 6657.914: Total time for which application threads were stopped: 0.0001486 seconds, Stopping threads took: 0.0000308 seconds
2017-06-06T12:20:22.831+0700: 6663.831: Total time for which application threads were stopped: 0.0001939 seconds, Stopping threads took: 0.0000616 seconds
2017-06-06T12:20:22.832+0700: 6663.832: Total time for which application threads were stopped: 0.0004543 seconds, Stopping threads took: 0.0000632 seconds
2017-06-06T12:20:23.833+0700: 6664.832: Total time for which application threads were stopped: 0.0001475 seconds, Stopping threads took: 0.0000270 seconds
2017-06-06T12:20:25.835+0700: 6666.834: Total time for which application threads were stopped: 0.0001307 seconds, Stopping threads took: 0.0000265 seconds
2017-06-06T12:29:11.206+0700: 7192.205: Total time for which application threads were stopped: 0.0002777 seconds, Stopping threads took: 0.0000465 seconds
2017-06-06T12:36:23.510+0700: 7624.509: Total time for which application threads were stopped: 0.0002717 seconds, Stopping threads took: 0.0000502 seconds
2017-06-06T12:43:40.819+0700: 8061.818: Total time for which application threads were stopped: 0.0002571 seconds, Stopping threads took: 0.0000475 seconds
2017-06-06T12:47:56.998+0700: 8317.997: Total time for which application threads were stopped: 0.0003241 seconds, Stopping threads took: 0.0000508 seconds
2017-06-06T12:48:01.001+0700: 8322.000: Total time for which application threads were stopped: 0.0001448 seconds, Stopping threads took: 0.0000373 seconds
2017-06-06T12:48:10.007+0700: 8331.006: Total time for which application threads were stopped: 0.0001880 seconds, Stopping threads took: 0.0000519 seconds
2017-06-06T12:48:10.243+0700: 8331.243: Total time for which application threads were stopped: 0.0414389 seconds, Stopping threads took: 0.0409435 seconds
2017-06-06T12:48:11.244+0700: 8332.243: Total time for which application threads were stopped: 0.0003981 seconds, Stopping threads took: 0.0001745 seconds
2017-06-06T12:48:16.247+0700: 8337.247: Total time for which application threads were stopped: 0.0001345 seconds, Stopping threads took: 0.0000275 seconds
2017-06-06T12:49:02.280+0700: 8383.279: Total time for which application threads were stopped: 0.0001826 seconds, Stopping threads took: 0.0000362 seconds
2017-06-06T12:54:34.516+0700: 8715.515: Total time for which application threads were stopped: 0.0002534 seconds, Stopping threads took: 0.0000578 seconds
2017-06-06T12:54:39.519+0700: 8720.519: Total time for which application threads were stopped: 0.0001545 seconds, Stopping threads took: 0.0000351 seconds
2017-06-06T12:54:40.520+0700: 8721.520: Total time for which application threads were stopped: 0.0001669 seconds, Stopping threads took: 0.0000384 seconds
2017-06-06T12:54:41.521+0700: 8722.520: Total time for which application threads were stopped: 0.0001983 seconds, Stopping threads took: 0.0000492 seconds
2017-06-06T12:54:42.522+0700: 8723.521: Total time for which application threads were stopped: 0.0001842 seconds, Stopping threads took: 0.0000335 seconds
{Heap before GC invocations=17 (full 1):
 par new generation   total 109248K, used 97736K [0x00000000e0000000, 0x00000000e8000000, 0x00000000e8000000)
  eden space 87424K,  99% used [0x00000000e0000000, 0x00000000e555cf88, 0x00000000e5560000)
  from space 21824K,  47% used [0x00000000e6ab0000, 0x00000000e74c50c0, 0x00000000e8000000)
  to   space 21824K,   0% used [0x00000000e5560000, 0x00000000e5560000, 0x00000000e6ab0000)
 concurrent mark-sweep generation total 393216K, used 14370K [0x00000000e8000000, 0x0000000100000000, 0x0000000100000000)
 Metaspace       used 38263K, capacity 39250K, committed 39396K, reserved 1083392K
  class space    used 4483K, capacity 4737K, committed 4836K, reserved 1048576K
2017-06-06T12:54:42.744+0700: 8723.743: [GC (Allocation Failure) 2017-06-06T12:54:42.744+0700: 8723.743: [ParNew
Desired survivor size 20112992 bytes, new threshold 8 (max 8)
- age   1:    2931896 bytes,    2931896 total
- age   2:    2911776 bytes,    5843672 total
- age   3:      76864 bytes,    5920536 total
- age   4:    2619376 bytes,    8539912 total
- age   5:    1071528 bytes,    9611440 total
- age   6:     135368 bytes,    9746808 total
- age   7:     122472 bytes,    9869280 total
- age   8:     261792 bytes,   10131072 total
: 97736K->13529K(109248K), 0.0441139 secs] 112106K->29038K(502464K), 0.0443041 secs] [Times: user=0.09 sys=0.01, real=0.04 secs] 
Heap after GC invocations=18 (full 1):
 par new generation   total 109248K, used 13529K [0x00000000e0000000, 0x00000000e8000000, 0x00000000e8000000)
  eden space 87424K,   0% used [0x00000000e0000000, 0x00000000e0000000, 0x00000000e5560000)
  from space 21824K,  61% used [0x00000000e5560000, 0x00000000e62967d8, 0x00000000e6ab0000)
  to   space 21824K,   0% used [0x00000000e6ab0000, 0x00000000e6ab0000, 0x00000000e8000000)
 concurrent mark-sweep generation total 393216K, used 15508K [0x00000000e8000000, 0x0000000100000000, 0x0000000100000000)
 Metaspace       used 38263K, capacity 39250K, committed 39396K, reserved 1083392K
  class space    used 4483K, capacity 4737K, committed 4836K, reserved 1048576K
}
2017-06-06T12:54:42.788+0700: 8723.787: Total time for which application threads were stopped: 0.0446498 seconds, Stopping threads took: 0.0000340 seconds
2017-06-06T12:54:42.792+0700: 8723.791: Total time for which application threads were stopped: 0.0002879 seconds, Stopping threads took: 0.0000621 seconds
{Heap before GC invocations=18 (full 1):
 par new generation   total 109248K, used 100943K [0x00000000e0000000, 0x00000000e8000000, 0x00000000e8000000)
  eden space 87424K,  99% used [0x00000000e0000000, 0x00000000e555d610, 0x00000000e5560000)
  from space 21824K,  61% used [0x00000000e5560000, 0x00000000e62967d8, 0x00000000e6ab0000)
  to   space 21824K,   0% used [0x00000000e6ab0000, 0x00000000e6ab0000, 0x00000000e8000000)
 concurrent mark-sweep generation total 393216K, used 15508K [0x00000000e8000000, 0x0000000100000000, 0x0000000100000000)
 Metaspace       used 38279K, capacity 39268K, committed 39396K, reserved 1083392K
  class space    used 4485K, capacity 4740K, committed 4836K, reserved 1048576K
2017-06-06T12:54:42.889+0700: 8723.889: [GC (Allocation Failure) 2017-06-06T12:54:42.889+0700: 8723.889: [ParNew
Desired survivor size 20112992 bytes, new threshold 8 (max 8)
- age   1:    1114608 bytes,    1114608 total
- age   2:    2372904 bytes,    3487512 total
- age   3:    2736512 bytes,    6224024 total
- age   4:      76864 bytes,    6300888 total
- age   5:    2619376 bytes,    8920264 total
- age   6:    1071528 bytes,    9991792 total
- age   7:     135368 bytes,   10127160 total
- age   8:     122472 bytes,   10249632 total
: 100943K->14107K(109248K), 0.0250375 secs] 116452K->29875K(502464K), 0.0251887 secs] [Times: user=0.11 sys=0.00, real=0.03 secs] 
Heap after GC invocations=19 (full 1):
 par new generation   total 109248K, used 14107K [0x00000000e0000000, 0x00000000e8000000, 0x00000000e8000000)
  eden space 87424K,   0% used [0x00000000e0000000, 0x00000000e0000000, 0x00000000e5560000)
  from space 21824K,  64% used [0x00000000e6ab0000, 0x00000000e7876db0, 0x00000000e8000000)
  to   space 21824K,   0% used [0x00000000e5560000, 0x00000000e5560000, 0x00000000e6ab0000)
 concurrent mark-sweep generation total 393216K, used 15768K [0x00000000e8000000, 0x0000000100000000, 0x0000000100000000)
 Metaspace       used 38279K, capacity 39268K, committed 39396K, reserved 1083392K
  class space    used 4485K, capacity 4740K, committed 4836K, reserved 1048576K
}
2017-06-06T12:54:42.915+0700: 8723.914: Total time for which application threads were stopped: 0.0255674 seconds, Stopping threads took: 0.0000330 seconds
{Heap before GC invocations=19 (full 1):
 par new generation   total 109248K, used 101531K [0x00000000e0000000, 0x00000000e8000000, 0x00000000e8000000)
  eden space 87424K, 100% used [0x00000000e0000000, 0x00000000e5560000, 0x00000000e5560000)
  from space 21824K,  64% used [0x00000000e6ab0000, 0x00000000e7876db0, 0x00000000e8000000)
  to   space 21824K,   0% used [0x00000000e5560000, 0x00000000e5560000, 0x00000000e6ab0000)
 concurrent mark-sweep generation total 393216K, used 15768K [0x00000000e8000000, 0x0000000100000000, 0x0000000100000000)
 Metaspace       used 38286K, capacity 39268K, committed 39396K, reserved 1083392K
  class space    used 4485K, capacity 4740K, committed 4836K, reserved 1048576K
2017-06-06T12:54:43.063+0700: 8724.063: [GC (Allocation Failure) 2017-06-06T12:54:43.063+0700: 8724.063: [ParNew
Desired survivor size 20112992 bytes, new threshold 8 (max 8)
- age   1:     443040 bytes,     443040 total
- age   2:     903064 bytes,    1346104 total
- age   3:    2363128 bytes,    3709232 total
- age   4:    2736512 bytes,    6445744 total
- age   5:      76864 bytes,    6522608 total
- age   6:    2619376 bytes,    9141984 total
- age   7:    1071528 bytes,   10213512 total
- age   8:     135368 bytes,   10348880 total
: 101531K->11619K(109248K), 0.0261827 secs] 117299K->27509K(502464K), 0.0263275 secs] [Times: user=0.11 sys=0.00, real=0.03 secs] 
Heap after GC invocations=20 (full 1):
 par new generation   total 109248K, used 11619K [0x00000000e0000000, 0x00000000e8000000, 0x00000000e8000000)
  eden space 87424K,   0% used [0x00000000e0000000, 0x00000000e0000000, 0x00000000e5560000)
  from space 21824K,  53% used [0x00000000e5560000, 0x00000000e60b8e88, 0x00000000e6ab0000)
  to   space 21824K,   0% used [0x00000000e6ab0000, 0x00000000e6ab0000, 0x00000000e8000000)
 concurrent mark-sweep generation total 393216K, used 15890K [0x00000000e8000000, 0x0000000100000000, 0x0000000100000000)
 Metaspace       used 38286K, capacity 39268K, committed 39396K, reserved 1083392K
  class space    used 4485K, capacity 4740K, committed 4836K, reserved 1048576K
}
2017-06-06T12:54:43.089+0700: 8724.089: Total time for which application threads were stopped: 0.0267164 seconds, Stopping threads took: 0.0000362 seconds
2017-06-06T12:54:44.090+0700: 8725.089: Total time for which application threads were stopped: 0.0002355 seconds, Stopping threads took: 0.0000513 seconds
2017-06-06T12:54:48.093+0700: 8729.092: Total time for which application threads were stopped: 0.0001880 seconds, Stopping threads took: 0.0000448 seconds
2017-06-06T12:54:48.102+0700: 8729.102: Total time for which application threads were stopped: 0.0001610 seconds, Stopping threads took: 0.0000400 seconds
2017-06-06T12:54:48.103+0700: 8729.103: Total time for which application threads were stopped: 0.0001156 seconds, Stopping threads took: 0.0000265 seconds
2017-06-06T12:54:48.581+0700: 8729.580: Total time for which application threads were stopped: 0.0001842 seconds, Stopping threads took: 0.0000324 seconds
2017-06-06T12:54:49.582+0700: 8730.581: Total time for which application threads were stopped: 0.0001793 seconds, Stopping threads took: 0.0000502 seconds
2017-06-06T12:54:50.582+0700: 8731.582: Total time for which application threads were stopped: 0.0001550 seconds, Stopping threads took: 0.0000308 seconds
2017-06-06T12:54:54.585+0700: 8735.585: Total time for which application threads were stopped: 0.0001864 seconds, Stopping threads took: 0.0000378 seconds
2017-06-06T12:55:30.191+0700: 8771.191: Total time for which application threads were stopped: 0.0001934 seconds, Stopping threads took: 0.0000475 seconds
2017-06-06T12:56:12.221+0700: 8813.221: Total time for which application threads were stopped: 0.0001642 seconds, Stopping threads took: 0.0000367 seconds
2017-06-06T12:56:14.223+0700: 8815.222: Total time for which application threads were stopped: 0.0001464 seconds, Stopping threads took: 0.0000308 seconds
2017-06-06T12:56:25.230+0700: 8826.230: Total time for which application threads were stopped: 0.0001772 seconds, Stopping threads took: 0.0000324 seconds
2017-06-06T12:58:32.324+0700: 8953.323: Total time for which application threads were stopped: 0.0002145 seconds, Stopping threads took: 0.0000438 seconds
2017-06-06T12:59:00.344+0700: 8981.343: Total time for which application threads were stopped: 0.0001642 seconds, Stopping threads took: 0.0000324 seconds
2017-06-06T12:59:58.385+0700: 9039.384: Total time for which application threads were stopped: 0.0002107 seconds, Stopping threads took: 0.0000416 seconds
2017-06-06T13:02:18.484+0700: 9179.483: Total time for which application threads were stopped: 0.0004295 seconds, Stopping threads took: 0.0000594 seconds
2017-06-06T13:02:19.695+0700: 9180.696: Total time for which application threads were stopped: 0.0002620 seconds, Stopping threads took: 0.0000513 seconds
2017-06-06T13:02:19.696+0700: 9180.696: Total time for which application threads were stopped: 0.0001853 seconds, Stopping threads took: 0.0000238 seconds
2017-06-06T13:02:19.696+0700: 9180.696: Total time for which application threads were stopped: 0.0001675 seconds, Stopping threads took: 0.0000205 seconds
2017-06-06T13:02:19.696+0700: 9180.696: Total time for which application threads were stopped: 0.0002031 seconds, Stopping threads took: 0.0000443 seconds
2017-06-06T13:02:19.697+0700: 9180.697: Total time for which application threads were stopped: 0.0002139 seconds, Stopping threads took: 0.0000216 seconds
2017-06-06T13:02:19.699+0700: 9180.699: Total time for which application threads were stopped: 0.0012198 seconds, Stopping threads took: 0.0010042 seconds
2017-06-06T13:02:19.699+0700: 9180.699: Total time for which application threads were stopped: 0.0001707 seconds, Stopping threads took: 0.0000286 seconds
2017-06-06T13:02:19.699+0700: 9180.699: Total time for which application threads were stopped: 0.0001583 seconds, Stopping threads took: 0.0000259 seconds
2017-06-06T13:02:19.700+0700: 9180.701: Total time for which application threads were stopped: 0.0011112 seconds, Stopping threads took: 0.0009097 seconds
2017-06-06T13:02:19.701+0700: 9180.701: Total time for which application threads were stopped: 0.0001718 seconds, Stopping threads took: 0.0000313 seconds
2017-06-06T13:02:19.702+0700: 9180.702: Total time for which application threads were stopped: 0.0011306 seconds, Stopping threads took: 0.0009297 seconds
2017-06-06T13:02:19.702+0700: 9180.702: Total time for which application threads were stopped: 0.0002074 seconds, Stopping threads took: 0.0000362 seconds
2017-06-06T13:02:19.704+0700: 9180.704: Total time for which application threads were stopped: 0.0017810 seconds, Stopping threads took: 0.0015730 seconds
2017-06-06T13:02:26.709+0700: 9187.709: Total time for which application threads were stopped: 0.0001923 seconds, Stopping threads took: 0.0000411 seconds
2017-06-06T13:07:05.908+0700: 9466.907: Total time for which application threads were stopped: 0.0002323 seconds, Stopping threads took: 0.0000486 seconds
2017-06-06T13:07:06.908+0700: 9467.908: Total time for which application threads were stopped: 0.0001675 seconds, Stopping threads took: 0.0000297 seconds
2017-06-06T13:07:07.909+0700: 9468.908: Total time for which application threads were stopped: 0.0001594 seconds, Stopping threads took: 0.0000313 seconds
2017-06-06T13:07:08.910+0700: 9469.909: Total time for which application threads were stopped: 0.0002398 seconds, Stopping threads took: 0.0000475 seconds
2017-06-06T13:07:53.323+0700: 9514.323: Total time for which application threads were stopped: 0.0002928 seconds, Stopping threads took: 0.0000675 seconds
2017-06-06T13:07:53.323+0700: 9514.323: Total time for which application threads were stopped: 0.0001642 seconds, Stopping threads took: 0.0000470 seconds
2017-06-06T13:07:53.325+0700: 9514.325: Total time for which application threads were stopped: 0.0002107 seconds, Stopping threads took: 0.0000583 seconds
2017-06-06T13:08:44.362+0700: 9565.361: Total time for which application threads were stopped: 0.0001864 seconds, Stopping threads took: 0.0000308 seconds
2017-06-06T13:10:51.452+0700: 9692.452: Total time for which application threads were stopped: 0.0001988 seconds, Stopping threads took: 0.0000405 seconds
2017-06-06T13:13:56.584+0700: 9877.583: Total time for which application threads were stopped: 0.0002263 seconds, Stopping threads took: 0.0000454 seconds
2017-06-06T13:26:47.171+0700: 10648.187: Total time for which application threads were stopped: 0.0004683 seconds, Stopping threads took: 0.0001831 seconds
2017-06-06T13:26:47.172+0700: 10648.187: Total time for which application threads were stopped: 0.0001588 seconds, Stopping threads took: 0.0000729 seconds
2017-06-06T13:26:48.706+0700: 10649.722: Total time for which application threads were stopped: 0.0013327 seconds, Stopping threads took: 0.0012138 seconds
2017-06-06T13:26:48.709+0700: 10649.724: Total time for which application threads were stopped: 0.0008141 seconds, Stopping threads took: 0.0007066 seconds
2017-06-06T13:26:48.710+0700: 10649.725: Total time for which application threads were stopped: 0.0001545 seconds, Stopping threads took: 0.0000513 seconds
2017-06-06T13:26:48.711+0700: 10649.726: Total time for which application threads were stopped: 0.0001253 seconds, Stopping threads took: 0.0000427 seconds
2017-06-06T13:26:48.835+0700: 10649.850: Total time for which application threads were stopped: 0.0002895 seconds, Stopping threads took: 0.0001502 seconds
2017-06-06T13:26:49.019+0700: 10650.034: Total time for which application threads were stopped: 0.1540640 seconds, Stopping threads took: 0.0000292 seconds
2017-06-06T13:26:50.174+0700: 10651.189: Total time for which application threads were stopped: 0.0002561 seconds, Stopping threads took: 0.0000459 seconds
2017-06-06T13:26:51.070+0700: 10652.086: Total time for which application threads were stopped: 0.0002631 seconds, Stopping threads took: 0.0000902 seconds
2017-06-06T13:26:51.071+0700: 10652.086: Total time for which application threads were stopped: 0.0001210 seconds, Stopping threads took: 0.0000216 seconds
2017-06-06T13:26:51.071+0700: 10652.086: Total time for which application threads were stopped: 0.0000967 seconds, Stopping threads took: 0.0000259 seconds
2017-06-06T13:26:51.270+0700: 10652.286: Total time for which application threads were stopped: 0.0002209 seconds, Stopping threads took: 0.0000340 seconds
2017-06-06T13:26:51.272+0700: 10652.288: Total time for which application threads were stopped: 0.0001772 seconds, Stopping threads took: 0.0000281 seconds
2017-06-06T13:26:51.276+0700: 10652.292: Total time for which application threads were stopped: 0.0002128 seconds, Stopping threads took: 0.0000313 seconds
2017-06-06T13:26:51.559+0700: 10652.574: Total time for which application threads were stopped: 0.0001696 seconds, Stopping threads took: 0.0000259 seconds
2017-06-06T13:26:51.559+0700: 10652.574: Total time for which application threads were stopped: 0.0000870 seconds, Stopping threads took: 0.0000124 seconds
2017-06-06T13:26:53.560+0700: 10654.575: Total time for which application threads were stopped: 0.0001766 seconds, Stopping threads took: 0.0000297 seconds
2017-06-06T13:26:56.531+0700: 10657.547: Total time for which application threads were stopped: 0.0002620 seconds, Stopping threads took: 0.0000551 seconds
2017-06-06T13:27:25.652+0700: 10686.667: Total time for which application threads were stopped: 0.0003695 seconds, Stopping threads took: 0.0001712 seconds
2017-06-06T13:27:25.655+0700: 10686.670: Total time for which application threads were stopped: 0.0001788 seconds, Stopping threads took: 0.0000275 seconds
2017-06-06T13:27:26.625+0700: 10687.640: Total time for which application threads were stopped: 0.0003479 seconds, Stopping threads took: 0.0000616 seconds
2017-06-06T13:27:26.964+0700: 10687.979: Total time for which application threads were stopped: 0.0003247 seconds, Stopping threads took: 0.0000481 seconds
2017-06-06T13:27:27.622+0700: 10688.637: Total time for which application threads were stopped: 0.0002085 seconds, Stopping threads took: 0.0000297 seconds
2017-06-06T13:27:27.677+0700: 10688.692: Total time for which application threads were stopped: 0.0002085 seconds, Stopping threads took: 0.0000324 seconds
2017-06-06T13:27:30.130+0700: 10691.146: Total time for which application threads were stopped: 0.0005170 seconds, Stopping threads took: 0.0000389 seconds
2017-06-06T13:27:30.191+0700: 10691.206: Total time for which application threads were stopped: 0.0002582 seconds, Stopping threads took: 0.0000286 seconds
2017-06-06T13:28:06.403+0700: 10727.418: Total time for which application threads were stopped: 0.0001513 seconds, Stopping threads took: 0.0000292 seconds
2017-06-06T13:28:06.403+0700: 10727.419: Total time for which application threads were stopped: 0.0001464 seconds, Stopping threads took: 0.0000411 seconds
2017-06-06T13:28:07.403+0700: 10728.419: Total time for which application threads were stopped: 0.0001464 seconds, Stopping threads took: 0.0000351 seconds
2017-06-06T13:33:53.472+0700: 11074.487: Total time for which application threads were stopped: 0.0002274 seconds, Stopping threads took: 0.0000389 seconds
2017-06-06T13:33:53.472+0700: 11074.488: Total time for which application threads were stopped: 0.0000805 seconds, Stopping threads took: 0.0000151 seconds
2017-06-06T13:33:53.472+0700: 11074.488: Total time for which application threads were stopped: 0.0000659 seconds, Stopping threads took: 0.0000108 seconds
2017-06-06T13:33:53.472+0700: 11074.488: Total time for which application threads were stopped: 0.0000621 seconds, Stopping threads took: 0.0000097 seconds
2017-06-06T13:33:53.472+0700: 11074.488: Total time for which application threads were stopped: 0.0000637 seconds, Stopping threads took: 0.0000103 seconds
2017-06-06T13:33:53.472+0700: 11074.488: Total time for which application threads were stopped: 0.0000627 seconds, Stopping threads took: 0.0000113 seconds
2017-06-06T13:33:53.472+0700: 11074.488: Total time for which application threads were stopped: 0.0000605 seconds, Stopping threads took: 0.0000092 seconds
2017-06-06T13:33:53.472+0700: 11074.488: Total time for which application threads were stopped: 0.0000621 seconds, Stopping threads took: 0.0000108 seconds
2017-06-06T13:33:53.472+0700: 11074.488: Total time for which application threads were stopped: 0.0000621 seconds, Stopping threads took: 0.0000108 seconds
2017-06-06T13:33:53.473+0700: 11074.488: Total time for which application threads were stopped: 0.0000637 seconds, Stopping threads took: 0.0000108 seconds
2017-06-06T13:33:53.473+0700: 11074.488: Total time for which application threads were stopped: 0.0000610 seconds, Stopping threads took: 0.0000097 seconds
2017-06-06T13:33:53.473+0700: 11074.488: Total time for which application threads were stopped: 0.0000621 seconds, Stopping threads took: 0.0000108 seconds
2017-06-06T13:33:53.473+0700: 11074.489: Total time for which application threads were stopped: 0.0000621 seconds, Stopping threads took: 0.0000108 seconds
2017-06-06T13:33:53.473+0700: 11074.489: Total time for which application threads were stopped: 0.0000610 seconds, Stopping threads took: 0.0000097 seconds
2017-06-06T13:33:53.473+0700: 11074.489: Total time for which application threads were stopped: 0.0000605 seconds, Stopping threads took: 0.0000092 seconds
2017-06-06T13:33:53.473+0700: 11074.489: Total time for which application threads were stopped: 0.0000783 seconds, Stopping threads took: 0.0000146 seconds
2017-06-06T13:33:53.473+0700: 11074.489: Total time for which application threads were stopped: 0.0000648 seconds, Stopping threads took: 0.0000108 seconds
2017-06-06T13:33:53.473+0700: 11074.489: Total time for which application threads were stopped: 0.0000643 seconds, Stopping threads took: 0.0000119 seconds
2017-06-06T13:33:53.473+0700: 11074.489: Total time for which application threads were stopped: 0.0000621 seconds, Stopping threads took: 0.0000113 seconds
2017-06-06T13:33:53.473+0700: 11074.489: Total time for which application threads were stopped: 0.0000621 seconds, Stopping threads took: 0.0000108 seconds
2017-06-06T13:33:53.474+0700: 11074.490: Total time for which application threads were stopped: 0.0003036 seconds, Stopping threads took: 0.0000108 seconds
2017-06-06T13:33:53.474+0700: 11074.490: Total time for which application threads were stopped: 0.0000789 seconds, Stopping threads took: 0.0000140 seconds
2017-06-06T13:33:53.476+0700: 11074.491: Total time for which application threads were stopped: 0.0000994 seconds, Stopping threads took: 0.0000238 seconds
2017-06-06T13:33:53.490+0700: 11074.506: Total time for which application threads were stopped: 0.0001615 seconds, Stopping threads took: 0.0000243 seconds
2017-06-06T13:33:53.493+0700: 11074.509: Total time for which application threads were stopped: 0.0001323 seconds, Stopping threads took: 0.0000221 seconds
2017-06-06T13:33:53.510+0700: 11074.526: Total time for which application threads were stopped: 0.0001469 seconds, Stopping threads took: 0.0000248 seconds
2017-06-06T13:33:53.593+0700: 11074.609: Total time for which application threads were stopped: 0.0008546 seconds, Stopping threads took: 0.0000238 seconds
2017-06-06T13:33:53.708+0700: 11074.723: Total time for which application threads were stopped: 0.0002717 seconds, Stopping threads took: 0.0000600 seconds
2017-06-06T13:33:53.711+0700: 11074.726: Total time for which application threads were stopped: 0.0001556 seconds, Stopping threads took: 0.0000303 seconds
2017-06-06T13:33:53.713+0700: 11074.728: Total time for which application threads were stopped: 0.0001847 seconds, Stopping threads took: 0.0000378 seconds
2017-06-06T13:33:53.741+0700: 11074.756: Total time for which application threads were stopped: 0.0001577 seconds, Stopping threads took: 0.0000265 seconds
2017-06-06T13:33:53.757+0700: 11074.772: Total time for which application threads were stopped: 0.0001302 seconds, Stopping threads took: 0.0000227 seconds
2017-06-06T13:33:53.777+0700: 11074.792: Total time for which application threads were stopped: 0.0001469 seconds, Stopping threads took: 0.0000254 seconds
2017-06-06T13:33:53.782+0700: 11074.797: Total time for which application threads were stopped: 0.0001323 seconds, Stopping threads took: 0.0000238 seconds
2017-06-06T13:33:53.798+0700: 11074.813: Total time for which application threads were stopped: 0.0001448 seconds, Stopping threads took: 0.0000248 seconds
2017-06-06T13:33:53.800+0700: 11074.815: Total time for which application threads were stopped: 0.0001124 seconds, Stopping threads took: 0.0000184 seconds
2017-06-06T13:33:53.818+0700: 11074.833: Total time for which application threads were stopped: 0.0001518 seconds, Stopping threads took: 0.0000270 seconds
2017-06-06T13:33:53.929+0700: 11074.944: Total time for which application threads were stopped: 0.0008260 seconds, Stopping threads took: 0.0000275 seconds
2017-06-06T13:33:53.934+0700: 11074.950: Total time for which application threads were stopped: 0.0001345 seconds, Stopping threads took: 0.0000232 seconds
2017-06-06T13:33:53.951+0700: 11074.966: Total time for which application threads were stopped: 0.0001459 seconds, Stopping threads took: 0.0000243 seconds
2017-06-06T13:33:54.045+0700: 11075.061: Total time for which application threads were stopped: 0.0003090 seconds, Stopping threads took: 0.0000238 seconds
2017-06-06T13:33:54.058+0700: 11075.073: Total time for which application threads were stopped: 0.0001448 seconds, Stopping threads took: 0.0000254 seconds
2017-06-06T13:33:54.069+0700: 11075.084: Total time for which application threads were stopped: 0.0001518 seconds, Stopping threads took: 0.0000254 seconds
2017-06-06T13:33:54.153+0700: 11075.168: Total time for which application threads were stopped: 0.0001421 seconds, Stopping threads took: 0.0000275 seconds
2017-06-06T13:33:54.203+0700: 11075.218: Total time for which application threads were stopped: 0.0001453 seconds, Stopping threads took: 0.0000248 seconds
2017-06-06T13:33:54.215+0700: 11075.230: Total time for which application threads were stopped: 0.0001437 seconds, Stopping threads took: 0.0000243 seconds
2017-06-06T13:33:54.409+0700: 11075.424: Total time for which application threads were stopped: 0.0001680 seconds, Stopping threads took: 0.0000248 seconds
2017-06-06T13:33:54.532+0700: 11075.547: Total time for which application threads were stopped: 0.0001410 seconds, Stopping threads took: 0.0000248 seconds
2017-06-06T13:33:54.596+0700: 11075.611: Total time for which application threads were stopped: 0.0007179 seconds, Stopping threads took: 0.0000232 seconds
2017-06-06T13:33:54.629+0700: 11075.645: Total time for which application threads were stopped: 0.0001718 seconds, Stopping threads took: 0.0000238 seconds
{Heap before GC invocations=20 (full 1):
 par new generation   total 109248K, used 99043K [0x00000000e0000000, 0x00000000e8000000, 0x00000000e8000000)
  eden space 87424K, 100% used [0x00000000e0000000, 0x00000000e5560000, 0x00000000e5560000)
  from space 21824K,  53% used [0x00000000e5560000, 0x00000000e60b8e88, 0x00000000e6ab0000)
  to   space 21824K,   0% used [0x00000000e6ab0000, 0x00000000e6ab0000, 0x00000000e8000000)
 concurrent mark-sweep generation total 393216K, used 15890K [0x00000000e8000000, 0x0000000100000000, 0x0000000100000000)
 Metaspace       used 40644K, capacity 41696K, committed 41836K, reserved 1085440K
  class space    used 4722K, capacity 5014K, committed 5092K, reserved 1048576K
2017-06-06T13:33:54.689+0700: 11075.705: [GC (Allocation Failure) 2017-06-06T13:33:54.689+0700: 11075.705: [ParNew
Desired survivor size 20112992 bytes, new threshold 8 (max 8)
- age   1:    7619040 bytes,    7619040 total
- age   2:     125176 bytes,    7744216 total
- age   3:     138464 bytes,    7882680 total
- age   4:    2013808 bytes,    9896488 total
- age   5:    2731896 bytes,   12628384 total
- age   6:      76768 bytes,   12705152 total
- age   7:    2614816 bytes,   15319968 total
- age   8:    1070968 bytes,   16390936 total
: 99043K->21824K(109248K), 0.0559766 secs] 114933K->37849K(502464K), 0.0560916 secs] [Times: user=0.13 sys=0.00, real=0.06 secs] 
Heap after GC invocations=21 (full 1):
 par new generation   total 109248K, used 21824K [0x00000000e0000000, 0x00000000e8000000, 0x00000000e8000000)
  eden space 87424K,   0% used [0x00000000e0000000, 0x00000000e0000000, 0x00000000e5560000)
  from space 21824K, 100% used [0x00000000e6ab0000, 0x00000000e8000000, 0x00000000e8000000)
  to   space 21824K,   0% used [0x00000000e5560000, 0x00000000e5560000, 0x00000000e6ab0000)
 concurrent mark-sweep generation total 393216K, used 16025K [0x00000000e8000000, 0x0000000100000000, 0x0000000100000000)
 Metaspace       used 40644K, capacity 41696K, committed 41836K, reserved 1085440K
  class space    used 4722K, capacity 5014K, committed 5092K, reserved 1048576K
}
2017-06-06T13:33:54.745+0700: 11075.761: Total time for which application threads were stopped: 0.0563860 seconds, Stopping threads took: 0.0000232 seconds
2017-06-06T13:33:54.745+0700: 11075.761: [GC (CMS Initial Mark) [1 CMS-initial-mark: 16025K(393216K)] 38121K(502464K), 0.0063478 secs] [Times: user=0.00 sys=0.00, real=0.01 secs] 
2017-06-06T13:33:54.752+0700: 11075.767: Total time for which application threads were stopped: 0.0065531 seconds, Stopping threads took: 0.0000238 seconds
2017-06-06T13:33:54.752+0700: 11075.767: [CMS-concurrent-mark-start]
2017-06-06T13:33:54.821+0700: 11075.837: [CMS-concurrent-mark: 0.069/0.069 secs] [Times: user=0.08 sys=0.00, real=0.07 secs] 
2017-06-06T13:33:54.821+0700: 11075.837: [CMS-concurrent-preclean-start]
2017-06-06T13:33:54.823+0700: 11075.839: [CMS-concurrent-preclean: 0.002/0.002 secs] [Times: user=0.00 sys=0.00, real=0.00 secs] 
2017-06-06T13:33:54.823+0700: 11075.839: [GC (CMS Final Remark) [YG occupancy: 23185 K (109248 K)]{Heap before GC invocations=21 (full 2):
 par new generation   total 109248K, used 23185K [0x00000000e0000000, 0x00000000e8000000, 0x00000000e8000000)
  eden space 87424K,   1% used [0x00000000e0000000, 0x00000000e0154760, 0x00000000e5560000)
  from space 21824K, 100% used [0x00000000e6ab0000, 0x00000000e8000000, 0x00000000e8000000)
  to   space 21824K,   0% used [0x00000000e5560000, 0x00000000e5560000, 0x00000000e6ab0000)
 concurrent mark-sweep generation total 393216K, used 16025K [0x00000000e8000000, 0x0000000100000000, 0x0000000100000000)
 Metaspace       used 40735K, capacity 41856K, committed 41912K, reserved 1085440K
  class space    used 4733K, capacity 5046K, committed 5092K, reserved 1048576K
2017-06-06T13:33:54.824+0700: 11075.839: [GC (CMS Final Remark) 2017-06-06T13:33:54.824+0700: 11075.839: [ParNew
Desired survivor size 20112992 bytes, new threshold 8 (max 8)
- age   1:      96664 bytes,      96664 total
- age   2:    5506296 bytes,    5602960 total
- age   3:     125176 bytes,    5728136 total
- age   4:     138224 bytes,    5866360 total
- age   5:    1988432 bytes,    7854792 total
- age   6:    2731896 bytes,   10586688 total
- age   7:      76768 bytes,   10663456 total
- age   8:    2614816 bytes,   13278272 total
: 23185K->16440K(109248K), 0.0297939 secs] 39211K->33518K(502464K), 0.0298690 secs] [Times: user=0.13 sys=0.00, real=0.03 secs] 
Heap after GC invocations=22 (full 2):
 par new generation   total 109248K, used 16440K [0x00000000e0000000, 0x00000000e8000000, 0x00000000e8000000)
  eden space 87424K,   0% used [0x00000000e0000000, 0x00000000e0000000, 0x00000000e5560000)
  from space 21824K,  75% used [0x00000000e5560000, 0x00000000e656e200, 0x00000000e6ab0000)
  to   space 21824K,   0% used [0x00000000e6ab0000, 0x00000000e6ab0000, 0x00000000e8000000)
 concurrent mark-sweep generation total 393216K, used 17078K [0x00000000e8000000, 0x0000000100000000, 0x0000000100000000)
 Metaspace       used 40735K, capacity 41856K, committed 41912K, reserved 1085440K
  class space    used 4733K, capacity 5046K, committed 5092K, reserved 1048576K
}
2017-06-06T13:33:54.854+0700: 11075.869: [Rescan (parallel) , 0.0075109 secs]2017-06-06T13:33:54.861+0700: 11075.877: [weak refs processing, 0.0013402 secs]2017-06-06T13:33:54.862+0700: 11075.878: [class unloading, 0.0144524 secs]2017-06-06T13:33:54.877+0700: 11075.893: [scrub symbol table, 0.0096160 secs]2017-06-06T13:33:54.887+0700: 11075.902: [scrub string table, 0.0009556 secs][1 CMS-remark: 17078K(393216K)] 33518K(502464K), 0.0658281 secs] [Times: user=0.16 sys=0.00, real=0.07 secs] 
2017-06-06T13:33:54.889+0700: 11075.905: Total time for which application threads were stopped: 0.0660490 seconds, Stopping threads took: 0.0000497 seconds
2017-06-06T13:33:54.889+0700: 11075.905: [CMS-concurrent-sweep-start]
2017-06-06T13:33:54.899+0700: 11075.915: [CMS-concurrent-sweep: 0.010/0.010 secs] [Times: user=0.01 sys=0.00, real=0.01 secs] 
2017-06-06T13:33:54.899+0700: 11075.915: [CMS-concurrent-reset-start]
2017-06-06T13:33:54.901+0700: 11075.916: [CMS-concurrent-reset: 0.001/0.001 secs] [Times: user=0.00 sys=0.00, real=0.00 secs] 
2017-06-06T13:33:54.912+0700: 11075.928: Total time for which application threads were stopped: 0.0002852 seconds, Stopping threads took: 0.0000265 seconds
2017-06-06T13:33:55.719+0700: 11076.734: Total time for which application threads were stopped: 0.0008486 seconds, Stopping threads took: 0.0000265 seconds
2017-06-06T13:33:55.763+0700: 11076.778: Total time for which application threads were stopped: 0.0002906 seconds, Stopping threads took: 0.0000513 seconds
2017-06-06T13:33:56.220+0700: 11077.236: Total time for which application threads were stopped: 0.0002814 seconds, Stopping threads took: 0.0000470 seconds
2017-06-06T13:33:56.221+0700: 11077.236: Total time for which application threads were stopped: 0.0001183 seconds, Stopping threads took: 0.0000243 seconds
2017-06-06T13:33:56.356+0700: 11077.371: Total time for which application threads were stopped: 0.0034670 seconds, Stopping threads took: 0.0032233 seconds
2017-06-06T13:33:56.357+0700: 11077.373: Total time for which application threads were stopped: 0.0002793 seconds, Stopping threads took: 0.0000492 seconds
2017-06-06T13:33:56.357+0700: 11077.373: Total time for which application threads were stopped: 0.0002242 seconds, Stopping threads took: 0.0000389 seconds
2017-06-06T13:33:56.358+0700: 11077.374: Total time for which application threads were stopped: 0.0002285 seconds, Stopping threads took: 0.0000524 seconds
2017-06-06T13:33:56.359+0700: 11077.375: Total time for which application threads were stopped: 0.0002804 seconds, Stopping threads took: 0.0000735 seconds
{Heap before GC invocations=22 (full 2):
 par new generation   total 109248K, used 103864K [0x00000000e0000000, 0x00000000e8000000, 0x00000000e8000000)
  eden space 87424K, 100% used [0x00000000e0000000, 0x00000000e5560000, 0x00000000e5560000)
  from space 21824K,  75% used [0x00000000e5560000, 0x00000000e656e200, 0x00000000e6ab0000)
  to   space 21824K,   0% used [0x00000000e6ab0000, 0x00000000e6ab0000, 0x00000000e8000000)
 concurrent mark-sweep generation total 393216K, used 15817K [0x00000000e8000000, 0x0000000100000000, 0x0000000100000000)
 Metaspace       used 41636K, capacity 42630K, committed 43064K, reserved 1087488K
  class space    used 4852K, capacity 5115K, committed 5220K, reserved 1048576K
2017-06-06T13:33:56.405+0700: 11077.421: [GC (Allocation Failure) 2017-06-06T13:33:56.405+0700: 11077.421: [ParNew
Desired survivor size 20112992 bytes, new threshold 8 (max 8)
- age   1:    3704544 bytes,    3704544 total
- age   2:      18672 bytes,    3723216 total
- age   3:    5306752 bytes,    9029968 total
- age   4:     125176 bytes,    9155144 total
- age   5:     138000 bytes,    9293144 total
- age   6:    1970000 bytes,   11263144 total
- age   7:    2315032 bytes,   13578176 total
- age   8:      76472 bytes,   13654648 total
: 103864K->17670K(109248K), 0.0315922 secs] 119681K->36329K(502464K), 0.0317402 secs] [Times: user=0.13 sys=0.00, real=0.03 secs] 
Heap after GC invocations=23 (full 2):
 par new generation   total 109248K, used 17670K [0x00000000e0000000, 0x00000000e8000000, 0x00000000e8000000)
  eden space 87424K,   0% used [0x00000000e0000000, 0x00000000e0000000, 0x00000000e5560000)
  from space 21824K,  80% used [0x00000000e6ab0000, 0x00000000e7bf1a70, 0x00000000e8000000)
  to   space 21824K,   0% used [0x00000000e5560000, 0x00000000e5560000, 0x00000000e6ab0000)
 concurrent mark-sweep generation total 393216K, used 18659K [0x00000000e8000000, 0x0000000100000000, 0x0000000100000000)
 Metaspace       used 41636K, capacity 42630K, committed 43064K, reserved 1087488K
  class space    used 4852K, capacity 5115K, committed 5220K, reserved 1048576K
}
2017-06-06T13:33:56.437+0700: 11077.453: Total time for which application threads were stopped: 0.0339150 seconds, Stopping threads took: 0.0017324 seconds
2017-06-06T13:33:56.569+0700: 11077.584: Total time for which application threads were stopped: 0.0115413 seconds, Stopping threads took: 0.0113452 seconds
{Heap before GC invocations=23 (full 2):
 par new generation   total 109248K, used 105094K [0x00000000e0000000, 0x00000000e8000000, 0x00000000e8000000)
  eden space 87424K, 100% used [0x00000000e0000000, 0x00000000e5560000, 0x00000000e5560000)
  from space 21824K,  80% used [0x00000000e6ab0000, 0x00000000e7bf1a70, 0x00000000e8000000)
  to   space 21824K,   0% used [0x00000000e5560000, 0x00000000e5560000, 0x00000000e6ab0000)
 concurrent mark-sweep generation total 393216K, used 18659K [0x00000000e8000000, 0x0000000100000000, 0x0000000100000000)
 Metaspace       used 41734K, capacity 42814K, committed 43064K, reserved 1087488K
  class space    used 4862K, capacity 5151K, committed 5220K, reserved 1048576K
2017-06-06T13:33:56.576+0700: 11077.591: [GC (Allocation Failure) 2017-06-06T13:33:56.577+0700: 11077.591: [ParNew
Desired survivor size 20112992 bytes, new threshold 8 (max 8)
- age   1:     671064 bytes,     671064 total
- age   2:    2881968 bytes,    3553032 total
- age   3:      18672 bytes,    3571704 total
- age   4:    5306384 bytes,    8878088 total
- age   5:     125176 bytes,    9003264 total
- age   6:     138000 bytes,    9141264 total
- age   7:    1970000 bytes,   11111264 total
- age   8:    2314392 bytes,   13425656 total
: 105094K->17877K(109248K), 0.0231176 secs] 123753K->36613K(502464K), 0.0232662 secs] [Times: user=0.09 sys=0.00, real=0.02 secs] 
Heap after GC invocations=24 (full 2):
 par new generation   total 109248K, used 17877K [0x00000000e0000000, 0x00000000e8000000, 0x00000000e8000000)
  eden space 87424K,   0% used [0x00000000e0000000, 0x00000000e0000000, 0x00000000e5560000)
  from space 21824K,  81% used [0x00000000e5560000, 0x00000000e66d5580, 0x00000000e6ab0000)
  to   space 21824K,   0% used [0x00000000e6ab0000, 0x00000000e6ab0000, 0x00000000e8000000)
 concurrent mark-sweep generation total 393216K, used 18736K [0x00000000e8000000, 0x0000000100000000, 0x0000000100000000)
 Metaspace       used 41734K, capacity 42814K, committed 43064K, reserved 1087488K
  class space    used 4862K, capacity 5151K, committed 5220K, reserved 1048576K
}
2017-06-06T13:33:56.600+0700: 11077.615: Total time for which application threads were stopped: 0.0237183 seconds, Stopping threads took: 0.0000594 seconds
2017-06-06T13:33:56.731+0700: 11077.746: Total time for which application threads were stopped: 0.0010588 seconds, Stopping threads took: 0.0000438 seconds
2017-06-06T13:33:56.734+0700: 11077.749: Total time for which application threads were stopped: 0.0010361 seconds, Stopping threads took: 0.0000670 seconds
{Heap before GC invocations=24 (full 2):
 par new generation   total 109248K, used 105301K [0x00000000e0000000, 0x00000000e8000000, 0x00000000e8000000)
  eden space 87424K, 100% used [0x00000000e0000000, 0x00000000e5560000, 0x00000000e5560000)
  from space 21824K,  81% used [0x00000000e5560000, 0x00000000e66d5580, 0x00000000e6ab0000)
  to   space 21824K,   0% used [0x00000000e6ab0000, 0x00000000e6ab0000, 0x00000000e8000000)
 concurrent mark-sweep generation total 393216K, used 18736K [0x00000000e8000000, 0x0000000100000000, 0x0000000100000000)
 Metaspace       used 41858K, capacity 42886K, committed 43064K, reserved 1087488K
  class space    used 4877K, capacity 5153K, committed 5220K, reserved 1048576K
2017-06-06T13:33:56.742+0700: 11077.757: [GC (Allocation Failure) 2017-06-06T13:33:56.742+0700: 11077.757: [ParNew
Desired survivor size 20112992 bytes, new threshold 8 (max 8)
- age   1:    3707216 bytes,    3707216 total
- age   2:     112264 bytes,    3819480 total
- age   3:    2876504 bytes,    6695984 total
- age   4:      18672 bytes,    6714656 total
- age   5:    5306520 bytes,   12021176 total
- age   6:     125176 bytes,   12146352 total
- age   7:     138000 bytes,   12284352 total
- age   8:    1970000 bytes,   14254352 total
: 105301K->19433K(109248K), 0.0252433 secs] 124037K->40439K(502464K), 0.0256506 secs] [Times: user=0.06 sys=0.00, real=0.03 secs] 
Heap after GC invocations=25 (full 2):
 par new generation   total 109248K, used 19433K [0x00000000e0000000, 0x00000000e8000000, 0x00000000e8000000)
  eden space 87424K,   0% used [0x00000000e0000000, 0x00000000e0000000, 0x00000000e5560000)
  from space 21824K,  89% used [0x00000000e6ab0000, 0x00000000e7daa610, 0x00000000e8000000)
  to   space 21824K,   0% used [0x00000000e5560000, 0x00000000e5560000, 0x00000000e6ab0000)
 concurrent mark-sweep generation total 393216K, used 21006K [0x00000000e8000000, 0x0000000100000000, 0x0000000100000000)
 Metaspace       used 41858K, capacity 42886K, committed 43064K, reserved 1087488K
  class space    used 4877K, capacity 5153K, committed 5220K, reserved 1048576K
}
2017-06-06T13:33:56.768+0700: 11077.783: Total time for which application threads were stopped: 0.0261649 seconds, Stopping threads took: 0.0000735 seconds
2017-06-06T13:33:56.785+0700: 11077.801: Total time for which application threads were stopped: 0.0003106 seconds, Stopping threads took: 0.0001313 seconds
2017-06-06T13:33:56.801+0700: 11077.816: Total time for which application threads were stopped: 0.0010539 seconds, Stopping threads took: 0.0000713 seconds
2017-06-06T13:33:56.804+0700: 11077.820: Total time for which application threads were stopped: 0.0010231 seconds, Stopping threads took: 0.0000643 seconds
2017-06-06T13:33:56.912+0700: 11077.927: Total time for which application threads were stopped: 0.0002528 seconds, Stopping threads took: 0.0000421 seconds
2017-06-06T13:33:57.004+0700: 11078.019: Total time for which application threads were stopped: 0.0001988 seconds, Stopping threads took: 0.0000448 seconds
2017-06-06T13:33:57.011+0700: 11078.026: Total time for which application threads were stopped: 0.0010280 seconds, Stopping threads took: 0.0000459 seconds
2017-06-06T13:33:57.398+0700: 11078.413: Total time for which application threads were stopped: 0.0002080 seconds, Stopping threads took: 0.0000324 seconds
2017-06-06T13:33:57.398+0700: 11078.414: Total time for which application threads were stopped: 0.0002928 seconds, Stopping threads took: 0.0001658 seconds
2017-06-06T13:33:57.399+0700: 11078.414: Total time for which application threads were stopped: 0.0001615 seconds, Stopping threads took: 0.0000519 seconds
2017-06-06T13:33:57.399+0700: 11078.414: Total time for which application threads were stopped: 0.0001178 seconds, Stopping threads took: 0.0000432 seconds
2017-06-06T13:33:57.399+0700: 11078.414: Total time for which application threads were stopped: 0.0001264 seconds, Stopping threads took: 0.0000357 seconds
2017-06-06T13:33:57.401+0700: 11078.416: Total time for which application threads were stopped: 0.0001966 seconds, Stopping threads took: 0.0000546 seconds
2017-06-06T13:33:57.405+0700: 11078.420: Total time for which application threads were stopped: 0.0014764 seconds, Stopping threads took: 0.0011792 seconds
2017-06-06T13:33:57.406+0700: 11078.422: Total time for which application threads were stopped: 0.0002118 seconds, Stopping threads took: 0.0000351 seconds
2017-06-06T13:33:57.408+0700: 11078.423: Total time for which application threads were stopped: 0.0009675 seconds, Stopping threads took: 0.0007757 seconds
2017-06-06T13:33:57.412+0700: 11078.427: Total time for which application threads were stopped: 0.0003058 seconds, Stopping threads took: 0.0000886 seconds
2017-06-06T13:33:57.413+0700: 11078.428: Total time for which application threads were stopped: 0.0002274 seconds, Stopping threads took: 0.0000411 seconds
2017-06-06T13:33:57.413+0700: 11078.429: Total time for which application threads were stopped: 0.0002020 seconds, Stopping threads took: 0.0000362 seconds
2017-06-06T13:33:57.424+0700: 11078.440: Total time for which application threads were stopped: 0.0001977 seconds, Stopping threads took: 0.0000313 seconds
2017-06-06T13:33:57.438+0700: 11078.453: Total time for which application threads were stopped: 0.0002172 seconds, Stopping threads took: 0.0000340 seconds
2017-06-06T13:33:57.504+0700: 11078.520: Total time for which application threads were stopped: 0.0002112 seconds, Stopping threads took: 0.0000275 seconds
2017-06-06T13:33:57.505+0700: 11078.520: Total time for which application threads were stopped: 0.0001588 seconds, Stopping threads took: 0.0000238 seconds
2017-06-06T13:33:57.557+0700: 11078.573: Total time for which application threads were stopped: 0.0001734 seconds, Stopping threads took: 0.0000248 seconds
2017-06-06T13:33:58.558+0700: 11079.573: Total time for which application threads were stopped: 0.0001810 seconds, Stopping threads took: 0.0000427 seconds
2017-06-06T13:33:58.660+0700: 11079.675: Total time for which application threads were stopped: 0.0001637 seconds, Stopping threads took: 0.0000373 seconds
2017-06-06T13:33:58.673+0700: 11079.688: Total time for which application threads were stopped: 0.0001513 seconds, Stopping threads took: 0.0000259 seconds
2017-06-06T13:33:58.677+0700: 11079.692: Total time for which application threads were stopped: 0.0007892 seconds, Stopping threads took: 0.0000211 seconds
2017-06-06T13:33:58.716+0700: 11079.731: Total time for which application threads were stopped: 0.0008373 seconds, Stopping threads took: 0.0000254 seconds
2017-06-06T13:33:58.754+0700: 11079.769: Total time for which application threads were stopped: 0.0001820 seconds, Stopping threads took: 0.0000221 seconds
2017-06-06T13:33:58.754+0700: 11079.770: Total time for which application threads were stopped: 0.0001388 seconds, Stopping threads took: 0.0000184 seconds
2017-06-06T13:33:58.754+0700: 11079.770: Total time for which application threads were stopped: 0.0001026 seconds, Stopping threads took: 0.0000270 seconds
2017-06-06T13:33:58.764+0700: 11079.780: Total time for which application threads were stopped: 0.0003101 seconds, Stopping threads took: 0.0001102 seconds
2017-06-06T13:33:58.767+0700: 11079.783: Total time for which application threads were stopped: 0.0001518 seconds, Stopping threads took: 0.0000265 seconds
2017-06-06T13:33:58.767+0700: 11079.783: Total time for which application threads were stopped: 0.0000913 seconds, Stopping threads took: 0.0000151 seconds
2017-06-06T13:33:58.767+0700: 11079.783: Total time for which application threads were stopped: 0.0000891 seconds, Stopping threads took: 0.0000146 seconds
2017-06-06T13:33:58.767+0700: 11079.783: Total time for which application threads were stopped: 0.0000789 seconds, Stopping threads took: 0.0000119 seconds
2017-06-06T13:33:59.769+0700: 11080.784: Total time for which application threads were stopped: 0.0001680 seconds, Stopping threads took: 0.0000330 seconds
{Heap before GC invocations=25 (full 2):
 par new generation   total 109248K, used 106857K [0x00000000e0000000, 0x00000000e8000000, 0x00000000e8000000)
  eden space 87424K, 100% used [0x00000000e0000000, 0x00000000e5560000, 0x00000000e5560000)
  from space 21824K,  89% used [0x00000000e6ab0000, 0x00000000e7daa610, 0x00000000e8000000)
  to   space 21824K,   0% used [0x00000000e5560000, 0x00000000e5560000, 0x00000000e6ab0000)
 concurrent mark-sweep generation total 393216K, used 21006K [0x00000000e8000000, 0x0000000100000000, 0x0000000100000000)
 Metaspace       used 42610K, capacity 43632K, committed 43960K, reserved 1087488K
  class space    used 4965K, capacity 5250K, committed 5348K, reserved 1048576K
2017-06-06T13:34:16.077+0700: 11097.093: [GC (Allocation Failure) 2017-06-06T13:34:16.077+0700: 11097.093: [ParNew
Desired survivor size 20112992 bytes, new threshold 8 (max 8)
- age   1:    1948216 bytes,    1948216 total
- age   2:    2366408 bytes,    4314624 total
- age   3:      91288 bytes,    4405912 total
- age   4:    1709640 bytes,    6115552 total
- age   5:      18672 bytes,    6134224 total
- age   6:    5277000 bytes,   11411224 total
- age   7:     125176 bytes,   11536400 total
- age   8:     138000 bytes,   11674400 total
: 106857K->14435K(109248K), 0.0200693 secs] 127863K->37377K(502464K), 0.0202006 secs] [Times: user=0.06 sys=0.00, real=0.02 secs] 
Heap after GC invocations=26 (full 2):
 par new generation   total 109248K, used 14435K [0x00000000e0000000, 0x00000000e8000000, 0x00000000e8000000)
  eden space 87424K,   0% used [0x00000000e0000000, 0x00000000e0000000, 0x00000000e5560000)
  from space 21824K,  66% used [0x00000000e5560000, 0x00000000e6378e10, 0x00000000e6ab0000)
  to   space 21824K,   0% used [0x00000000e6ab0000, 0x00000000e6ab0000, 0x00000000e8000000)
 concurrent mark-sweep generation total 393216K, used 22941K [0x00000000e8000000, 0x0000000100000000, 0x0000000100000000)
 Metaspace       used 42610K, capacity 43632K, committed 43960K, reserved 1087488K
  class space    used 4965K, capacity 5250K, committed 5348K, reserved 1048576K
}
2017-06-06T13:34:16.097+0700: 11097.113: Total time for which application threads were stopped: 0.0204977 seconds, Stopping threads took: 0.0000346 seconds
2017-06-06T13:34:41.605+0700: 11122.620: Total time for which application threads were stopped: 0.0001993 seconds, Stopping threads took: 0.0000492 seconds
2017-06-06T13:34:41.605+0700: 11122.620: Total time for which application threads were stopped: 0.0001410 seconds, Stopping threads took: 0.0000216 seconds
2017-06-06T13:34:41.606+0700: 11122.621: Total time for which application threads were stopped: 0.0001464 seconds, Stopping threads took: 0.0000421 seconds
2017-06-06T13:36:50.697+0700: 11251.712: Total time for which application threads were stopped: 0.0002523 seconds, Stopping threads took: 0.0000573 seconds
2017-06-06T13:38:58.212+0700: 11379.228: Total time for which application threads were stopped: 0.0002253 seconds, Stopping threads took: 0.0000394 seconds
2017-06-06T13:38:59.213+0700: 11380.228: Total time for which application threads were stopped: 0.0002220 seconds, Stopping threads took: 0.0000475 seconds
2017-06-06T13:49:12.645+0700: 11993.660: Total time for which application threads were stopped: 0.0002226 seconds, Stopping threads took: 0.0000465 seconds
2017-06-06T14:15:57.781+0700: 13598.796: Total time for which application threads were stopped: 0.0002625 seconds, Stopping threads took: 0.0000546 seconds
2017-06-06T14:16:17.795+0700: 13618.810: Total time for which application threads were stopped: 0.0002242 seconds, Stopping threads took: 0.0000502 seconds
2017-06-06T14:21:33.301+0700: 13934.316: Total time for which application threads were stopped: 0.0002890 seconds, Stopping threads took: 0.0000502 seconds
2017-06-06T14:21:33.301+0700: 13934.317: Total time for which application threads were stopped: 0.0001199 seconds, Stopping threads took: 0.0000184 seconds
2017-06-06T14:22:30.810+0700: 13991.825: Total time for which application threads were stopped: 0.0002350 seconds, Stopping threads took: 0.0000351 seconds
2017-06-06T14:22:30.873+0700: 13991.888: Total time for which application threads were stopped: 0.0002080 seconds, Stopping threads took: 0.0000373 seconds
2017-06-06T14:22:31.873+0700: 13992.889: Total time for which application threads were stopped: 0.0001448 seconds, Stopping threads took: 0.0000351 seconds
2017-06-06T14:22:38.685+0700: 13999.700: Total time for which application threads were stopped: 0.0001615 seconds, Stopping threads took: 0.0000324 seconds
2017-06-06T14:22:39.686+0700: 14000.701: Total time for which application threads were stopped: 0.0001415 seconds, Stopping threads took: 0.0000303 seconds
2017-06-06T14:23:22.009+0700: 14043.024: Total time for which application threads were stopped: 0.0002091 seconds, Stopping threads took: 0.0000454 seconds
2017-06-06T14:23:22.009+0700: 14043.025: Total time for which application threads were stopped: 0.0001151 seconds, Stopping threads took: 0.0000508 seconds
2017-06-06T14:24:25.754+0700: 14106.770: Total time for which application threads were stopped: 0.0002507 seconds, Stopping threads took: 0.0000724 seconds
2017-06-06T14:24:25.755+0700: 14106.770: Total time for which application threads were stopped: 0.0002064 seconds, Stopping threads took: 0.0000648 seconds
2017-06-06T14:24:26.756+0700: 14107.771: Total time for which application threads were stopped: 0.0001631 se